Archive member included to satisfy reference by file (symbol)

/Applications/ArmGNUToolchain/13.2.Rel1/arm-none-eabi/bin/../lib/gcc/arm-none-eabi/13.2.1/thumb/v6-m/nofp/libgcc.a(_dvmd_tls.o)
                              CMakeFiles/pico900.dir/Users/andrewherbert/Dropbox/pico/pico-sdk/src/rp2_common/pico_divider/divider.S.obj (__aeabi_idiv0)
/Applications/ArmGNUToolchain/13.2.Rel1/arm-none-eabi/bin/../lib/gcc/arm-none-eabi/13.2.1/thumb/v6-m/nofp/libgcc.a(_lshrdi3.o)
                              CMakeFiles/pico900.dir/pico900.c.obj (__aeabi_llsr)
/Applications/ArmGNUToolchain/13.2.Rel1/arm-none-eabi/bin/../lib/gcc/arm-none-eabi/13.2.1/thumb/v6-m/nofp/libgcc.a(_ashldi3.o)
                              CMakeFiles/pico900.dir/pico900.c.obj (__aeabi_llsl)
/Applications/ArmGNUToolchain/13.2.Rel1/arm-none-eabi/bin/../lib/gcc/arm-none-eabi/13.2.1/../../../../arm-none-eabi/lib/thumb/v6-m/nofp/libc.a(libc_a-calloc.o)
                              CMakeFiles/pico900.dir/Users/andrewherbert/Dropbox/pico/pico-sdk/src/rp2_common/pico_malloc/pico_malloc.c.obj (calloc)
/Applications/ArmGNUToolchain/13.2.Rel1/arm-none-eabi/bin/../lib/gcc/arm-none-eabi/13.2.1/../../../../arm-none-eabi/lib/thumb/v6-m/nofp/libc.a(libc_a-callocr.o)
                              /Applications/ArmGNUToolchain/13.2.Rel1/arm-none-eabi/bin/../lib/gcc/arm-none-eabi/13.2.1/../../../../arm-none-eabi/lib/thumb/v6-m/nofp/libc.a(libc_a-calloc.o) (_calloc_r)
/Applications/ArmGNUToolchain/13.2.Rel1/arm-none-eabi/bin/../lib/gcc/arm-none-eabi/13.2.1/../../../../arm-none-eabi/lib/thumb/v6-m/nofp/libc.a(libc_a-malloc.o)
                              CMakeFiles/pico900.dir/Users/andrewherbert/Dropbox/pico/pico-sdk/src/rp2_common/pico_malloc/pico_malloc.c.obj (malloc)
/Applications/ArmGNUToolchain/13.2.Rel1/arm-none-eabi/bin/../lib/gcc/arm-none-eabi/13.2.1/../../../../arm-none-eabi/lib/thumb/v6-m/nofp/libc.a(libc_a-mallocr.o)
                              /Applications/ArmGNUToolchain/13.2.Rel1/arm-none-eabi/bin/../lib/gcc/arm-none-eabi/13.2.1/../../../../arm-none-eabi/lib/thumb/v6-m/nofp/libc.a(libc_a-callocr.o) (_malloc_r)
/Applications/ArmGNUToolchain/13.2.Rel1/arm-none-eabi/bin/../lib/gcc/arm-none-eabi/13.2.1/../../../../arm-none-eabi/lib/thumb/v6-m/nofp/libc.a(libc_a-mlock.o)
                              /Applications/ArmGNUToolchain/13.2.Rel1/arm-none-eabi/bin/../lib/gcc/arm-none-eabi/13.2.1/../../../../arm-none-eabi/lib/thumb/v6-m/nofp/libc.a(libc_a-mallocr.o) (__malloc_lock)
/Applications/ArmGNUToolchain/13.2.Rel1/arm-none-eabi/bin/../lib/gcc/arm-none-eabi/13.2.1/../../../../arm-none-eabi/lib/thumb/v6-m/nofp/libc.a(libc_a-realloc.o)
                              CMakeFiles/pico900.dir/Users/andrewherbert/Dropbox/pico/pico-sdk/src/rp2_common/pico_malloc/pico_malloc.c.obj (realloc)
/Applications/ArmGNUToolchain/13.2.Rel1/arm-none-eabi/bin/../lib/gcc/arm-none-eabi/13.2.1/../../../../arm-none-eabi/lib/thumb/v6-m/nofp/libc.a(libc_a-reallocr.o)
                              /Applications/ArmGNUToolchain/13.2.Rel1/arm-none-eabi/bin/../lib/gcc/arm-none-eabi/13.2.1/../../../../arm-none-eabi/lib/thumb/v6-m/nofp/libc.a(libc_a-realloc.o) (_realloc_r)
/Applications/ArmGNUToolchain/13.2.Rel1/arm-none-eabi/bin/../lib/gcc/arm-none-eabi/13.2.1/../../../../arm-none-eabi/lib/thumb/v6-m/nofp/libc.a(libc_a-memmove.o)
                              /Applications/ArmGNUToolchain/13.2.Rel1/arm-none-eabi/bin/../lib/gcc/arm-none-eabi/13.2.1/../../../../arm-none-eabi/lib/thumb/v6-m/nofp/libc.a(libc_a-reallocr.o) (memmove)
/Applications/ArmGNUToolchain/13.2.Rel1/arm-none-eabi/bin/../lib/gcc/arm-none-eabi/13.2.1/../../../../arm-none-eabi/lib/thumb/v6-m/nofp/libc.a(libc_a-impure.o)
                              /Applications/ArmGNUToolchain/13.2.Rel1/arm-none-eabi/bin/../lib/gcc/arm-none-eabi/13.2.1/../../../../arm-none-eabi/lib/thumb/v6-m/nofp/libc.a(libc_a-calloc.o) (_impure_ptr)
/Applications/ArmGNUToolchain/13.2.Rel1/arm-none-eabi/bin/../lib/gcc/arm-none-eabi/13.2.1/../../../../arm-none-eabi/lib/thumb/v6-m/nofp/libc.a(libc_a-sbrkr.o)
                              /Applications/ArmGNUToolchain/13.2.Rel1/arm-none-eabi/bin/../lib/gcc/arm-none-eabi/13.2.1/../../../../arm-none-eabi/lib/thumb/v6-m/nofp/libc.a(libc_a-mallocr.o) (_sbrk_r)
/Applications/ArmGNUToolchain/13.2.Rel1/arm-none-eabi/bin/../lib/gcc/arm-none-eabi/13.2.1/../../../../arm-none-eabi/lib/thumb/v6-m/nofp/libc.a(libc_a-errno.o)
                              /Applications/ArmGNUToolchain/13.2.Rel1/arm-none-eabi/bin/../lib/gcc/arm-none-eabi/13.2.1/../../../../arm-none-eabi/lib/thumb/v6-m/nofp/libc.a(libc_a-callocr.o) (__errno)
/Applications/ArmGNUToolchain/13.2.Rel1/arm-none-eabi/bin/../lib/gcc/arm-none-eabi/13.2.1/../../../../arm-none-eabi/lib/thumb/v6-m/nofp/libc.a(libc_a-sysconf.o)
                              /Applications/ArmGNUToolchain/13.2.Rel1/arm-none-eabi/bin/../lib/gcc/arm-none-eabi/13.2.1/../../../../arm-none-eabi/lib/thumb/v6-m/nofp/libc.a(libc_a-mallocr.o) (sysconf)
[...]
Memory Configuration

Name             Origin             Length             Attributes
FLASH            0x10000000         0x00200000         xr
RAM              0x20000000         0x00040000         xrw
SCRATCH_X        0x20040000         0x00001000         xrw
SCRATCH_Y        0x20041000         0x00001000         xrw
*default*        0x00000000         0xffffffff

Linker script and memory map

LOAD /Applications/ArmGNUToolchain/13.2.Rel1/arm-none-eabi/bin/../lib/gcc/arm-none-eabi/13.2.1/thumb/v6-m/nofp/crti.o
LOAD /Applications/ArmGNUToolchain/13.2.Rel1/arm-none-eabi/bin/../lib/gcc/arm-none-eabi/13.2.1/thumb/v6-m/nofp/crtbegin.o
LOAD /Applications/ArmGNUToolchain/13.2.Rel1/arm-none-eabi/bin/../lib/gcc/arm-none-eabi/13.2.1/../../../../arm-none-eabi/lib/thumb/v6-m/nofp/crt0.o

.flash_begin    0x10000000        0x0
                0x10000000                        __flash_binary_start = .

.boot2          0x10000000      0x100
                0x10000000                        __boot2_start__ = .
 *(.boot2)
 .boot2         0x10000000      0x100 /var/folders/bd/yrtw28592k1dsbmxy9pkxn3m0000gn/T//ccmPjdDd.o
                0x10000100                        __boot2_end__ = .
                0x00000001                        ASSERT (((__boot2_end__ - __boot2_start__) == 0x100), ERROR: Pico second stage bootloader must be 256 bytes in size)

.text           0x10000100     0x4fc0
                0x10000100                        __logical_binary_start = .
 *(.vectors)
 .vectors       0x10000100       0xd4 CMakeFiles/pico900.dir/Users/andrewherbert/Dropbox/pico/pico-sdk/src/rp2_common/pico_standard_link/crt0.S.obj
                0x10000100                __VECTOR_TABLE
                0x10000100                __vectors
                0x100001c0                __default_isrs_start
                0x100001c0                isr_invalid
                0x100001c2                isr_nmi
                0x100001c4                isr_hardfault
                0x100001c6                isr_svcall
                0x100001c8                isr_pendsv
                0x100001ca                isr_systick
                0x100001cc                isr_irq28
                0x100001cc                isr_irq19
                0x100001cc                isr_irq0
                0x100001cc                isr_irq6
                0x100001cc                isr_irq22
                0x100001cc                isr_irq17
                0x100001cc                isr_irq14
                0x100001cc                isr_irq2
                0x100001cc                isr_irq10
                0x100001cc                isr_irq8
                0x100001cc                isr_irq24
                0x100001cc                isr_irq1
                0x100001cc                isr_irq7
                0x100001cc                isr_irq21
                0x100001cc                isr_irq20
                0x100001cc                isr_irq15
                0x100001cc                isr_irq25
                0x100001cc                isr_irq4
                0x100001cc                isr_irq16
                0x100001cc                isr_irq29
                0x100001cc                isr_irq26
                0x100001cc                __default_isrs_end
                0x100001cc                isr_irq3
                0x100001cc                isr_irq9
                0x100001cc                __unhandled_user_irq
                0x100001cc                isr_irq13
                0x100001cc                isr_irq27
                0x100001cc                isr_irq31
                0x100001cc                isr_irq5
                0x100001cc                isr_irq11
                0x100001cc                isr_irq23
                0x100001cc                isr_irq18
                0x100001cc                isr_irq30
                0x100001cc                isr_irq12
                0x100001d2                unhandled_user_irq_num_in_r0
 *(.binary_info_header)
 .binary_info_header
                0x100001d4       0x14 CMakeFiles/pico900.dir/Users/andrewherbert/Dropbox/pico/pico-sdk/src/rp2_common/pico_standard_link/crt0.S.obj
                0x100001e8                        __binary_info_header_end = .
 *(.reset)
 .reset         0x100001e8       0xa0 CMakeFiles/pico900.dir/Users/andrewherbert/Dropbox/pico/pico-sdk/src/rp2_common/pico_standard_link/crt0.S.obj
                0x100001e8                _entry_point
 .reset         0x10000288       0x30 CMakeFiles/pico900.dir/Users/andrewherbert/Dropbox/pico/pico-sdk/src/rp2_common/pico_standard_link/binary_info.c.obj
 *(.init)
 .init          0x100002b8        0x4 /Applications/ArmGNUToolchain/13.2.Rel1/arm-none-eabi/bin/../lib/gcc/arm-none-eabi/13.2.1/thumb/v6-m/nofp/crti.o
                0x100002b8                _init
 *(EXCLUDE_FILE(*libm.a: *libc.a:*lib_a-mem*.o *libgcc.a:) .text*)
 .text.register_tm_clones
                0x100002bc       0x28 /Applications/ArmGNUToolchain/13.2.Rel1/arm-none-eabi/bin/../lib/gcc/arm-none-eabi/13.2.1/thumb/v6-m/nofp/crtbegin.o
 .text.frame_dummy
                0x100002e4       0x24 /Applications/ArmGNUToolchain/13.2.Rel1/arm-none-eabi/bin/../lib/gcc/arm-none-eabi/13.2.1/thumb/v6-m/nofp/crtbegin.o
 .text.blinker  0x10000308       0x50 CMakeFiles/pico900.dir/pico900.c.obj
 .text.check_address.part.0
                0x10000358       0x10 CMakeFiles/pico900.dir/pico900.c.obj
 .text.put_pts_ch
                0x10000368       0xa4 CMakeFiles/pico900.dir/pico900.c.obj
 .text.get_pts_ch
                0x1000040c       0xb4 CMakeFiles/pico900.dir/pico900.c.obj
 .text.e920m_emulation
                0x100004c0      0x5b8 CMakeFiles/pico900.dir/pico900.c.obj
 .text.startup.main
                0x10000a78       0xa8 CMakeFiles/pico900.dir/pico900.c.obj
                0x10000a78                main
 .text.gpio_set_function
                0x10000b20       0x30 CMakeFiles/pico900.dir/Users/andrewherbert/Dropbox/pico/pico-sdk/src/rp2_common/hardware_gpio/gpio.c.obj
                0x10000b20                gpio_set_function
 .text.gpio_set_pulls
                0x10000b50       0x24 CMakeFiles/pico900.dir/Users/andrewherbert/Dropbox/pico/pico-sdk/src/rp2_common/hardware_gpio/gpio.c.obj
                0x10000b50                gpio_set_pulls
 .text.gpio_set_slew_rate
                0x10000b74       0x20 CMakeFiles/pico900.dir/Users/andrewherbert/Dropbox/pico/pico-sdk/src/rp2_common/hardware_gpio/gpio.c.obj
                0x10000b74                gpio_set_slew_rate
 .text.gpio_set_drive_strength
                0x10000b94       0x20 CMakeFiles/pico900.dir/Users/andrewherbert/Dropbox/pico/pico-sdk/src/rp2_common/hardware_gpio/gpio.c.obj
                0x10000b94                gpio_set_drive_strength
 .text.gpio_init_mask
                0x10000bb4       0x68 CMakeFiles/pico900.dir/Users/andrewherbert/Dropbox/pico/pico-sdk/src/rp2_common/hardware_gpio/gpio.c.obj
                0x10000bb4                gpio_init_mask
 .text.running_on_fpga
                0x10000c1c       0x10 CMakeFiles/pico900.dir/Users/andrewherbert/Dropbox/pico/pico-sdk/src/rp2_common/pico_platform/platform.c.obj
                0x10000c1c                running_on_fpga
 .text.hw_claim_or_assert
                0x10000c2c       0x44 CMakeFiles/pico900.dir/Users/andrewherbert/Dropbox/pico/pico-sdk/src/rp2_common/hardware_claim/claim.c.obj
                0x10000c2c                hw_claim_or_assert
 .text.spin_locks_reset
                0x10000c70       0x1c CMakeFiles/pico900.dir/Users/andrewherbert/Dropbox/pico/pico-sdk/src/rp2_common/hardware_sync/sync.c.obj
                0x10000c70                spin_locks_reset
 .text.next_striped_spin_lock_num
                0x10000c8c       0x18 CMakeFiles/pico900.dir/Users/andrewherbert/Dropbox/pico/pico-sdk/src/rp2_common/hardware_sync/sync.c.obj
                0x10000c8c                next_striped_spin_lock_num
 .text.irq_set_enabled
                0x10000ca4       0x24 CMakeFiles/pico900.dir/Users/andrewherbert/Dropbox/pico/pico-sdk/src/rp2_common/hardware_irq/irq.c.obj
                0x10000ca4                irq_set_enabled
 .text.irq_is_enabled
                0x10000cc8       0x18 CMakeFiles/pico900.dir/Users/andrewherbert/Dropbox/pico/pico-sdk/src/rp2_common/hardware_irq/irq.c.obj
                0x10000cc8                irq_is_enabled
 .text.irq_get_vtable_handler
                0x10000ce0       0x10 CMakeFiles/pico900.dir/Users/andrewherbert/Dropbox/pico/pico-sdk/src/rp2_common/hardware_irq/irq.c.obj
                0x10000ce0                irq_get_vtable_handler
 .text.irq_set_exclusive_handler
                0x10000cf0       0x54 CMakeFiles/pico900.dir/Users/andrewherbert/Dropbox/pico/pico-sdk/src/rp2_common/hardware_irq/irq.c.obj
                0x10000cf0                irq_set_exclusive_handler
 .text.irq_remove_handler
                0x10000d44      0x1c4 CMakeFiles/pico900.dir/Users/andrewherbert/Dropbox/pico/pico-sdk/src/rp2_common/hardware_irq/irq.c.obj
                0x10000d44                irq_remove_handler
 .text.irq_add_tail_to_free_list
                0x10000f08       0xb4 CMakeFiles/pico900.dir/Users/andrewherbert/Dropbox/pico/pico-sdk/src/rp2_common/hardware_irq/irq.c.obj
                0x10000f08                irq_add_tail_to_free_list
 .text.irq_init_priorities
                0x10000fbc       0x24 CMakeFiles/pico900.dir/Users/andrewherbert/Dropbox/pico/pico-sdk/src/rp2_common/hardware_irq/irq.c.obj
                0x10000fbc                irq_init_priorities
 .text.lock_init
                0x10000fe0       0x10 CMakeFiles/pico900.dir/Users/andrewherbert/Dropbox/pico/pico-sdk/src/common/pico_sync/lock_core.c.obj
                0x10000fe0                lock_init
 .text.mutex_init
                0x10000ff0       0x1c CMakeFiles/pico900.dir/Users/andrewherbert/Dropbox/pico/pico-sdk/src/common/pico_sync/mutex.c.obj
                0x10000ff0                mutex_init
 .text.recursive_mutex_init
                0x1000100c       0x1c CMakeFiles/pico900.dir/Users/andrewherbert/Dropbox/pico/pico-sdk/src/common/pico_sync/mutex.c.obj
                0x1000100c                recursive_mutex_init
 .text.timer_pool_entry_comparator
                0x10001028       0x34 CMakeFiles/pico900.dir/Users/andrewherbert/Dropbox/pico/pico-sdk/src/common/pico_time/time.c.obj
                0x10001028                timer_pool_entry_comparator
 .text.sleep_until_callback
                0x1000105c       0x30 CMakeFiles/pico900.dir/Users/andrewherbert/Dropbox/pico/pico-sdk/src/common/pico_time/time.c.obj
 .text.add_alarm_under_lock.isra.0
                0x1000108c      0x100 CMakeFiles/pico900.dir/Users/andrewherbert/Dropbox/pico/pico-sdk/src/common/pico_time/time.c.obj
 .text.alarm_pool_alarm_callback
                0x1000118c      0x1c0 CMakeFiles/pico900.dir/Users/andrewherbert/Dropbox/pico/pico-sdk/src/common/pico_time/time.c.obj
 .text.alarm_pool_init_default
                0x1000134c       0x6c CMakeFiles/pico900.dir/Users/andrewherbert/Dropbox/pico/pico-sdk/src/common/pico_time/time.c.obj
                0x1000134c                alarm_pool_init_default
 .text.alarm_pool_add_alarm_at
                0x100013b8      0x17c CMakeFiles/pico900.dir/Users/andrewherbert/Dropbox/pico/pico-sdk/src/common/pico_time/time.c.obj
                0x100013b8                alarm_pool_add_alarm_at
 .text.sleep_until
                0x10001534       0xc4 CMakeFiles/pico900.dir/Users/andrewherbert/Dropbox/pico/pico-sdk/src/common/pico_time/time.c.obj
                0x10001534                sleep_until
 .text.sleep_us
                0x100015f8       0x28 CMakeFiles/pico900.dir/Users/andrewherbert/Dropbox/pico/pico-sdk/src/common/pico_time/time.c.obj
                0x100015f8                sleep_us
 .text.sleep_ms
                0x10001620       0x38 CMakeFiles/pico900.dir/Users/andrewherbert/Dropbox/pico/pico-sdk/src/common/pico_time/time.c.obj
                0x10001620                sleep_ms
 .text.best_effort_wfe_or_timeout
                0x10001658       0xcc CMakeFiles/pico900.dir/Users/andrewherbert/Dropbox/pico/pico-sdk/src/common/pico_time/time.c.obj
                0x10001658                best_effort_wfe_or_timeout
 .text.hardware_alarm_irq_handler
                0x10001724       0xbc CMakeFiles/pico900.dir/Users/andrewherbert/Dropbox/pico/pico-sdk/src/rp2_common/hardware_timer/timer.c.obj
 .text.hardware_alarm_claim
                0x100017e0       0x18 CMakeFiles/pico900.dir/Users/andrewherbert/Dropbox/pico/pico-sdk/src/rp2_common/hardware_timer/timer.c.obj
                0x100017e0                hardware_alarm_claim
 .text.time_us_64
                0x100017f8       0x14 CMakeFiles/pico900.dir/Users/andrewherbert/Dropbox/pico/pico-sdk/src/rp2_common/hardware_timer/timer.c.obj
                0x100017f8                time_us_64
 .text.busy_wait_us
                0x1000180c       0x68 CMakeFiles/pico900.dir/Users/andrewherbert/Dropbox/pico/pico-sdk/src/rp2_common/hardware_timer/timer.c.obj
                0x1000180c                busy_wait_us
 .text.busy_wait_until
                0x10001874       0x20 CMakeFiles/pico900.dir/Users/andrewherbert/Dropbox/pico/pico-sdk/src/rp2_common/hardware_timer/timer.c.obj
                0x10001874                busy_wait_until
 .text.hardware_alarm_set_callback
                0x10001894       0x8c CMakeFiles/pico900.dir/Users/andrewherbert/Dropbox/pico/pico-sdk/src/rp2_common/hardware_timer/timer.c.obj
                0x10001894                hardware_alarm_set_callback
 .text.hardware_alarm_set_target
                0x10001920       0xd0 CMakeFiles/pico900.dir/Users/andrewherbert/Dropbox/pico/pico-sdk/src/rp2_common/hardware_timer/timer.c.obj
                0x10001920                hardware_alarm_set_target
 .text.hardware_alarm_cancel
                0x100019f0       0x3c CMakeFiles/pico900.dir/Users/andrewherbert/Dropbox/pico/pico-sdk/src/rp2_common/hardware_timer/timer.c.obj
                0x100019f0                hardware_alarm_cancel
 .text.ph_merge_nodes
                0x10001a2c       0x58 CMakeFiles/pico900.dir/Users/andrewherbert/Dropbox/pico/pico-sdk/src/common/pico_util/pheap.c.obj
 .text.ph_post_alloc_init
                0x10001a84       0x3c CMakeFiles/pico900.dir/Users/andrewherbert/Dropbox/pico/pico-sdk/src/common/pico_util/pheap.c.obj
                0x10001a84                ph_post_alloc_init
 .text.ph_merge_two_pass
                0x10001ac0       0x8c CMakeFiles/pico900.dir/Users/andrewherbert/Dropbox/pico/pico-sdk/src/common/pico_util/pheap.c.obj
                0x10001ac0                ph_merge_two_pass
 .text.ph_remove_any_head
                0x10001b4c      0x100 CMakeFiles/pico900.dir/Users/andrewherbert/Dropbox/pico/pico-sdk/src/common/pico_util/pheap.c.obj
 .text.ph_remove_head
                0x10001c4c      0x104 CMakeFiles/pico900.dir/Users/andrewherbert/Dropbox/pico/pico-sdk/src/common/pico_util/pheap.c.obj
                0x10001c4c                ph_remove_head
 .text.ph_remove_and_free_node
                0x10001d50       0x78 CMakeFiles/pico900.dir/Users/andrewherbert/Dropbox/pico/pico-sdk/src/common/pico_util/pheap.c.obj
                0x10001d50                ph_remove_and_free_node
 .text.uart_init
                0x10001dc8      0x18c CMakeFiles/pico900.dir/Users/andrewherbert/Dropbox/pico/pico-sdk/src/rp2_common/hardware_uart/uart.c.obj
                0x10001dc8                uart_init
 .text.clocks_init
                0x10001f54      0x2c8 CMakeFiles/pico900.dir/Users/andrewherbert/Dropbox/pico/pico-sdk/src/rp2_common/hardware_clocks/clocks.c.obj
                0x10001f54                clocks_init
 .text.clock_get_hz
                0x1000221c        0xc CMakeFiles/pico900.dir/Users/andrewherbert/Dropbox/pico/pico-sdk/src/rp2_common/hardware_clocks/clocks.c.obj
                0x1000221c                clock_get_hz
 .text.pll_init
                0x10002228       0xa4 CMakeFiles/pico900.dir/Users/andrewherbert/Dropbox/pico/pico-sdk/src/rp2_common/hardware_pll/pll.c.obj
                0x10002228                pll_init
 .text.watchdog_start_tick
                0x100022cc       0x10 CMakeFiles/pico900.dir/Users/andrewherbert/Dropbox/pico/pico-sdk/src/rp2_common/hardware_watchdog/watchdog.c.obj
                0x100022cc                watchdog_start_tick
 .text.xosc_init
                0x100022dc       0x28 CMakeFiles/pico900.dir/Users/andrewherbert/Dropbox/pico/pico-sdk/src/rp2_common/hardware_xosc/xosc.c.obj
                0x100022dc                xosc_init
 .text.runtime_init
                0x10002304       0xf0 CMakeFiles/pico900.dir/Users/andrewherbert/Dropbox/pico/pico-sdk/src/rp2_common/pico_runtime/runtime.c.obj
                0x10002304                runtime_init
 .text._exit    0x100023f4        0x4 CMakeFiles/pico900.dir/Users/andrewherbert/Dropbox/pico/pico-sdk/src/rp2_common/pico_runtime/runtime.c.obj
                0x100023f4                _exit
 .text.exit     0x100023f8        0x8 CMakeFiles/pico900.dir/Users/andrewherbert/Dropbox/pico/pico-sdk/src/rp2_common/pico_runtime/runtime.c.obj
                0x100023f8                exit
 .text.panic    0x10002400       0x30 CMakeFiles/pico900.dir/Users/andrewherbert/Dropbox/pico/pico-sdk/src/rp2_common/pico_runtime/runtime.c.obj
                0x10002400                panic
 .text.hard_assertion_failure
                0x10002430        0xc CMakeFiles/pico900.dir/Users/andrewherbert/Dropbox/pico/pico-sdk/src/rp2_common/pico_runtime/runtime.c.obj
                0x10002430                hard_assertion_failure
 .text._out_null
                0x1000243c        0x4 CMakeFiles/pico900.dir/Users/andrewherbert/Dropbox/pico/pico-sdk/src/rp2_common/pico_printf/printf.c.obj
 .text._out_rev
                0x10002440       0xac CMakeFiles/pico900.dir/Users/andrewherbert/Dropbox/pico/pico-sdk/src/rp2_common/pico_printf/printf.c.obj
 .text._ntoa_format
                0x100024ec      0x250 CMakeFiles/pico900.dir/Users/andrewherbert/Dropbox/pico/pico-sdk/src/rp2_common/pico_printf/printf.c.obj
 .text._out_char
                0x1000273c       0x10 CMakeFiles/pico900.dir/Users/andrewherbert/Dropbox/pico/pico-sdk/src/rp2_common/pico_printf/printf.c.obj
 .text._out_fct
                0x1000274c       0x10 CMakeFiles/pico900.dir/Users/andrewherbert/Dropbox/pico/pico-sdk/src/rp2_common/pico_printf/printf.c.obj
 .text._etoa    0x1000275c      0x464 CMakeFiles/pico900.dir/Users/andrewherbert/Dropbox/pico/pico-sdk/src/rp2_common/pico_printf/printf.c.obj
 .text._ftoa    0x10002bc0      0x3c0 CMakeFiles/pico900.dir/Users/andrewherbert/Dropbox/pico/pico-sdk/src/rp2_common/pico_printf/printf.c.obj
 .text._vsnprintf
                0x10002f80      0xbc8 CMakeFiles/pico900.dir/Users/andrewherbert/Dropbox/pico/pico-sdk/src/rp2_common/pico_printf/printf.c.obj
 .text.vfctprintf
                0x10003b48       0x20 CMakeFiles/pico900.dir/Users/andrewherbert/Dropbox/pico/pico-sdk/src/rp2_common/pico_printf/printf.c.obj
                0x10003b48                vfctprintf
 .text.weak_raw_vprintf
                0x10003b68       0x30 CMakeFiles/pico900.dir/Users/andrewherbert/Dropbox/pico/pico-sdk/src/rp2_common/pico_printf/printf.c.obj
                0x10003b68                weak_raw_vprintf
 .text          0x10003b98       0x10 CMakeFiles/pico900.dir/Users/andrewherbert/Dropbox/pico/pico-sdk/src/rp2_common/pico_bit_ops/bit_ops_aeabi.S.obj
 .text.rom_func_lookup
                0x10003ba8       0x10 CMakeFiles/pico900.dir/Users/andrewherbert/Dropbox/pico/pico-sdk/src/rp2_common/pico_bootrom/bootrom.c.obj
                0x10003ba8                rom_func_lookup
 .text.rom_data_lookup
                0x10003bb8       0x10 CMakeFiles/pico900.dir/Users/andrewherbert/Dropbox/pico/pico-sdk/src/rp2_common/pico_bootrom/bootrom.c.obj
                0x10003bb8                rom_data_lookup
 .text.rom_funcs_lookup
                0x10003bc8       0x44 CMakeFiles/pico900.dir/Users/andrewherbert/Dropbox/pico/pico-sdk/src/rp2_common/pico_bootrom/bootrom.c.obj
                0x10003bc8                rom_funcs_lookup
 .text.__wrap___aeabi_idiv
                0x10003c0c       0x50 CMakeFiles/pico900.dir/Users/andrewherbert/Dropbox/pico/pico-sdk/src/rp2_common/pico_divider/divider.S.obj
                0x10003c0c                __wrap___aeabi_idivmod
                0x10003c0c                divmod_s32s32
                0x10003c0c                div_s32s32
                0x10003c0c                __wrap___aeabi_idiv
                0x10003c14                divmod_s32s32_unsafe
                0x10003c40                divmod_s32s32_savestate
 .text.__wrap___aeabi_uidiv
                0x10003c5c       0x4c CMakeFiles/pico900.dir/Users/andrewherbert/Dropbox/pico/pico-sdk/src/rp2_common/pico_divider/divider.S.obj
                0x10003c5c                __wrap___aeabi_uidiv
                0x10003c5c                __wrap___aeabi_uidivmod
                0x10003c5c                div_u32u32
                0x10003c5c                divmod_u32u32
                0x10003c64                divmod_u32u32_unsafe
                0x10003c8c                divmod_u32u32_savestate
 .text.__wrap___aeabi_ldiv
                0x10003ca8      0x424 CMakeFiles/pico900.dir/Users/andrewherbert/Dropbox/pico/pico-sdk/src/rp2_common/pico_divider/divider.S.obj
                0x10003ca8                __wrap___aeabi_ldivmod
                0x10003ca8                div_s64s64
                0x10003ca8                divmod_s64s64
                0x10003cd8                divmod_u64u64
                0x10003cd8                div_u64u64
                0x10003cd8                __wrap___aeabi_uldivmod
                0x10003ce8                divmod_u64u64_savestate
                0x10003d08                divmod_s64s64_unsafe
                0x10003d90                divmod_u64u64_unsafe
 .text.__wrap___aeabi_darithmetic
                0x100040cc       0x80 CMakeFiles/pico900.dir/Users/andrewherbert/Dropbox/pico/pico-sdk/src/rp2_common/pico_double/double_aeabi.S.obj
                0x100040cc                __wrap___aeabi_drsub
                0x100040d2                __wrap___aeabi_dsub
                0x100040e4                __wrap___aeabi_dadd
                0x100040f6                __wrap___aeabi_ddiv
                0x10004132                __wrap___aeabi_dmul
 .text.__wrap___aeabi_cdcmple
                0x1000414c       0x6c CMakeFiles/pico900.dir/Users/andrewherbert/Dropbox/pico/pico-sdk/src/rp2_common/pico_double/double_aeabi.S.obj
                0x1000414c                __wrap___aeabi_cdrcmple
                0x1000415c                __wrap___aeabi_cdcmple
                0x1000415c                __wrap___aeabi_cdcmpeq
 .text.__wrap___aeabi_dcmplt
                0x100041b8        0xc CMakeFiles/pico900.dir/Users/andrewherbert/Dropbox/pico/pico-sdk/src/rp2_common/pico_double/double_aeabi.S.obj
                0x100041b8                __wrap___aeabi_dcmplt
 .text.__wrap___aeabi_dcmpge
                0x100041c4       0x10 CMakeFiles/pico900.dir/Users/andrewherbert/Dropbox/pico/pico-sdk/src/rp2_common/pico_double/double_aeabi.S.obj
                0x100041c4                __wrap___aeabi_dcmpge
 .text.__wrap___aeabi_dcmpgt
                0x100041d4        0xa CMakeFiles/pico900.dir/Users/andrewherbert/Dropbox/pico/pico-sdk/src/rp2_common/pico_double/double_aeabi.S.obj
                0x100041d4                __wrap___aeabi_dcmpgt
 .text.__wrap___aeabi_dcmpun
                0x100041de       0x1c CMakeFiles/pico900.dir/Users/andrewherbert/Dropbox/pico/pico-sdk/src/rp2_common/pico_double/double_aeabi.S.obj
                0x100041de                __wrap___aeabi_dcmpun
 *fill*         0x100041fa        0x2 
 .text.__wrap___aeabi_i2d
                0x100041fc       0x38 CMakeFiles/pico900.dir/Users/andrewherbert/Dropbox/pico/pico-sdk/src/rp2_common/pico_double/double_aeabi.S.obj
                0x100041fc                __wrap___aeabi_ui2d
                0x10004204                __wrap___aeabi_i2d
 .text.__wrap___aeabi_d2iz
                0x10004234       0x48 CMakeFiles/pico900.dir/Users/andrewherbert/Dropbox/pico/pico-sdk/src/rp2_common/pico_double/double_aeabi.S.obj
                0x10004234                __wrap___aeabi_d2iz
                0x10004234                double2int_z
 .text.__wrap___aeabi_d2uiz
                0x1000427c       0x18 CMakeFiles/pico900.dir/Users/andrewherbert/Dropbox/pico/pico-sdk/src/rp2_common/pico_double/double_aeabi.S.obj
                0x1000427c                double2uint
                0x1000427c                __wrap___aeabi_d2uiz
 .text.__aeabi_double_init
                0x10004294       0x98 CMakeFiles/pico900.dir/Users/andrewherbert/Dropbox/pico/pico-sdk/src/rp2_common/pico_double/double_init_rom.c.obj
                0x10004294                __aeabi_double_init
 .text.double_table_shim_on_use_helper
                0x1000432c       0x2c CMakeFiles/pico900.dir/Users/andrewherbert/Dropbox/pico/pico-sdk/src/rp2_common/pico_double/double_v1_rom_shim.S.obj
                0x1000432c                double_table_shim_on_use_helper
 .text.__wrap___aeabi_dsub
                0x10004358       0x10 CMakeFiles/pico900.dir/Users/andrewherbert/Dropbox/pico/pico-sdk/src/rp2_common/pico_double/double_v1_rom_shim.S.obj
                0x10004358                drsub_shim
                0x1000435e                dsub_shim
 .text.dadd_shim
                0x10004368      0x15c CMakeFiles/pico900.dir/Users/andrewherbert/Dropbox/pico/pico-sdk/src/rp2_common/pico_double/double_v1_rom_shim.S.obj
                0x10004368                dadd_shim
 .text.dmul_shim
                0x100044c4      0x15c CMakeFiles/pico900.dir/Users/andrewherbert/Dropbox/pico/pico-sdk/src/rp2_common/pico_double/double_v1_rom_shim.S.obj
                0x100044c4                dmul_shim
 .text.ddiv_shim
                0x10004620      0x1b0 CMakeFiles/pico900.dir/Users/andrewherbert/Dropbox/pico/pico-sdk/src/rp2_common/pico_double/double_v1_rom_shim.S.obj
                0x10004620                ddiv_shim
 .text.double2uint_shim
                0x100047d0        0xe CMakeFiles/pico900.dir/Users/andrewherbert/Dropbox/pico/pico-sdk/src/rp2_common/pico_double/double_v1_rom_shim.S.obj
                0x100047d0                double2uint_shim
                0x100047d2                double2ufix_shim
 *fill*         0x100047de        0x2 
 .text.double2uint64_shim
                0x100047e0       0x70 CMakeFiles/pico900.dir/Users/andrewherbert/Dropbox/pico/pico-sdk/src/rp2_common/pico_double/double_v1_rom_shim.S.obj
                0x100047e0                double2uint64_shim
                0x100047e2                double2ufix64_shim
                0x10004802                d2fix_a
 .text.dunpacks
                0x10004850       0x3c CMakeFiles/pico900.dir/Users/andrewherbert/Dropbox/pico/pico-sdk/src/rp2_common/pico_double/double_v1_rom_shim.S.obj
                0x10004850                dunpacks
 .text.__aeabi_lmul
                0x1000488c       0x32 CMakeFiles/pico900.dir/Users/andrewherbert/Dropbox/pico/pico-sdk/src/rp2_common/pico_int64_ops/pico_int64_ops_aeabi.S.obj
                0x1000488c                __wrap___aeabi_lmul
 *fill*         0x100048be        0x2 
 .text.__aeabi_float_init
                0x100048c0       0x64 CMakeFiles/pico900.dir/Users/andrewherbert/Dropbox/pico/pico-sdk/src/rp2_common/pico_float/float_init_rom.c.obj
                0x100048c0                __aeabi_float_init
 .text.float_table_shim_on_use_helper
                0x10004924       0x2c CMakeFiles/pico900.dir/Users/andrewherbert/Dropbox/pico/pico-sdk/src/rp2_common/pico_float/float_v1_rom_shim.S.obj
                0x10004924                float_table_shim_on_use_helper
 .text          0x10004950       0x10 CMakeFiles/pico900.dir/Users/andrewherbert/Dropbox/pico/pico-sdk/src/rp2_common/pico_mem_ops/mem_ops_aeabi.S.obj
                0x10004950                __aeabi_mem_init
 .text.memcpy   0x10004960        0xc CMakeFiles/pico900.dir/Users/andrewherbert/Dropbox/pico/pico-sdk/src/rp2_common/pico_mem_ops/mem_ops_aeabi.S.obj
                0x10004960                __wrap___aeabi_memcpy
                0x10004960                __wrap_memcpy
 .text.stdio_out_chars_crlf
                0x1000496c       0x94 CMakeFiles/pico900.dir/Users/andrewherbert/Dropbox/pico/pico-sdk/src/rp2_common/pico_stdio/stdio.c.obj
 .text.stdio_buffered_printer
                0x10004a00       0x64 CMakeFiles/pico900.dir/Users/andrewherbert/Dropbox/pico/pico-sdk/src/rp2_common/pico_stdio/stdio.c.obj
 .text.__wrap_putchar
                0x10004a64       0x98 CMakeFiles/pico900.dir/Users/andrewherbert/Dropbox/pico/pico-sdk/src/rp2_common/pico_stdio/stdio.c.obj
                0x10004a64                __wrap_putchar
 .text.__wrap_puts
                0x10004afc       0xe0 CMakeFiles/pico900.dir/Users/andrewherbert/Dropbox/pico/pico-sdk/src/rp2_common/pico_stdio/stdio.c.obj
                0x10004afc                __wrap_puts
 .text.stdio_set_driver_enabled
                0x10004bdc       0x30 CMakeFiles/pico900.dir/Users/andrewherbert/Dropbox/pico/pico-sdk/src/rp2_common/pico_stdio/stdio.c.obj
                0x10004bdc                stdio_set_driver_enabled
 .text.__wrap_vprintf
                0x10004c0c       0xd4 CMakeFiles/pico900.dir/Users/andrewherbert/Dropbox/pico/pico-sdk/src/rp2_common/pico_stdio/stdio.c.obj
                0x10004c0c                __wrap_vprintf
 .text.__wrap_printf
                0x10004ce0       0x18 CMakeFiles/pico900.dir/Users/andrewherbert/Dropbox/pico/pico-sdk/src/rp2_common/pico_stdio/stdio.c.obj
                0x10004ce0                __wrap_printf
 .text.stdio_init_all
                0x10004cf8        0xc CMakeFiles/pico900.dir/Users/andrewherbert/Dropbox/pico/pico-sdk/src/rp2_common/pico_stdio/stdio.c.obj
                0x10004cf8                stdio_init_all
 .text.stdio_uart_out_chars
                0x10004d04       0x4c CMakeFiles/pico900.dir/Users/andrewherbert/Dropbox/pico/pico-sdk/src/rp2_common/pico_stdio_uart/stdio_uart.c.obj
 .text.stdio_uart_in_chars
                0x10004d50       0x90 CMakeFiles/pico900.dir/Users/andrewherbert/Dropbox/pico/pico-sdk/src/rp2_common/pico_stdio_uart/stdio_uart.c.obj
                0x10004d50                stdio_uart_in_chars
 .text.on_uart_rx
                0x10004de0       0x28 CMakeFiles/pico900.dir/Users/andrewherbert/Dropbox/pico/pico-sdk/src/rp2_common/pico_stdio_uart/stdio_uart.c.obj
 .text.stdio_uart_set_chars_available_callback
                0x10004e08       0x8c CMakeFiles/pico900.dir/Users/andrewherbert/Dropbox/pico/pico-sdk/src/rp2_common/pico_stdio_uart/stdio_uart.c.obj
 .text.stdio_uart_init
                0x10004e94       0x48 CMakeFiles/pico900.dir/Users/andrewherbert/Dropbox/pico/pico-sdk/src/rp2_common/pico_stdio_uart/stdio_uart.c.obj
                0x10004e94                stdio_uart_init
 .text.core1_trampoline
                0x10004edc        0x4 CMakeFiles/pico900.dir/Users/andrewherbert/Dropbox/pico/pico-sdk/src/rp2_common/pico_multicore/multicore.c.obj
 .text.core1_wrapper
                0x10004ee0        0xc CMakeFiles/pico900.dir/Users/andrewherbert/Dropbox/pico/pico-sdk/src/rp2_common/pico_multicore/multicore.c.obj
                0x10004ee0                core1_wrapper
 .text.multicore_launch_core1_raw
                0x10004eec       0x84 CMakeFiles/pico900.dir/Users/andrewherbert/Dropbox/pico/pico-sdk/src/rp2_common/pico_multicore/multicore.c.obj
                0x10004eec                multicore_launch_core1_raw
 .text.multicore_launch_core1
                0x10004f70       0x58 CMakeFiles/pico900.dir/Users/andrewherbert/Dropbox/pico/pico-sdk/src/rp2_common/pico_multicore/multicore.c.obj
                0x10004f70                multicore_launch_core1
 .text          0x10004fc8       0x34 /Applications/ArmGNUToolchain/13.2.Rel1/arm-none-eabi/bin/../lib/gcc/arm-none-eabi/13.2.1/../../../../arm-none-eabi/lib/thumb/v6-m/nofp/libc.a(libc_a-setjmp.o)
                0x10004fc8                setjmp
                0x10004fe0                longjmp
 .text.strlen   0x10004ffc       0x5c /Applications/ArmGNUToolchain/13.2.Rel1/arm-none-eabi/bin/../lib/gcc/arm-none-eabi/13.2.1/../../../../arm-none-eabi/lib/thumb/v6-m/nofp/libc.a(libc_a-strlen-stub.o)
                0x10004ffc                strlen
 *(.fini)
 .fini          0x10005058        0x4 /Applications/ArmGNUToolchain/13.2.Rel1/arm-none-eabi/bin/../lib/gcc/arm-none-eabi/13.2.1/thumb/v6-m/nofp/crti.o
                0x10005058                _fini
 *fill*         0x1000505c        0x4 
 .fini.__stub   0x10005060       0x60 linker stubs
 *crtbegin.o(.ctors)
 *crtbegin?.o(.ctors)
 *(EXCLUDE_FILE(*crtend.o *crtend?.o) .ctors)
 *(SORT_BY_NAME(.ctors.*))
 *(.ctors)
 *crtbegin.o(.dtors)
 *crtbegin?.o(.dtors)
 *(EXCLUDE_FILE(*crtend.o *crtend?.o) .dtors)
 *(SORT_BY_NAME(.dtors.*))
 *(.dtors)
 *(.eh_frame*)
 .eh_frame      0x100050c0        0x0 /Applications/ArmGNUToolchain/13.2.Rel1/arm-none-eabi/bin/../lib/gcc/arm-none-eabi/13.2.1/thumb/v6-m/nofp/crtbegin.o
                0x100050c0                        . = ALIGN (0x4)

.glue_7         0x100050c0        0x0
 .glue_7        0x100050c0        0x0 linker stubs

.glue_7t        0x100050c0        0x0
 .glue_7t       0x100050c0        0x0 linker stubs

.vfp11_veneer   0x100050c0        0x0
 .vfp11_veneer  0x100050c0        0x0 linker stubs

.v4_bx          0x100050c0        0x0
 .v4_bx         0x100050c0        0x0 linker stubs

.iplt           0x100050c0        0x0
 .iplt          0x100050c0        0x0 /Applications/ArmGNUToolchain/13.2.Rel1/arm-none-eabi/bin/../lib/gcc/arm-none-eabi/13.2.1/thumb/v6-m/nofp/crtbegin.o

.rodata         0x100050c0      0x644
 *(EXCLUDE_FILE(*libm.a: *libc.a:*lib_a-mem*.o *libgcc.a:) .rodata*)
 .rodata.put_pts_ch.str1.4
                0x100050c0      0x38c CMakeFiles/pico900.dir/pico900.c.obj
                                 0x53 (size before relaxing)
 .rodata.e920m_emulation.str1.4
                0x1000544c      0x1cc CMakeFiles/pico900.dir/pico900.c.obj
 .rodata.e920m_emulation
                0x1000544c       0x80 CMakeFiles/pico900.dir/pico900.c.obj
 .rodata.str1.4
                0x100054cc       0xa8 CMakeFiles/pico900.dir/pico900.c.obj
 .rodata.__bi_306.1
                0x100054cc        0xc CMakeFiles/pico900.dir/pico900.c.obj
 .rodata.hardware_alarm_claim.str1.4
                0x100054d8       0x22 CMakeFiles/pico900.dir/Users/andrewherbert/Dropbox/pico/pico-sdk/src/rp2_common/hardware_timer/timer.c.obj
 .rodata.panic.str1.4
                0x100054d8       0x12 CMakeFiles/pico900.dir/Users/andrewherbert/Dropbox/pico/pico-sdk/src/rp2_common/pico_runtime/runtime.c.obj
 .rodata.hard_assertion_failure.str1.4
                0x100054d8        0xc CMakeFiles/pico900.dir/Users/andrewherbert/Dropbox/pico/pico-sdk/src/rp2_common/pico_runtime/runtime.c.obj
 .rodata._ftoa.str1.4
                0x100054d8       0x15 CMakeFiles/pico900.dir/Users/andrewherbert/Dropbox/pico/pico-sdk/src/rp2_common/pico_printf/printf.c.obj
 .rodata._vsnprintf
                0x100054d8      0x19c CMakeFiles/pico900.dir/Users/andrewherbert/Dropbox/pico/pico-sdk/src/rp2_common/pico_printf/printf.c.obj
 *fill*         0x10005674        0x4 
 .rodata.pow10.0
                0x10005678       0x50 CMakeFiles/pico900.dir/Users/andrewherbert/Dropbox/pico/pico-sdk/src/rp2_common/pico_printf/printf.c.obj
 .rodata.str1.4
                0x100056c8       0x3c CMakeFiles/pico900.dir/Users/andrewherbert/Dropbox/pico/pico-sdk/src/rp2_common/pico_standard_link/binary_info.c.obj
 .rodata.__bi_81
                0x100056c8        0xc CMakeFiles/pico900.dir/Users/andrewherbert/Dropbox/pico/pico-sdk/src/rp2_common/pico_standard_link/binary_info.c.obj
 .rodata.__bi_75
                0x100056d4        0xc CMakeFiles/pico900.dir/Users/andrewherbert/Dropbox/pico/pico-sdk/src/rp2_common/pico_standard_link/binary_info.c.obj
 .rodata.__bi_44
                0x100056e0        0xc CMakeFiles/pico900.dir/Users/andrewherbert/Dropbox/pico/pico-sdk/src/rp2_common/pico_standard_link/binary_info.c.obj
 .rodata.crlf_str.0
                0x100056ec        0x2 CMakeFiles/pico900.dir/Users/andrewherbert/Dropbox/pico/pico-sdk/src/rp2_common/pico_stdio/stdio.c.obj
 .rodata.str1.4
                0x100056ee       0x2c CMakeFiles/pico900.dir/Users/andrewherbert/Dropbox/pico/pico-sdk/src/rp2_common/pico_stdio_uart/stdio_uart.c.obj
 *fill*         0x100056ee        0x2 
 .rodata.__bi_33.4
                0x100056f0        0xc CMakeFiles/pico900.dir/Users/andrewherbert/Dropbox/pico/pico-sdk/src/rp2_common/pico_stdio_uart/stdio_uart.c.obj
 .rodata.__bi_34.5
                0x100056fc        0x8 CMakeFiles/pico900.dir/Users/andrewherbert/Dropbox/pico/pico-sdk/src/rp2_common/pico_stdio_uart/stdio_uart.c.obj
                0x10005704                        . = ALIGN (0x4)
 *(SORT_BY_ALIGNMENT(SORT_BY_NAME(.flashdata*)))
                0x10005704                        . = ALIGN (0x4)

.ARM.extab
 *(.ARM.extab* .gnu.linkonce.armextab.*)
                0x10005704                        __exidx_start = .

.ARM.exidx
 *(.ARM.exidx* .gnu.linkonce.armexidx.*)
                0x10005704                        __exidx_end = .
                0x10005704                        . = ALIGN (0x4)
                0x10005704                        __binary_info_start = .

.binary_info    0x10005704       0x28
 *(.binary_info.keep.*)
 .binary_info.keep.__bi_ptr306
                0x10005704        0x4 CMakeFiles/pico900.dir/pico900.c.obj
 .binary_info.keep.__bi_ptr81
                0x10005708        0x4 CMakeFiles/pico900.dir/Users/andrewherbert/Dropbox/pico/pico-sdk/src/rp2_common/pico_standard_link/binary_info.c.obj
 .binary_info.keep.__bi_ptr75
                0x1000570c        0x4 CMakeFiles/pico900.dir/Users/andrewherbert/Dropbox/pico/pico-sdk/src/rp2_common/pico_standard_link/binary_info.c.obj
 .binary_info.keep.__bi_ptr50
                0x10005710        0x4 CMakeFiles/pico900.dir/Users/andrewherbert/Dropbox/pico/pico-sdk/src/rp2_common/pico_standard_link/binary_info.c.obj
 .binary_info.keep.__bi_ptr44
                0x10005714        0x4 CMakeFiles/pico900.dir/Users/andrewherbert/Dropbox/pico/pico-sdk/src/rp2_common/pico_standard_link/binary_info.c.obj
 .binary_info.keep.__bi_ptr38
                0x10005718        0x4 CMakeFiles/pico900.dir/Users/andrewherbert/Dropbox/pico/pico-sdk/src/rp2_common/pico_standard_link/binary_info.c.obj
 .binary_info.keep.__bi_ptr30
                0x1000571c        0x4 CMakeFiles/pico900.dir/Users/andrewherbert/Dropbox/pico/pico-sdk/src/rp2_common/pico_standard_link/binary_info.c.obj
 .binary_info.keep.__bi_ptr22
                0x10005720        0x4 CMakeFiles/pico900.dir/Users/andrewherbert/Dropbox/pico/pico-sdk/src/rp2_common/pico_standard_link/binary_info.c.obj
 *(.binary_info.*)
 .binary_info.__bi_ptr34
                0x10005724        0x4 CMakeFiles/pico900.dir/Users/andrewherbert/Dropbox/pico/pico-sdk/src/rp2_common/pico_stdio_uart/stdio_uart.c.obj
 .binary_info.__bi_ptr33
                0x10005728        0x4 CMakeFiles/pico900.dir/Users/andrewherbert/Dropbox/pico/pico-sdk/src/rp2_common/pico_stdio_uart/stdio_uart.c.obj
                0x1000572c                        __binary_info_end = .

.rel.dyn        0x1000572c        0x0
 .rel.iplt      0x1000572c        0x0 /Applications/ArmGNUToolchain/13.2.Rel1/arm-none-eabi/bin/../lib/gcc/arm-none-eabi/13.2.1/thumb/v6-m/nofp/crtbegin.o
                0x1000572c                        . = ALIGN (0x4)

.ram_vector_table
                0x20000000       0xc0
 *(.ram_vector_table)
 .ram_vector_table
                0x20000000       0xc0 CMakeFiles/pico900.dir/Users/andrewherbert/Dropbox/pico/pico-sdk/src/rp2_common/pico_runtime/runtime.c.obj
                0x20000000                ram_vector_table

.data           0x200000c0      0x1ec load address 0x1000572c
                0x200000c0                        __data_start__ = .
 *(vtable)
 *(.time_critical*)
 .time_critical.mutex_try_enter_block_until
                0x200000c0       0x9c CMakeFiles/pico900.dir/Users/andrewherbert/Dropbox/pico/pico-sdk/src/common/pico_sync/mutex.c.obj
                0x200000c0                mutex_try_enter_block_until
 .time_critical.mutex_exit
                0x2000015c       0x28 CMakeFiles/pico900.dir/Users/andrewherbert/Dropbox/pico/pico-sdk/src/common/pico_sync/mutex.c.obj
                0x2000015c                mutex_exit
 *(.text*)
 .text          0x20000184        0x4 /Applications/ArmGNUToolchain/13.2.Rel1/arm-none-eabi/bin/../lib/gcc/arm-none-eabi/13.2.1/thumb/v6-m/nofp/libgcc.a(_dvmd_tls.o)
                0x20000184                __aeabi_ldiv0
                0x20000184                __aeabi_idiv0
 .text          0x20000188       0x18 /Applications/ArmGNUToolchain/13.2.Rel1/arm-none-eabi/bin/../lib/gcc/arm-none-eabi/13.2.1/thumb/v6-m/nofp/libgcc.a(_lshrdi3.o)
                0x20000188                __aeabi_llsr
                0x20000188                __lshrdi3
 .text          0x200001a0       0x18 /Applications/ArmGNUToolchain/13.2.Rel1/arm-none-eabi/bin/../lib/gcc/arm-none-eabi/13.2.1/thumb/v6-m/nofp/libgcc.a(_ashldi3.o)
                0x200001a0                __ashldi3
                0x200001a0                __aeabi_llsl
 .text.__stub   0x200001b8       0x10 linker stubs
                0x200001c8                        . = ALIGN (0x4)
 *(.rodata*)
                0x200001c8                        . = ALIGN (0x4)
 *(.data*)
 .data.error_messages
                0x200001c8       0x14 CMakeFiles/pico900.dir/pico900.c.obj
                0x200001c8                error_messages
 .data.striped_spin_lock_num
                0x200001dc        0x1 CMakeFiles/pico900.dir/Users/andrewherbert/Dropbox/pico/pico-sdk/src/rp2_common/hardware_sync/sync.c.obj
 *fill*         0x200001dd        0x3 
 .data          0x200001e0       0x48 CMakeFiles/pico900.dir/Users/andrewherbert/Dropbox/pico/pico-sdk/src/rp2_common/hardware_irq/irq_handler_chain.S.obj
                0x200001e0                irq_handler_chain_slots
                0x20000210                irq_handler_chain_first_slot
                0x2000021a                irq_handler_chain_remove_tail
 .data.default_alarm_pool
                0x20000228       0x18 CMakeFiles/pico900.dir/Users/andrewherbert/Dropbox/pico/pico-sdk/src/common/pico_time/time.c.obj
 .data.default_alarm_pool_heap
                0x20000240       0x10 CMakeFiles/pico900.dir/Users/andrewherbert/Dropbox/pico/pico-sdk/src/common/pico_time/time.c.obj
 .data.aeabi_bits_funcs
                0x20000250       0x10 CMakeFiles/pico900.dir/Users/andrewherbert/Dropbox/pico/pico-sdk/src/rp2_common/pico_bit_ops/bit_ops_aeabi.S.obj
                0x20000250                aeabi_bits_funcs
                0x20000260                aeabi_bits_funcs_end
 .data.aeabi_mem_funcs
                0x20000260       0x10 CMakeFiles/pico900.dir/Users/andrewherbert/Dropbox/pico/pico-sdk/src/rp2_common/pico_mem_ops/mem_ops_aeabi.S.obj
                0x20000260                aeabi_mem_funcs
                0x20000270                aeabi_mem_funcs_end
 .data.stdio_uart
                0x20000270       0x18 CMakeFiles/pico900.dir/Users/andrewherbert/Dropbox/pico/pico-sdk/src/rp2_common/pico_stdio_uart/stdio_uart.c.obj
                0x20000270                stdio_uart
                0x20000288                        . = ALIGN (0x4)
 *(.after_data.*)
                0x20000288                        . = ALIGN (0x4)
                0x20000288                        PROVIDE (__mutex_array_start = .)
 *(SORT_BY_NAME(.mutex_array.*))
 *(.mutex_array)
 .mutex_array   0x20000288        0x8 CMakeFiles/pico900.dir/Users/andrewherbert/Dropbox/pico/pico-sdk/src/rp2_common/pico_malloc/pico_malloc.c.obj
 .mutex_array   0x20000290        0x8 CMakeFiles/pico900.dir/Users/andrewherbert/Dropbox/pico/pico-sdk/src/rp2_common/pico_stdio/stdio.c.obj
                0x20000298                        PROVIDE (__mutex_array_end = .)
                0x20000298                        . = ALIGN (0x4)
                0x20000298                        PROVIDE (__preinit_array_start = .)
 *(SORT_BY_NAME(.preinit_array.*))
 .preinit_array.00001
                0x20000298        0x4 CMakeFiles/pico900.dir/Users/andrewherbert/Dropbox/pico/pico-sdk/src/rp2_common/pico_mem_ops/mem_ops_aeabi.S.obj
 .preinit_array.00010
                0x2000029c        0x4 CMakeFiles/pico900.dir/Users/andrewherbert/Dropbox/pico/pico-sdk/src/rp2_common/pico_bit_ops/bit_ops_aeabi.S.obj
 .preinit_array.00020
                0x200002a0        0x4 CMakeFiles/pico900.dir/Users/andrewherbert/Dropbox/pico/pico-sdk/src/rp2_common/pico_double/double_aeabi.S.obj
 .preinit_array.00020
                0x200002a4        0x4 CMakeFiles/pico900.dir/Users/andrewherbert/Dropbox/pico/pico-sdk/src/rp2_common/pico_float/float_aeabi.S.obj
 *(.preinit_array)
                0x200002a8                        PROVIDE (__preinit_array_end = .)
                0x200002a8                        . = ALIGN (0x4)
                0x200002a8                        PROVIDE (__init_array_start = .)
 *(SORT_BY_NAME(.init_array.*))
 *(.init_array)
 .init_array    0x200002a8        0x4 /Applications/ArmGNUToolchain/13.2.Rel1/arm-none-eabi/bin/../lib/gcc/arm-none-eabi/13.2.1/thumb/v6-m/nofp/crtbegin.o
                0x200002ac                        PROVIDE (__init_array_end = .)
                0x200002ac                        . = ALIGN (0x4)
                [!provide]                        PROVIDE (__fini_array_start = .)
 *(SORT_BY_NAME(.fini_array.*))
 *(.fini_array)
                [!provide]                        PROVIDE (__fini_array_end = .)
 *(.jcr)
                0x200002ac                        . = ALIGN (0x4)
                0x200002ac                        __data_end__ = .
                0x1000572c                        __etext = LOADADDR (.data)

.tm_clone_table
                0x200002ac        0x0 load address 0x10005918
 .tm_clone_table
                0x200002ac        0x0 /Applications/ArmGNUToolchain/13.2.Rel1/arm-none-eabi/bin/../lib/gcc/arm-none-eabi/13.2.1/thumb/v6-m/nofp/crtbegin.o
 .tm_clone_table
                0x200002ac        0x0 /Applications/ArmGNUToolchain/13.2.Rel1/arm-none-eabi/bin/../lib/gcc/arm-none-eabi/13.2.1/thumb/v6-m/nofp/crtend.o

.igot.plt       0x200002ac        0x0 load address 0x10005918
 .igot.plt      0x200002ac        0x0 /Applications/ArmGNUToolchain/13.2.Rel1/arm-none-eabi/bin/../lib/gcc/arm-none-eabi/13.2.1/thumb/v6-m/nofp/crtbegin.o

.uninitialized_data
                0x200002ac        0x0 load address 0x10005918
                0x200002ac                        . = ALIGN (0x4)
 *(.uninitialized_data*)

.scratch_x      0x20040000        0x0 load address 0x10005918
                0x20040000                        __scratch_x_start__ = .
 *(.scratch_x.*)
                0x20040000                        . = ALIGN (0x4)
                0x20040000                        __scratch_x_end__ = .
                0x10005918                        __scratch_x_source__ = LOADADDR (.scratch_x)

.scratch_y      0x20041000        0x0 load address 0x10005918
                0x20041000                        __scratch_y_start__ = .
 *(.scratch_y.*)
                0x20041000                        . = ALIGN (0x4)
                0x20041000                        __scratch_y_end__ = .
                0x10005918                        __scratch_y_source__ = LOADADDR (.scratch_y)

.bss            0x200002b0     0x8488
                0x200002b0                        . = ALIGN (0x4)
                0x200002b0                        __bss_start__ = .
 *(SORT_BY_ALIGNMENT(SORT_BY_NAME(.bss*)))
 .bss.configured_freq
                0x200002b0       0x28 CMakeFiles/pico900.dir/Users/andrewherbert/Dropbox/pico/pico-sdk/src/rp2_common/hardware_clocks/clocks.c.obj
 .bss.default_alarm_pool_entries
                0x200002d8      0x100 CMakeFiles/pico900.dir/Users/andrewherbert/Dropbox/pico/pico-sdk/src/common/pico_time/time.c.obj
 .bss.jbuf      0x200003d8       0xa0 CMakeFiles/pico900.dir/pico900.c.obj
 .bss.sd_table  0x20000478      0x100 CMakeFiles/pico900.dir/Users/andrewherbert/Dropbox/pico/pico-sdk/src/rp2_common/pico_double/double_init_rom.c.obj
                0x20000478                sd_table
 .bss.sf_table  0x20000578      0x100 CMakeFiles/pico900.dir/Users/andrewherbert/Dropbox/pico/pico-sdk/src/rp2_common/pico_float/float_init_rom.c.obj
                0x20000578                sf_table
 .bss.store     0x20000678     0x8000 CMakeFiles/pico900.dir/pico900.c.obj
                0x20000678                store
 .bss.alarm_callbacks
                0x20008678       0x10 CMakeFiles/pico900.dir/Users/andrewherbert/Dropbox/pico/pico-sdk/src/rp2_common/hardware_timer/timer.c.obj
 .bss.blink     0x20008688        0x4 CMakeFiles/pico900.dir/pico900.c.obj
 .bss.chars_available_callback
                0x2000868c        0x4 CMakeFiles/pico900.dir/Users/andrewherbert/Dropbox/pico/pico-sdk/src/rp2_common/pico_stdio_uart/stdio_uart.c.obj
 .bss.chars_available_param
                0x20008690        0x4 CMakeFiles/pico900.dir/Users/andrewherbert/Dropbox/pico/pico-sdk/src/rp2_common/pico_stdio_uart/stdio_uart.c.obj
 .bss.default_alarm_pool_entry_ids_high
                0x20008694       0x10 CMakeFiles/pico900.dir/Users/andrewherbert/Dropbox/pico/pico-sdk/src/common/pico_time/time.c.obj
 .bss.default_alarm_pool_heap_nodes
                0x200086a4       0x30 CMakeFiles/pico900.dir/Users/andrewherbert/Dropbox/pico/pico-sdk/src/common/pico_time/time.c.obj
 .bss.drivers   0x200086d4        0x4 CMakeFiles/pico900.dir/Users/andrewherbert/Dropbox/pico/pico-sdk/src/rp2_common/pico_stdio/stdio.c.obj
 .bss.filter    0x200086d8        0x4 CMakeFiles/pico900.dir/Users/andrewherbert/Dropbox/pico/pico-sdk/src/rp2_common/pico_stdio/stdio.c.obj
 .bss.in_pins_mask
                0x200086dc        0x4 CMakeFiles/pico900.dir/pico900.c.obj
                0x200086dc                in_pins_mask
 .bss.lazy_vsnprintf
                0x200086e0        0x4 CMakeFiles/pico900.dir/Users/andrewherbert/Dropbox/pico/pico-sdk/src/rp2_common/pico_printf/printf.c.obj
 .bss.led_state.0
                0x200086e4        0x4 CMakeFiles/pico900.dir/pico900.c.obj
 .bss.object.0  0x200086e8       0x18 /Applications/ArmGNUToolchain/13.2.Rel1/arm-none-eabi/bin/../lib/gcc/arm-none-eabi/13.2.1/thumb/v6-m/nofp/crtbegin.o
 .bss.out_pins_mask
                0x20008700        0x4 CMakeFiles/pico900.dir/pico900.c.obj
                0x20008700                out_pins_mask
 .bss.pools     0x20008704       0x10 CMakeFiles/pico900.dir/Users/andrewherbert/Dropbox/pico/pico-sdk/src/common/pico_time/time.c.obj
 .bss.sf_clz_func
                0x20008714        0x4 CMakeFiles/pico900.dir/Users/andrewherbert/Dropbox/pico/pico-sdk/src/rp2_common/pico_double/double_init_rom.c.obj
                0x20008714                sf_clz_func
 .bss.sleep_notifier
                0x20008718        0x4 CMakeFiles/pico900.dir/Users/andrewherbert/Dropbox/pico/pico-sdk/src/common/pico_time/time.c.obj
 .bss.target_hi
                0x2000871c       0x10 CMakeFiles/pico900.dir/Users/andrewherbert/Dropbox/pico/pico-sdk/src/rp2_common/hardware_timer/timer.c.obj
 .bss.uart_char_to_line_feed
                0x2000872c        0x4 CMakeFiles/pico900.dir/Users/andrewherbert/Dropbox/pico/pico-sdk/src/rp2_common/hardware_uart/uart.c.obj
                0x2000872c                uart_char_to_line_feed
 .bss.uart_instance
                0x20008730        0x4 CMakeFiles/pico900.dir/Users/andrewherbert/Dropbox/pico/pico-sdk/src/rp2_common/pico_stdio_uart/stdio_uart.c.obj
 .bss.claimed   0x20008734        0x1 CMakeFiles/pico900.dir/Users/andrewherbert/Dropbox/pico/pico-sdk/src/rp2_common/hardware_timer/timer.c.obj
 .bss.irq_hander_chain_free_slot_head
                0x20008735        0x1 CMakeFiles/pico900.dir/Users/andrewherbert/Dropbox/pico/pico-sdk/src/rp2_common/hardware_irq/irq.c.obj
 .bss.timer_callbacks_pending
                0x20008736        0x1 CMakeFiles/pico900.dir/Users/andrewherbert/Dropbox/pico/pico-sdk/src/rp2_common/hardware_timer/timer.c.obj
 *(COMMON)
                0x20008738                        . = ALIGN (0x4)
 *fill*         0x20008737        0x1 
                0x20008738                        __bss_end__ = .

.heap           0x20008738      0x800
                0x20008738                        __end__ = .
                0x20008738                        end = __end__
 *(.heap*)
 .heap          0x20008738      0x800 CMakeFiles/pico900.dir/Users/andrewherbert/Dropbox/pico/pico-sdk/src/rp2_common/pico_standard_link/crt0.S.obj
                0x20008f38                        __HeapLimit = .

.stack1_dummy   0x20040000      0x800
 *(.stack1*)
 .stack1        0x20040000      0x800 CMakeFiles/pico900.dir/Users/andrewherbert/Dropbox/pico/pico-sdk/src/rp2_common/pico_multicore/multicore.c.obj

.stack_dummy    0x20041000      0x800
 *(.stack*)
 .stack         0x20041000      0x800 CMakeFiles/pico900.dir/Users/andrewherbert/Dropbox/pico/pico-sdk/src/rp2_common/pico_standard_link/crt0.S.obj

.flash_end      0x10005918        0x0
                0x10005918                        PROVIDE (__flash_binary_end = .)
                0x20040000                        __StackLimit = (ORIGIN (RAM) + LENGTH (RAM))
                0x20041000                        __StackOneTop = (ORIGIN (SCRATCH_X) + LENGTH (SCRATCH_X))
                0x20042000                        __StackTop = (ORIGIN (SCRATCH_Y) + LENGTH (SCRATCH_Y))
                0x20040800                        __StackOneBottom = (__StackOneTop - SIZEOF (.stack1_dummy))
                0x20041800                        __StackBottom = (__StackTop - SIZEOF (.stack_dummy))
                0x20042000                        PROVIDE (__stack = __StackTop)
                0x00000001                        ASSERT ((__StackLimit >= __HeapLimit), region RAM overflowed)
                0x00000001                        ASSERT (((__binary_info_header_end - __logical_binary_start) <= 0x100), Binary info must be in first 256 bytes of the binary)
LOAD CMakeFiles/pico900.dir/pico900.c.obj
LOAD CMakeFiles/pico900.dir/Users/andrewherbert/Dropbox/pico/pico-sdk/src/rp2_common/pico_stdlib/stdlib.c.obj
LOAD CMakeFiles/pico900.dir/Users/andrewherbert/Dropbox/pico/pico-sdk/src/rp2_common/hardware_gpio/gpio.c.obj
LOAD CMakeFiles/pico900.dir/Users/andrewherbert/Dropbox/pico/pico-sdk/src/rp2_common/pico_platform/platform.c.obj
LOAD CMakeFiles/pico900.dir/Users/andrewherbert/Dropbox/pico/pico-sdk/src/rp2_common/hardware_claim/claim.c.obj
LOAD CMakeFiles/pico900.dir/Users/andrewherbert/Dropbox/pico/pico-sdk/src/rp2_common/hardware_sync/sync.c.obj
LOAD CMakeFiles/pico900.dir/Users/andrewherbert/Dropbox/pico/pico-sdk/src/rp2_common/hardware_irq/irq.c.obj
LOAD CMakeFiles/pico900.dir/Users/andrewherbert/Dropbox/pico/pico-sdk/src/rp2_common/hardware_irq/irq_handler_chain.S.obj
LOAD CMakeFiles/pico900.dir/Users/andrewherbert/Dropbox/pico/pico-sdk/src/common/pico_sync/sem.c.obj
LOAD CMakeFiles/pico900.dir/Users/andrewherbert/Dropbox/pico/pico-sdk/src/common/pico_sync/lock_core.c.obj
LOAD CMakeFiles/pico900.dir/Users/andrewherbert/Dropbox/pico/pico-sdk/src/common/pico_sync/mutex.c.obj
LOAD CMakeFiles/pico900.dir/Users/andrewherbert/Dropbox/pico/pico-sdk/src/common/pico_sync/critical_section.c.obj
LOAD CMakeFiles/pico900.dir/Users/andrewherbert/Dropbox/pico/pico-sdk/src/common/pico_time/time.c.obj
LOAD CMakeFiles/pico900.dir/Users/andrewherbert/Dropbox/pico/pico-sdk/src/common/pico_time/timeout_helper.c.obj
LOAD CMakeFiles/pico900.dir/Users/andrewherbert/Dropbox/pico/pico-sdk/src/rp2_common/hardware_timer/timer.c.obj
LOAD CMakeFiles/pico900.dir/Users/andrewherbert/Dropbox/pico/pico-sdk/src/common/pico_util/datetime.c.obj
LOAD CMakeFiles/pico900.dir/Users/andrewherbert/Dropbox/pico/pico-sdk/src/common/pico_util/pheap.c.obj
LOAD CMakeFiles/pico900.dir/Users/andrewherbert/Dropbox/pico/pico-sdk/src/common/pico_util/queue.c.obj
LOAD CMakeFiles/pico900.dir/Users/andrewherbert/Dropbox/pico/pico-sdk/src/rp2_common/hardware_uart/uart.c.obj
LOAD CMakeFiles/pico900.dir/Users/andrewherbert/Dropbox/pico/pico-sdk/src/rp2_common/hardware_clocks/clocks.c.obj
LOAD CMakeFiles/pico900.dir/Users/andrewherbert/Dropbox/pico/pico-sdk/src/rp2_common/hardware_pll/pll.c.obj
LOAD CMakeFiles/pico900.dir/Users/andrewherbert/Dropbox/pico/pico-sdk/src/rp2_common/hardware_vreg/vreg.c.obj
LOAD CMakeFiles/pico900.dir/Users/andrewherbert/Dropbox/pico/pico-sdk/src/rp2_common/hardware_watchdog/watchdog.c.obj
LOAD CMakeFiles/pico900.dir/Users/andrewherbert/Dropbox/pico/pico-sdk/src/rp2_common/hardware_xosc/xosc.c.obj
LOAD CMakeFiles/pico900.dir/Users/andrewherbert/Dropbox/pico/pico-sdk/src/rp2_common/hardware_divider/divider.S.obj
LOAD CMakeFiles/pico900.dir/Users/andrewherbert/Dropbox/pico/pico-sdk/src/rp2_common/pico_runtime/runtime.c.obj
LOAD CMakeFiles/pico900.dir/Users/andrewherbert/Dropbox/pico/pico-sdk/src/rp2_common/pico_printf/printf.c.obj
LOAD CMakeFiles/pico900.dir/Users/andrewherbert/Dropbox/pico/pico-sdk/src/rp2_common/pico_bit_ops/bit_ops_aeabi.S.obj
LOAD CMakeFiles/pico900.dir/Users/andrewherbert/Dropbox/pico/pico-sdk/src/rp2_common/pico_bootrom/bootrom.c.obj
LOAD CMakeFiles/pico900.dir/Users/andrewherbert/Dropbox/pico/pico-sdk/src/rp2_common/pico_divider/divider.S.obj
LOAD CMakeFiles/pico900.dir/Users/andrewherbert/Dropbox/pico/pico-sdk/src/rp2_common/pico_double/double_aeabi.S.obj
LOAD CMakeFiles/pico900.dir/Users/andrewherbert/Dropbox/pico/pico-sdk/src/rp2_common/pico_double/double_init_rom.c.obj
LOAD CMakeFiles/pico900.dir/Users/andrewherbert/Dropbox/pico/pico-sdk/src/rp2_common/pico_double/double_math.c.obj
LOAD CMakeFiles/pico900.dir/Users/andrewherbert/Dropbox/pico/pico-sdk/src/rp2_common/pico_double/double_v1_rom_shim.S.obj
LOAD CMakeFiles/pico900.dir/Users/andrewherbert/Dropbox/pico/pico-sdk/src/rp2_common/pico_int64_ops/pico_int64_ops_aeabi.S.obj
LOAD CMakeFiles/pico900.dir/Users/andrewherbert/Dropbox/pico/pico-sdk/src/rp2_common/pico_float/float_aeabi.S.obj
LOAD CMakeFiles/pico900.dir/Users/andrewherbert/Dropbox/pico/pico-sdk/src/rp2_common/pico_float/float_init_rom.c.obj
LOAD CMakeFiles/pico900.dir/Users/andrewherbert/Dropbox/pico/pico-sdk/src/rp2_common/pico_float/float_math.c.obj
LOAD CMakeFiles/pico900.dir/Users/andrewherbert/Dropbox/pico/pico-sdk/src/rp2_common/pico_float/float_v1_rom_shim.S.obj
LOAD CMakeFiles/pico900.dir/Users/andrewherbert/Dropbox/pico/pico-sdk/src/rp2_common/pico_malloc/pico_malloc.c.obj
LOAD CMakeFiles/pico900.dir/Users/andrewherbert/Dropbox/pico/pico-sdk/src/rp2_common/pico_mem_ops/mem_ops_aeabi.S.obj
LOAD CMakeFiles/pico900.dir/Users/andrewherbert/Dropbox/pico/pico-sdk/src/rp2_common/pico_standard_link/crt0.S.obj
LOAD CMakeFiles/pico900.dir/Users/andrewherbert/Dropbox/pico/pico-sdk/src/rp2_common/pico_standard_link/new_delete.cpp.obj
LOAD CMakeFiles/pico900.dir/Users/andrewherbert/Dropbox/pico/pico-sdk/src/rp2_common/pico_standard_link/binary_info.c.obj
LOAD CMakeFiles/pico900.dir/Users/andrewherbert/Dropbox/pico/pico-sdk/src/rp2_common/pico_stdio/stdio.c.obj
LOAD CMakeFiles/pico900.dir/Users/andrewherbert/Dropbox/pico/pico-sdk/src/rp2_common/pico_stdio_uart/stdio_uart.c.obj
LOAD CMakeFiles/pico900.dir/Users/andrewherbert/Dropbox/pico/pico-sdk/src/rp2_common/pico_multicore/multicore.c.obj
LOAD /var/folders/bd/yrtw28592k1dsbmxy9pkxn3m0000gn/T//ccmPjdDd.o
LOAD /Applications/ArmGNUToolchain/13.2.Rel1/arm-none-eabi/bin/../lib/gcc/arm-none-eabi/13.2.1/../../../../arm-none-eabi/lib/thumb/v6-m/nofp/libstdc++.a
LOAD /Applications/ArmGNUToolchain/13.2.Rel1/arm-none-eabi/bin/../lib/gcc/arm-none-eabi/13.2.1/../../../../arm-none-eabi/lib/thumb/v6-m/nofp/libm.a
START GROUP
LOAD /Applications/ArmGNUToolchain/13.2.Rel1/arm-none-eabi/bin/../lib/gcc/arm-none-eabi/13.2.1/thumb/v6-m/nofp/libgcc.a
LOAD /Applications/ArmGNUToolchain/13.2.Rel1/arm-none-eabi/bin/../lib/gcc/arm-none-eabi/13.2.1/../../../../arm-none-eabi/lib/thumb/v6-m/nofp/libc.a
END GROUP
START GROUP
LOAD /Applications/ArmGNUToolchain/13.2.Rel1/arm-none-eabi/bin/../lib/gcc/arm-none-eabi/13.2.1/thumb/v6-m/nofp/libgcc.a
LOAD /Applications/ArmGNUToolchain/13.2.Rel1/arm-none-eabi/bin/../lib/gcc/arm-none-eabi/13.2.1/../../../../arm-none-eabi/lib/thumb/v6-m/nofp/libc.a
LOAD /Applications/ArmGNUToolchain/13.2.Rel1/arm-none-eabi/bin/../lib/gcc/arm-none-eabi/13.2.1/../../../../arm-none-eabi/lib/thumb/v6-m/nofp/libnosys.a
END GROUP
LOAD /Applications/ArmGNUToolchain/13.2.Rel1/arm-none-eabi/bin/../lib/gcc/arm-none-eabi/13.2.1/thumb/v6-m/nofp/crtend.o
LOAD /Applications/ArmGNUToolchain/13.2.Rel1/arm-none-eabi/bin/../lib/gcc/arm-none-eabi/13.2.1/thumb/v6-m/nofp/crtn.o
OUTPUT(pico900.elf elf32-littlearm)
LOAD linker stubs

.ARM.attributes
                0x00000000       0x28
 .ARM.attributes
                0x00000000       0x1e /Applications/ArmGNUToolchain/13.2.Rel1/arm-none-eabi/bin/../lib/gcc/arm-none-eabi/13.2.1/thumb/v6-m/nofp/crti.o
 .ARM.attributes
                0x0000001e       0x2c /Applications/ArmGNUToolchain/13.2.Rel1/arm-none-eabi/bin/../lib/gcc/arm-none-eabi/13.2.1/thumb/v6-m/nofp/crtbegin.o
 .ARM.attributes
                0x0000004a       0x2c CMakeFiles/pico900.dir/pico900.c.obj
 .ARM.attributes
                0x00000076       0x2c CMakeFiles/pico900.dir/Users/andrewherbert/Dropbox/pico/pico-sdk/src/rp2_common/hardware_gpio/gpio.c.obj
 .ARM.attributes
                0x000000a2       0x2c CMakeFiles/pico900.dir/Users/andrewherbert/Dropbox/pico/pico-sdk/src/rp2_common/pico_platform/platform.c.obj
 .ARM.attributes
                0x000000ce       0x2c CMakeFiles/pico900.dir/Users/andrewherbert/Dropbox/pico/pico-sdk/src/rp2_common/hardware_claim/claim.c.obj
 .ARM.attributes
                0x000000fa       0x2c CMakeFiles/pico900.dir/Users/andrewherbert/Dropbox/pico/pico-sdk/src/rp2_common/hardware_sync/sync.c.obj
 .ARM.attributes
                0x00000126       0x2c CMakeFiles/pico900.dir/Users/andrewherbert/Dropbox/pico/pico-sdk/src/rp2_common/hardware_irq/irq.c.obj
 .ARM.attributes
                0x00000152       0x22 CMakeFiles/pico900.dir/Users/andrewherbert/Dropbox/pico/pico-sdk/src/rp2_common/hardware_irq/irq_handler_chain.S.obj
 .ARM.attributes
                0x00000174       0x2c CMakeFiles/pico900.dir/Users/andrewherbert/Dropbox/pico/pico-sdk/src/common/pico_sync/lock_core.c.obj
 .ARM.attributes
                0x000001a0       0x2c CMakeFiles/pico900.dir/Users/andrewherbert/Dropbox/pico/pico-sdk/src/common/pico_sync/mutex.c.obj
 .ARM.attributes
                0x000001cc       0x2c CMakeFiles/pico900.dir/Users/andrewherbert/Dropbox/pico/pico-sdk/src/common/pico_time/time.c.obj
 .ARM.attributes
                0x000001f8       0x2c CMakeFiles/pico900.dir/Users/andrewherbert/Dropbox/pico/pico-sdk/src/rp2_common/hardware_timer/timer.c.obj
 .ARM.attributes
                0x00000224       0x2c CMakeFiles/pico900.dir/Users/andrewherbert/Dropbox/pico/pico-sdk/src/common/pico_util/pheap.c.obj
 .ARM.attributes
                0x00000250       0x2c CMakeFiles/pico900.dir/Users/andrewherbert/Dropbox/pico/pico-sdk/src/rp2_common/hardware_uart/uart.c.obj
 .ARM.attributes
                0x0000027c       0x2c CMakeFiles/pico900.dir/Users/andrewherbert/Dropbox/pico/pico-sdk/src/rp2_common/hardware_clocks/clocks.c.obj
 .ARM.attributes
                0x000002a8       0x2c CMakeFiles/pico900.dir/Users/andrewherbert/Dropbox/pico/pico-sdk/src/rp2_common/hardware_pll/pll.c.obj
 .ARM.attributes
                0x000002d4       0x2c CMakeFiles/pico900.dir/Users/andrewherbert/Dropbox/pico/pico-sdk/src/rp2_common/hardware_watchdog/watchdog.c.obj
 .ARM.attributes
                0x00000300       0x2c CMakeFiles/pico900.dir/Users/andrewherbert/Dropbox/pico/pico-sdk/src/rp2_common/hardware_xosc/xosc.c.obj
 .ARM.attributes
                0x0000032c       0x2c CMakeFiles/pico900.dir/Users/andrewherbert/Dropbox/pico/pico-sdk/src/rp2_common/pico_runtime/runtime.c.obj
 .ARM.attributes
                0x00000358       0x2c CMakeFiles/pico900.dir/Users/andrewherbert/Dropbox/pico/pico-sdk/src/rp2_common/pico_printf/printf.c.obj
 .ARM.attributes
                0x00000384       0x22 CMakeFiles/pico900.dir/Users/andrewherbert/Dropbox/pico/pico-sdk/src/rp2_common/pico_bit_ops/bit_ops_aeabi.S.obj
 .ARM.attributes
                0x000003a6       0x2c CMakeFiles/pico900.dir/Users/andrewherbert/Dropbox/pico/pico-sdk/src/rp2_common/pico_bootrom/bootrom.c.obj
 .ARM.attributes
                0x000003d2       0x22 CMakeFiles/pico900.dir/Users/andrewherbert/Dropbox/pico/pico-sdk/src/rp2_common/pico_divider/divider.S.obj
 .ARM.attributes
                0x000003f4       0x22 CMakeFiles/pico900.dir/Users/andrewherbert/Dropbox/pico/pico-sdk/src/rp2_common/pico_double/double_aeabi.S.obj
 .ARM.attributes
                0x00000416       0x2c CMakeFiles/pico900.dir/Users/andrewherbert/Dropbox/pico/pico-sdk/src/rp2_common/pico_double/double_init_rom.c.obj
 .ARM.attributes
                0x00000442       0x22 CMakeFiles/pico900.dir/Users/andrewherbert/Dropbox/pico/pico-sdk/src/rp2_common/pico_double/double_v1_rom_shim.S.obj
 .ARM.attributes
                0x00000464       0x22 CMakeFiles/pico900.dir/Users/andrewherbert/Dropbox/pico/pico-sdk/src/rp2_common/pico_int64_ops/pico_int64_ops_aeabi.S.obj
 .ARM.attributes
                0x00000486       0x22 CMakeFiles/pico900.dir/Users/andrewherbert/Dropbox/pico/pico-sdk/src/rp2_common/pico_float/float_aeabi.S.obj
 .ARM.attributes
                0x000004a8       0x2c CMakeFiles/pico900.dir/Users/andrewherbert/Dropbox/pico/pico-sdk/src/rp2_common/pico_float/float_init_rom.c.obj
 .ARM.attributes
                0x000004d4       0x22 CMakeFiles/pico900.dir/Users/andrewherbert/Dropbox/pico/pico-sdk/src/rp2_common/pico_float/float_v1_rom_shim.S.obj
 .ARM.attributes
                0x000004f6       0x2c CMakeFiles/pico900.dir/Users/andrewherbert/Dropbox/pico/pico-sdk/src/rp2_common/pico_malloc/pico_malloc.c.obj
 .ARM.attributes
                0x00000522       0x22 CMakeFiles/pico900.dir/Users/andrewherbert/Dropbox/pico/pico-sdk/src/rp2_common/pico_mem_ops/mem_ops_aeabi.S.obj
 .ARM.attributes
                0x00000544       0x22 CMakeFiles/pico900.dir/Users/andrewherbert/Dropbox/pico/pico-sdk/src/rp2_common/pico_standard_link/crt0.S.obj
 .ARM.attributes
                0x00000566       0x2c CMakeFiles/pico900.dir/Users/andrewherbert/Dropbox/pico/pico-sdk/src/rp2_common/pico_standard_link/binary_info.c.obj
 .ARM.attributes
                0x00000592       0x2c CMakeFiles/pico900.dir/Users/andrewherbert/Dropbox/pico/pico-sdk/src/rp2_common/pico_stdio/stdio.c.obj
 .ARM.attributes
                0x000005be       0x2c CMakeFiles/pico900.dir/Users/andrewherbert/Dropbox/pico/pico-sdk/src/rp2_common/pico_stdio_uart/stdio_uart.c.obj
 .ARM.attributes
                0x000005ea       0x2c CMakeFiles/pico900.dir/Users/andrewherbert/Dropbox/pico/pico-sdk/src/rp2_common/pico_multicore/multicore.c.obj
 .ARM.attributes
                0x00000616       0x22 /var/folders/bd/yrtw28592k1dsbmxy9pkxn3m0000gn/T//ccmPjdDd.o
 .ARM.attributes
                0x00000638       0x1e /Applications/ArmGNUToolchain/13.2.Rel1/arm-none-eabi/bin/../lib/gcc/arm-none-eabi/13.2.1/thumb/v6-m/nofp/libgcc.a(_dvmd_tls.o)
 .ARM.attributes
                0x00000656       0x1e /Applications/ArmGNUToolchain/13.2.Rel1/arm-none-eabi/bin/../lib/gcc/arm-none-eabi/13.2.1/thumb/v6-m/nofp/libgcc.a(_lshrdi3.o)
 .ARM.attributes
                0x00000674       0x1e /Applications/ArmGNUToolchain/13.2.Rel1/arm-none-eabi/bin/../lib/gcc/arm-none-eabi/13.2.1/thumb/v6-m/nofp/libgcc.a(_ashldi3.o)
 .ARM.attributes
                0x00000692       0x1c /Applications/ArmGNUToolchain/13.2.Rel1/arm-none-eabi/bin/../lib/gcc/arm-none-eabi/13.2.1/../../../../arm-none-eabi/lib/thumb/v6-m/nofp/libc.a(libc_a-setjmp.o)
 .ARM.attributes
                0x000006ae       0x2c /Applications/ArmGNUToolchain/13.2.Rel1/arm-none-eabi/bin/../lib/gcc/arm-none-eabi/13.2.1/../../../../arm-none-eabi/lib/thumb/v6-m/nofp/libc.a(libc_a-strlen-stub.o)
 .ARM.attributes
                0x000006da       0x2c /Applications/ArmGNUToolchain/13.2.Rel1/arm-none-eabi/bin/../lib/gcc/arm-none-eabi/13.2.1/thumb/v6-m/nofp/crtend.o

.comment        0x00000000       0x44
 .comment       0x00000000       0x44 CMakeFiles/pico900.dir/pico900.c.obj
                                 0x45 (size before relaxing)
 .comment       0x00000044       0x45 CMakeFiles/pico900.dir/Users/andrewherbert/Dropbox/pico/pico-sdk/src/rp2_common/hardware_gpio/gpio.c.obj
 .comment       0x00000044       0x45 CMakeFiles/pico900.dir/Users/andrewherbert/Dropbox/pico/pico-sdk/src/rp2_common/pico_platform/platform.c.obj
 .comment       0x00000044       0x45 CMakeFiles/pico900.dir/Users/andrewherbert/Dropbox/pico/pico-sdk/src/rp2_common/hardware_claim/claim.c.obj
 .comment       0x00000044       0x45 CMakeFiles/pico900.dir/Users/andrewherbert/Dropbox/pico/pico-sdk/src/rp2_common/hardware_sync/sync.c.obj
 .comment       0x00000044       0x45 CMakeFiles/pico900.dir/Users/andrewherbert/Dropbox/pico/pico-sdk/src/rp2_common/hardware_irq/irq.c.obj
 .comment       0x00000044       0x45 CMakeFiles/pico900.dir/Users/andrewherbert/Dropbox/pico/pico-sdk/src/common/pico_sync/lock_core.c.obj
 .comment       0x00000044       0x45 CMakeFiles/pico900.dir/Users/andrewherbert/Dropbox/pico/pico-sdk/src/common/pico_sync/mutex.c.obj
 .comment       0x00000044       0x45 CMakeFiles/pico900.dir/Users/andrewherbert/Dropbox/pico/pico-sdk/src/common/pico_time/time.c.obj
 .comment       0x00000044       0x45 CMakeFiles/pico900.dir/Users/andrewherbert/Dropbox/pico/pico-sdk/src/rp2_common/hardware_timer/timer.c.obj
 .comment       0x00000044       0x45 CMakeFiles/pico900.dir/Users/andrewherbert/Dropbox/pico/pico-sdk/src/common/pico_util/pheap.c.obj
 .comment       0x00000044       0x45 CMakeFiles/pico900.dir/Users/andrewherbert/Dropbox/pico/pico-sdk/src/rp2_common/hardware_uart/uart.c.obj
 .comment       0x00000044       0x45 CMakeFiles/pico900.dir/Users/andrewherbert/Dropbox/pico/pico-sdk/src/rp2_common/hardware_clocks/clocks.c.obj
 .comment       0x00000044       0x45 CMakeFiles/pico900.dir/Users/andrewherbert/Dropbox/pico/pico-sdk/src/rp2_common/hardware_pll/pll.c.obj
 .comment       0x00000044       0x45 CMakeFiles/pico900.dir/Users/andrewherbert/Dropbox/pico/pico-sdk/src/rp2_common/hardware_watchdog/watchdog.c.obj
 .comment       0x00000044       0x45 CMakeFiles/pico900.dir/Users/andrewherbert/Dropbox/pico/pico-sdk/src/rp2_common/hardware_xosc/xosc.c.obj
 .comment       0x00000044       0x45 CMakeFiles/pico900.dir/Users/andrewherbert/Dropbox/pico/pico-sdk/src/rp2_common/pico_runtime/runtime.c.obj
 .comment       0x00000044       0x45 CMakeFiles/pico900.dir/Users/andrewherbert/Dropbox/pico/pico-sdk/src/rp2_common/pico_printf/printf.c.obj
 .comment       0x00000044       0x45 CMakeFiles/pico900.dir/Users/andrewherbert/Dropbox/pico/pico-sdk/src/rp2_common/pico_bootrom/bootrom.c.obj
 .comment       0x00000044       0x45 CMakeFiles/pico900.dir/Users/andrewherbert/Dropbox/pico/pico-sdk/src/rp2_common/pico_double/double_init_rom.c.obj
 .comment       0x00000044       0x45 CMakeFiles/pico900.dir/Users/andrewherbert/Dropbox/pico/pico-sdk/src/rp2_common/pico_float/float_init_rom.c.obj
 .comment       0x00000044       0x45 CMakeFiles/pico900.dir/Users/andrewherbert/Dropbox/pico/pico-sdk/src/rp2_common/pico_malloc/pico_malloc.c.obj
 .comment       0x00000044       0x45 CMakeFiles/pico900.dir/Users/andrewherbert/Dropbox/pico/pico-sdk/src/rp2_common/pico_standard_link/binary_info.c.obj
 .comment       0x00000044       0x45 CMakeFiles/pico900.dir/Users/andrewherbert/Dropbox/pico/pico-sdk/src/rp2_common/pico_stdio/stdio.c.obj
 .comment       0x00000044       0x45 CMakeFiles/pico900.dir/Users/andrewherbert/Dropbox/pico/pico-sdk/src/rp2_common/pico_stdio_uart/stdio_uart.c.obj
 .comment       0x00000044       0x45 CMakeFiles/pico900.dir/Users/andrewherbert/Dropbox/pico/pico-sdk/src/rp2_common/pico_multicore/multicore.c.obj

.debug_line_str
                0x00000000      0x1b3
 .debug_line_str
                0x00000000      0x1b3 /Applications/ArmGNUToolchain/13.2.Rel1/arm-none-eabi/bin/../lib/gcc/arm-none-eabi/13.2.1/thumb/v6-m/nofp/libgcc.a(_dvmd_tls.o)
                                 0xd2 (size before relaxing)
 .debug_line_str
                0x000001b3       0xd2 /Applications/ArmGNUToolchain/13.2.Rel1/arm-none-eabi/bin/../lib/gcc/arm-none-eabi/13.2.1/thumb/v6-m/nofp/libgcc.a(_lshrdi3.o)
 .debug_line_str
                0x000001b3       0xd2 /Applications/ArmGNUToolchain/13.2.Rel1/arm-none-eabi/bin/../lib/gcc/arm-none-eabi/13.2.1/thumb/v6-m/nofp/libgcc.a(_ashldi3.o)
 .debug_line_str
                0x000001b3       0xe1 /Applications/ArmGNUToolchain/13.2.Rel1/arm-none-eabi/bin/../lib/gcc/arm-none-eabi/13.2.1/../../../../arm-none-eabi/lib/thumb/v6-m/nofp/libc.a(libc_a-setjmp.o)

.debug_frame    0x00000000       0x28
 .debug_frame   0x00000000       0x28 /Applications/ArmGNUToolchain/13.2.Rel1/arm-none-eabi/bin/../lib/gcc/arm-none-eabi/13.2.1/../../../../arm-none-eabi/lib/thumb/v6-m/nofp/libc.a(libc_a-strlen-stub.o)
