Archive member included to satisfy reference by file (symbol)

/usr/lib/gcc/arm-none-eabi/7.3.1/thumb/v6-m/libgcc.a(_dvmd_tls.o)
                              CMakeFiles/pico900.dir/home/ajh2/pico/pico-sdk/src/rp2_common/pico_divider/divider.S.obj (__aeabi_idiv0)
/usr/lib/gcc/arm-none-eabi/7.3.1/../../../arm-none-eabi/lib/thumb/v6-m/libg.a(lib_a-atexit.o)
                              /usr/lib/gcc/arm-none-eabi/7.3.1/../../../arm-none-eabi/lib/thumb/v6-m/crt0.o (atexit)
/usr/lib/gcc/arm-none-eabi/7.3.1/../../../arm-none-eabi/lib/thumb/v6-m/libg.a(lib_a-calloc.o)
                              CMakeFiles/pico900.dir/home/ajh2/pico/pico-sdk/src/rp2_common/pico_malloc/pico_malloc.c.obj (calloc)
/usr/lib/gcc/arm-none-eabi/7.3.1/../../../arm-none-eabi/lib/thumb/v6-m/libg.a(lib_a-callocr.o)
                              /usr/lib/gcc/arm-none-eabi/7.3.1/../../../arm-none-eabi/lib/thumb/v6-m/libg.a(lib_a-calloc.o) (_calloc_r)
/usr/lib/gcc/arm-none-eabi/7.3.1/../../../arm-none-eabi/lib/thumb/v6-m/libg.a(lib_a-ctype_.o)
                              CMakeFiles/pico900.dir/home/ajh2/pico/pico-sdk/lib/tinyusb/src/tusb.c.obj (_ctype_)
/usr/lib/gcc/arm-none-eabi/7.3.1/../../../arm-none-eabi/lib/thumb/v6-m/libg.a(lib_a-fini.o)
                              /usr/lib/gcc/arm-none-eabi/7.3.1/../../../arm-none-eabi/lib/thumb/v6-m/crt0.o (__libc_fini_array)
/usr/lib/gcc/arm-none-eabi/7.3.1/../../../arm-none-eabi/lib/thumb/v6-m/libg.a(lib_a-impure.o)
                              /usr/lib/gcc/arm-none-eabi/7.3.1/../../../arm-none-eabi/lib/thumb/v6-m/libg.a(lib_a-calloc.o) (_impure_ptr)
/usr/lib/gcc/arm-none-eabi/7.3.1/../../../arm-none-eabi/lib/thumb/v6-m/libg.a(lib_a-init.o)
                              /usr/lib/gcc/arm-none-eabi/7.3.1/../../../arm-none-eabi/lib/thumb/v6-m/crt0.o (__libc_init_array)
/usr/lib/gcc/arm-none-eabi/7.3.1/../../../arm-none-eabi/lib/thumb/v6-m/libg.a(lib_a-malloc.o)
                              CMakeFiles/pico900.dir/home/ajh2/pico/pico-sdk/src/rp2_common/pico_malloc/pico_malloc.c.obj (malloc)
/usr/lib/gcc/arm-none-eabi/7.3.1/../../../arm-none-eabi/lib/thumb/v6-m/libg.a(lib_a-mallocr.o)
                              /usr/lib/gcc/arm-none-eabi/7.3.1/../../../arm-none-eabi/lib/thumb/v6-m/libg.a(lib_a-callocr.o) (_malloc_r)
/usr/lib/gcc/arm-none-eabi/7.3.1/../../../arm-none-eabi/lib/thumb/v6-m/libg.a(lib_a-mlock.o)
                              /usr/lib/gcc/arm-none-eabi/7.3.1/../../../arm-none-eabi/lib/thumb/v6-m/libg.a(lib_a-mallocr.o) (__malloc_lock)
/usr/lib/gcc/arm-none-eabi/7.3.1/../../../arm-none-eabi/lib/thumb/v6-m/libg.a(lib_a-sbrkr.o)
                              /usr/lib/gcc/arm-none-eabi/7.3.1/../../../arm-none-eabi/lib/thumb/v6-m/libg.a(lib_a-mallocr.o) (_sbrk_r)
/usr/lib/gcc/arm-none-eabi/7.3.1/../../../arm-none-eabi/lib/thumb/v6-m/libg.a(lib_a-strlen-stub.o)
                              CMakeFiles/pico900.dir/home/ajh2/pico/pico-sdk/src/rp2_common/pico_stdio/stdio.c.obj (strlen)
/usr/lib/gcc/arm-none-eabi/7.3.1/../../../arm-none-eabi/lib/thumb/v6-m/libg.a(lib_a-__atexit.o)
                              /usr/lib/gcc/arm-none-eabi/7.3.1/../../../arm-none-eabi/lib/thumb/v6-m/libg.a(lib_a-atexit.o) (__register_exitproc)
/usr/lib/gcc/arm-none-eabi/7.3.1/../../../arm-none-eabi/lib/thumb/v6-m/libg.a(lib_a-freer.o)
                              /usr/lib/gcc/arm-none-eabi/7.3.1/../../../arm-none-eabi/lib/thumb/v6-m/libg.a(lib_a-malloc.o) (_free_r)
/usr/lib/gcc/arm-none-eabi/7.3.1/../../../arm-none-eabi/lib/thumb/v6-m/libg.a(lib_a-reent.o)
                              /usr/lib/gcc/arm-none-eabi/7.3.1/../../../arm-none-eabi/lib/thumb/v6-m/libg.a(lib_a-sbrkr.o) (errno)

Allocating common symbols
Common symbol       size              file

sf_table            0x100             CMakeFiles/pico900.dir/home/ajh2/pico/pico-sdk/src/rp2_common/pico_float/float_init_rom.c.obj
errno               0x4               /usr/lib/gcc/arm-none-eabi/7.3.1/../../../arm-none-eabi/lib/thumb/v6-m/libg.a(lib_a-reent.o)
store               0x8000            CMakeFiles/pico900.dir/pico900.c.obj
_usbd_qdef_buf      0xc0              CMakeFiles/pico900.dir/home/ajh2/pico/pico-sdk/lib/tinyusb/src/device/usbd.c.obj
sf_clz_func         0x4               CMakeFiles/pico900.dir/home/ajh2/pico/pico-sdk/src/rp2_common/pico_float/float_init_rom.c.obj
sd_table            0x100             CMakeFiles/pico900.dir/home/ajh2/pico/pico-sdk/src/rp2_common/pico_double/double_init_rom.c.obj
uart_char_to_line_feed
                    0x4               CMakeFiles/pico900.dir/home/ajh2/pico/pico-sdk/src/rp2_common/hardware_uart/uart.c.obj

Discarded input sections

 .text          0x00000000        0x0 /usr/lib/gcc/arm-none-eabi/7.3.1/thumb/v6-m/crti.o
 .data          0x00000000        0x0 /usr/lib/gcc/arm-none-eabi/7.3.1/thumb/v6-m/crti.o
 .bss           0x00000000        0x0 /usr/lib/gcc/arm-none-eabi/7.3.1/thumb/v6-m/crti.o
 .data          0x00000000        0x4 /usr/lib/gcc/arm-none-eabi/7.3.1/thumb/v6-m/crtbegin.o
[...]
Memory Configuration

Name             Origin             Length             Attributes
FLASH            0x10000000         0x00200000         xr
RAM              0x20000000         0x00040000         xrw
SCRATCH_X        0x20040000         0x00001000         xrw
SCRATCH_Y        0x20041000         0x00001000         xrw
*default*        0x00000000         0xffffffff

Linker script and memory map

LOAD /usr/lib/gcc/arm-none-eabi/7.3.1/thumb/v6-m/crti.o
LOAD /usr/lib/gcc/arm-none-eabi/7.3.1/thumb/v6-m/crtbegin.o
LOAD /usr/lib/gcc/arm-none-eabi/7.3.1/../../../arm-none-eabi/lib/thumb/v6-m/crt0.o

.flash_begin    0x10000000        0x0
                0x10000000                __flash_binary_start = .

.boot2          0x10000000      0x100
                0x10000000                __boot2_start__ = .
 *(.boot2)
 .boot2         0x10000000      0x100 /tmp/ccWBt96B.o
                0x10000100                __boot2_end__ = .
                0x00000001                ASSERT (((__boot2_end__ - __boot2_start__) == 0x100), ERROR: Pico second stage bootloader must be 256 bytes in size)

.text           0x10000100     0x7478
                0x10000100                __logical_binary_start = .
 *(.vectors)
 .vectors       0x10000100       0xd4 CMakeFiles/pico900.dir/home/ajh2/pico/pico-sdk/src/rp2_common/pico_standard_link/crt0.S.obj
                0x10000100                __vectors
                0x100001c0                isr_invalid
                0x100001c2                isr_nmi
                0x100001c4                isr_hardfault
                0x100001c6                isr_svcall
                0x100001c8                isr_pendsv
                0x100001ca                isr_systick
                0x100001cc                isr_irq30
                0x100001cc                __unhandled_user_irq
                0x100001cc                isr_irq13
                0x100001cc                isr_irq27
                0x100001cc                isr_irq31
                0x100001cc                isr_irq5
                0x100001cc                isr_irq11
                0x100001cc                isr_irq23
                0x100001cc                isr_irq18
                0x100001cc                isr_irq28
                0x100001cc                isr_irq19
                0x100001cc                isr_irq0
                0x100001cc                isr_irq6
                0x100001cc                isr_irq22
                0x100001cc                isr_irq17
                0x100001cc                isr_irq14
                0x100001cc                isr_irq2
                0x100001cc                isr_irq10
                0x100001cc                isr_irq8
                0x100001cc                isr_irq24
                0x100001cc                isr_irq1
                0x100001cc                isr_irq7
                0x100001cc                isr_irq21
                0x100001cc                isr_irq20
                0x100001cc                isr_irq15
                0x100001cc                isr_irq25
                0x100001cc                isr_irq4
                0x100001cc                isr_irq16
                0x100001cc                isr_irq29
                0x100001cc                isr_irq26
                0x100001cc                isr_irq3
                0x100001cc                isr_irq12
                0x100001cc                isr_irq9
                0x100001d2                unhandled_user_irq_num_in_r0
 *(.binary_info_header)
 .binary_info_header
                0x100001d4       0x14 CMakeFiles/pico900.dir/home/ajh2/pico/pico-sdk/src/rp2_common/pico_standard_link/crt0.S.obj
                0x100001e8                __binary_info_header_end = .
 *(.reset)
 .reset         0x100001e8       0xa8 CMakeFiles/pico900.dir/home/ajh2/pico/pico-sdk/src/rp2_common/pico_standard_link/crt0.S.obj
                0x100001e8                _entry_point
                0x10000266                __get_current_exception
 .reset         0x10000290       0x30 CMakeFiles/pico900.dir/home/ajh2/pico/pico-sdk/src/rp2_common/pico_standard_link/binary_info.c.obj
 *(.init)
 .init          0x100002c0        0x4 /usr/lib/gcc/arm-none-eabi/7.3.1/thumb/v6-m/crti.o
                0x100002c0                _init
 *(EXCLUDE_FILE(*libm.a: *libc.a:*lib_a-mem*.o *libgcc.a:) .text*)
 .text          0x100002c4       0x98 /usr/lib/gcc/arm-none-eabi/7.3.1/thumb/v6-m/crtbegin.o
 .text.clear_store
                0x1000035c       0x20 CMakeFiles/pico900.dir/pico900.c.obj
                0x1000035c                clear_store
 .text.make_instruction
                0x1000037c        0xa CMakeFiles/pico900.dir/pico900.c.obj
                0x1000037c                make_instruction
 *fill*         0x10000386        0x2 
 .text.load_initial_instructions
                0x10000388       0xfc CMakeFiles/pico900.dir/pico900.c.obj
                0x10000388                load_initial_instructions
 .text.set_up_gpios
                0x10000484       0x50 CMakeFiles/pico900.dir/pico900.c.obj
                0x10000484                set_up_gpios
 .text.fast_blink
                0x100004d4       0x1c CMakeFiles/pico900.dir/pico900.c.obj
                0x100004d4                fast_blink
 .text.slow_blink
                0x100004f0       0x1e CMakeFiles/pico900.dir/pico900.c.obj
                0x100004f0                slow_blink
 .text.steady_glow
                0x1000050e        0xc CMakeFiles/pico900.dir/pico900.c.obj
                0x1000050e                steady_glow
 *fill*         0x1000051a        0x2 
 .text.emulation_fail
                0x1000051c       0x54 CMakeFiles/pico900.dir/pico900.c.obj
                0x1000051c                emulation_fail
 .text.no_power
                0x10000570        0xe CMakeFiles/pico900.dir/pico900.c.obj
                0x10000570                no_power
 *fill*         0x1000057e        0x2 
 .text.wait_for_power
                0x10000580       0x44 CMakeFiles/pico900.dir/pico900.c.obj
                0x10000580                wait_for_power
 .text.wait_for_ack
                0x100005c4       0x50 CMakeFiles/pico900.dir/pico900.c.obj
                0x100005c4                wait_for_ack
 .text.wait_for_no_ack
                0x10000614       0x50 CMakeFiles/pico900.dir/pico900.c.obj
                0x10000614                wait_for_no_ack
 .text.get_reader_ch
                0x10000664       0x28 CMakeFiles/pico900.dir/pico900.c.obj
                0x10000664                get_reader_ch
 .text.read_tape
                0x1000068c       0x20 CMakeFiles/pico900.dir/pico900.c.obj
                0x1000068c                read_tape
 .text.read_tty
                0x100006ac       0x20 CMakeFiles/pico900.dir/pico900.c.obj
                0x100006ac                read_tty
 .text.put_punch_ch
                0x100006cc       0x26 CMakeFiles/pico900.dir/pico900.c.obj
                0x100006cc                put_punch_ch
 *fill*         0x100006f2        0x2 
 .text.punch_tape
                0x100006f4       0x24 CMakeFiles/pico900.dir/pico900.c.obj
                0x100006f4                punch_tape
 .text.put_tty_ch
                0x10000718       0x2e CMakeFiles/pico900.dir/pico900.c.obj
                0x10000718                put_tty_ch
 *fill*         0x10000746        0x2 
 .text.write_tty
                0x10000748       0x24 CMakeFiles/pico900.dir/pico900.c.obj
                0x10000748                write_tty
 .text.emulate  0x1000076c      0x44c CMakeFiles/pico900.dir/pico900.c.obj
                0x1000076c                emulate
 .text.main     0x10000bb8       0x48 CMakeFiles/pico900.dir/pico900.c.obj
                0x10000bb8                main
 .text.gpio_set_function
                0x10000c00       0x30 CMakeFiles/pico900.dir/home/ajh2/pico/pico-sdk/src/rp2_common/hardware_gpio/gpio.c.obj
                0x10000c00                gpio_set_function
 .text.gpio_set_pulls
                0x10000c30       0x34 CMakeFiles/pico900.dir/home/ajh2/pico/pico-sdk/src/rp2_common/hardware_gpio/gpio.c.obj
                0x10000c30                gpio_set_pulls
 .text.hw_claim_lock
                0x10000c64       0x18 CMakeFiles/pico900.dir/home/ajh2/pico/pico-sdk/src/rp2_common/hardware_claim/claim.c.obj
                0x10000c64                hw_claim_lock
 .text.hw_claim_unlock
                0x10000c7c       0x14 CMakeFiles/pico900.dir/home/ajh2/pico/pico-sdk/src/rp2_common/hardware_claim/claim.c.obj
                0x10000c7c                hw_claim_unlock
 .text.hw_claim_or_assert
                0x10000c90       0x36 CMakeFiles/pico900.dir/home/ajh2/pico/pico-sdk/src/rp2_common/hardware_claim/claim.c.obj
                0x10000c90                hw_claim_or_assert
 .text.hw_claim_unused_from_range
                0x10000cc6       0x54 CMakeFiles/pico900.dir/home/ajh2/pico/pico-sdk/src/rp2_common/hardware_claim/claim.c.obj
                0x10000cc6                hw_claim_unused_from_range
 *fill*         0x10000d1a        0x2 
 .text.spin_locks_reset
                0x10000d1c       0x20 CMakeFiles/pico900.dir/home/ajh2/pico/pico-sdk/src/rp2_common/hardware_sync/sync.c.obj
                0x10000d1c                spin_locks_reset
 .text.next_striped_spin_lock_num
                0x10000d3c       0x1c CMakeFiles/pico900.dir/home/ajh2/pico/pico-sdk/src/rp2_common/hardware_sync/sync.c.obj
                0x10000d3c                next_striped_spin_lock_num
 .text.spin_lock_claim_unused
                0x10000d58       0x20 CMakeFiles/pico900.dir/home/ajh2/pico/pico-sdk/src/rp2_common/hardware_sync/sync.c.obj
                0x10000d58                spin_lock_claim_unused
 .text.running_on_fpga
                0x10000d78       0x14 CMakeFiles/pico900.dir/home/ajh2/pico/pico-sdk/src/rp2_common/pico_platform/platform.c.obj
                0x10000d78                running_on_fpga
 .text.uart_set_baudrate
                0x10000d8c       0x60 CMakeFiles/pico900.dir/home/ajh2/pico/pico-sdk/src/rp2_common/hardware_uart/uart.c.obj
                0x10000d8c                uart_set_baudrate
 .text.uart_set_translate_crlf
                0x10000dec       0x28 CMakeFiles/pico900.dir/home/ajh2/pico/pico-sdk/src/rp2_common/hardware_uart/uart.c.obj
                0x10000dec                uart_set_translate_crlf
 .text.uart_init
                0x10000e14       0x84 CMakeFiles/pico900.dir/home/ajh2/pico/pico-sdk/src/rp2_common/hardware_uart/uart.c.obj
                0x10000e14                uart_init
 .text.sev_callback
                0x10000e98        0x8 CMakeFiles/pico900.dir/home/ajh2/pico/pico-sdk/src/common/pico_time/time.c.obj
 .text.alarm_pool_post_alloc_init
                0x10000ea0       0x40 CMakeFiles/pico900.dir/home/ajh2/pico/pico-sdk/src/common/pico_time/time.c.obj
 .text.timer_pool_entry_comparator
                0x10000ee0       0x7c CMakeFiles/pico900.dir/home/ajh2/pico/pico-sdk/src/common/pico_time/time.c.obj
                0x10000ee0                timer_pool_entry_comparator
 .text.ph_add_child_node
                0x10000f5c       0xa4 CMakeFiles/pico900.dir/home/ajh2/pico/pico-sdk/src/common/pico_time/time.c.obj
 .text.ph_merge_nodes
                0x10001000       0x3a CMakeFiles/pico900.dir/home/ajh2/pico/pico-sdk/src/common/pico_time/time.c.obj
 *fill*         0x1000103a        0x2 
 .text.add_alarm_under_lock
                0x1000103c      0x180 CMakeFiles/pico900.dir/home/ajh2/pico/pico-sdk/src/common/pico_time/time.c.obj
 .text.alarm_pool_alarm_callback
                0x100011bc      0x344 CMakeFiles/pico900.dir/home/ajh2/pico/pico-sdk/src/common/pico_time/time.c.obj
 .text.alarm_pool_init_default
                0x10001500       0x2c CMakeFiles/pico900.dir/home/ajh2/pico/pico-sdk/src/common/pico_time/time.c.obj
                0x10001500                alarm_pool_init_default
 .text.alarm_pool_get_default
                0x1000152c       0x2c CMakeFiles/pico900.dir/home/ajh2/pico/pico-sdk/src/common/pico_time/time.c.obj
                0x1000152c                alarm_pool_get_default
 .text.alarm_pool_add_alarm_at
                0x10001558      0x168 CMakeFiles/pico900.dir/home/ajh2/pico/pico-sdk/src/common/pico_time/time.c.obj
                0x10001558                alarm_pool_add_alarm_at
 .text.alarm_pool_cancel_alarm
                0x100016c0       0xec CMakeFiles/pico900.dir/home/ajh2/pico/pico-sdk/src/common/pico_time/time.c.obj
                0x100016c0                alarm_pool_cancel_alarm
 .text.sleep_until
                0x100017ac       0xd4 CMakeFiles/pico900.dir/home/ajh2/pico/pico-sdk/src/common/pico_time/time.c.obj
                0x100017ac                sleep_until
 .text.sleep_us
                0x10001880       0x54 CMakeFiles/pico900.dir/home/ajh2/pico/pico-sdk/src/common/pico_time/time.c.obj
                0x10001880                sleep_us
 .text.sleep_ms
                0x100018d4       0x14 CMakeFiles/pico900.dir/home/ajh2/pico/pico-sdk/src/common/pico_time/time.c.obj
                0x100018d4                sleep_ms
 .text.best_effort_wfe_or_timeout
                0x100018e8       0x80 CMakeFiles/pico900.dir/home/ajh2/pico/pico-sdk/src/common/pico_time/time.c.obj
                0x100018e8                best_effort_wfe_or_timeout
 .text.hardware_alarm_irq_handler
                0x10001968       0x8c CMakeFiles/pico900.dir/home/ajh2/pico/pico-sdk/src/rp2_common/hardware_timer/timer.c.obj
 .text.hardware_alarm_claim
                0x100019f4       0x18 CMakeFiles/pico900.dir/home/ajh2/pico/pico-sdk/src/rp2_common/hardware_timer/timer.c.obj
                0x100019f4                hardware_alarm_claim
 .text.time_us_64
                0x10001a0c       0x18 CMakeFiles/pico900.dir/home/ajh2/pico/pico-sdk/src/rp2_common/hardware_timer/timer.c.obj
                0x10001a0c                time_us_64
 .text.busy_wait_until
                0x10001a24       0x28 CMakeFiles/pico900.dir/home/ajh2/pico/pico-sdk/src/rp2_common/hardware_timer/timer.c.obj
                0x10001a24                busy_wait_until
 .text.hardware_alarm_set_callback
                0x10001a4c       0x90 CMakeFiles/pico900.dir/home/ajh2/pico/pico-sdk/src/rp2_common/hardware_timer/timer.c.obj
                0x10001a4c                hardware_alarm_set_callback
 .text.hardware_alarm_set_target
                0x10001adc       0xe8 CMakeFiles/pico900.dir/home/ajh2/pico/pico-sdk/src/rp2_common/hardware_timer/timer.c.obj
                0x10001adc                hardware_alarm_set_target
 .text.hardware_alarm_cancel
                0x10001bc4       0x40 CMakeFiles/pico900.dir/home/ajh2/pico/pico-sdk/src/rp2_common/hardware_timer/timer.c.obj
                0x10001bc4                hardware_alarm_cancel
 .text.lock_init
                0x10001c04       0x10 CMakeFiles/pico900.dir/home/ajh2/pico/pico-sdk/src/common/pico_sync/lock_core.c.obj
                0x10001c04                lock_init
 .text.mutex_init
                0x10001c14       0x1a CMakeFiles/pico900.dir/home/ajh2/pico/pico-sdk/src/common/pico_sync/mutex.c.obj
                0x10001c14                mutex_init
 .text.critical_section_init_with_lock_num
                0x10001c2e        0xc CMakeFiles/pico900.dir/home/ajh2/pico/pico-sdk/src/common/pico_sync/critical_section.c.obj
                0x10001c2e                critical_section_init_with_lock_num
 .text.critical_section_init
                0x10001c3a       0x14 CMakeFiles/pico900.dir/home/ajh2/pico/pico-sdk/src/common/pico_sync/critical_section.c.obj
                0x10001c3a                critical_section_init
 *fill*         0x10001c4e        0x2 
 .text.ph_add_child_node
                0x10001c50       0xa4 CMakeFiles/pico900.dir/home/ajh2/pico/pico-sdk/src/common/pico_util/pheap.c.obj
 .text.ph_merge_nodes
                0x10001cf4       0x3a CMakeFiles/pico900.dir/home/ajh2/pico/pico-sdk/src/common/pico_util/pheap.c.obj
 *fill*         0x10001d2e        0x2 
 .text.ph_clear
                0x10001d30       0x70 CMakeFiles/pico900.dir/home/ajh2/pico/pico-sdk/src/common/pico_util/pheap.c.obj
                0x10001d30                ph_clear
 .text.ph_post_alloc_init
                0x10001da0        0xe CMakeFiles/pico900.dir/home/ajh2/pico/pico-sdk/src/common/pico_util/pheap.c.obj
                0x10001da0                ph_post_alloc_init
 *fill*         0x10001dae        0x2 
 .text.ph_merge_two_pass
                0x10001db0       0xac CMakeFiles/pico900.dir/home/ajh2/pico/pico-sdk/src/common/pico_util/pheap.c.obj
                0x10001db0                ph_merge_two_pass
 .text.ph_remove_any_head
                0x10001e5c      0x108 CMakeFiles/pico900.dir/home/ajh2/pico/pico-sdk/src/common/pico_util/pheap.c.obj
 .text.ph_remove_head
                0x10001f64       0x14 CMakeFiles/pico900.dir/home/ajh2/pico/pico-sdk/src/common/pico_util/pheap.c.obj
                0x10001f64                ph_remove_head
 .text.ph_remove_and_free_node
                0x10001f78       0xf8 CMakeFiles/pico900.dir/home/ajh2/pico/pico-sdk/src/common/pico_util/pheap.c.obj
                0x10001f78                ph_remove_and_free_node
 .text.runtime_init
                0x10002070       0xcc CMakeFiles/pico900.dir/home/ajh2/pico/pico-sdk/src/rp2_common/pico_runtime/runtime.c.obj
                0x10002070                runtime_init
 .text._exit    0x1000213c        0x4 CMakeFiles/pico900.dir/home/ajh2/pico/pico-sdk/src/rp2_common/pico_runtime/runtime.c.obj
                0x1000213c                _exit
 .text.exit     0x10002140        0x6 CMakeFiles/pico900.dir/home/ajh2/pico/pico-sdk/src/rp2_common/pico_runtime/runtime.c.obj
                0x10002140                exit
 *fill*         0x10002146        0x2 
 .text.__assert_func
                0x10002148       0x3c CMakeFiles/pico900.dir/home/ajh2/pico/pico-sdk/src/rp2_common/pico_runtime/runtime.c.obj
                0x10002148                __assert_func
 .text.panic    0x10002184       0x30 CMakeFiles/pico900.dir/home/ajh2/pico/pico-sdk/src/rp2_common/pico_runtime/runtime.c.obj
                0x10002184                panic
 .text.clock_configure
                0x100021b4       0xec CMakeFiles/pico900.dir/home/ajh2/pico/pico-sdk/src/rp2_common/hardware_clocks/clocks.c.obj
                0x100021b4                clock_configure
 .text.clocks_init
                0x100022a0      0x124 CMakeFiles/pico900.dir/home/ajh2/pico/pico-sdk/src/rp2_common/hardware_clocks/clocks.c.obj
                0x100022a0                clocks_init
 .text.clock_get_hz
                0x100023c4        0xc CMakeFiles/pico900.dir/home/ajh2/pico/pico-sdk/src/rp2_common/hardware_clocks/clocks.c.obj
                0x100023c4                clock_get_hz
 .text.watchdog_start_tick
                0x100023d0       0x10 CMakeFiles/pico900.dir/home/ajh2/pico/pico-sdk/src/rp2_common/hardware_watchdog/watchdog.c.obj
                0x100023d0                watchdog_start_tick
 .text.watchdog_update
                0x100023e0       0x14 CMakeFiles/pico900.dir/home/ajh2/pico/pico-sdk/src/rp2_common/hardware_watchdog/watchdog.c.obj
                0x100023e0                watchdog_update
 .text._watchdog_enable
                0x100023f4       0x6c CMakeFiles/pico900.dir/home/ajh2/pico/pico-sdk/src/rp2_common/hardware_watchdog/watchdog.c.obj
                0x100023f4                _watchdog_enable
 .text.watchdog_reboot
                0x10002460       0x44 CMakeFiles/pico900.dir/home/ajh2/pico/pico-sdk/src/rp2_common/hardware_watchdog/watchdog.c.obj
                0x10002460                watchdog_reboot
 .text.xosc_init
                0x100024a4       0x28 CMakeFiles/pico900.dir/home/ajh2/pico/pico-sdk/src/rp2_common/hardware_xosc/xosc.c.obj
                0x100024a4                xosc_init
 .text.pll_init
                0x100024cc       0xcc CMakeFiles/pico900.dir/home/ajh2/pico/pico-sdk/src/rp2_common/hardware_pll/pll.c.obj
                0x100024cc                pll_init
 .text.set_raw_irq_handler_and_unlock
                0x10002598       0x28 CMakeFiles/pico900.dir/home/ajh2/pico/pico-sdk/src/rp2_common/hardware_irq/irq.c.obj
 .text.make_branch
                0x100025c0       0x34 CMakeFiles/pico900.dir/home/ajh2/pico/pico-sdk/src/rp2_common/hardware_irq/irq.c.obj
 .text.insert_branch_and_link
                0x100025f4       0x40 CMakeFiles/pico900.dir/home/ajh2/pico/pico-sdk/src/rp2_common/hardware_irq/irq.c.obj
 .text.irq_is_enabled
                0x10002634       0x18 CMakeFiles/pico900.dir/home/ajh2/pico/pico-sdk/src/rp2_common/hardware_irq/irq.c.obj
                0x10002634                irq_is_enabled
 .text.irq_set_mask_enabled
                0x1000264c       0x20 CMakeFiles/pico900.dir/home/ajh2/pico/pico-sdk/src/rp2_common/hardware_irq/irq.c.obj
                0x1000264c                irq_set_mask_enabled
 .text.irq_set_enabled
                0x1000266c        0xe CMakeFiles/pico900.dir/home/ajh2/pico/pico-sdk/src/rp2_common/hardware_irq/irq.c.obj
                0x1000266c                irq_set_enabled
 *fill*         0x1000267a        0x2 
 .text.irq_set_pending
                0x1000267c       0x10 CMakeFiles/pico900.dir/home/ajh2/pico/pico-sdk/src/rp2_common/hardware_irq/irq.c.obj
                0x1000267c                irq_set_pending
 .text.irq_get_vtable_handler
                0x1000268c       0x10 CMakeFiles/pico900.dir/home/ajh2/pico/pico-sdk/src/rp2_common/hardware_irq/irq.c.obj
                0x1000268c                irq_get_vtable_handler
 .text.irq_set_exclusive_handler
                0x1000269c       0x54 CMakeFiles/pico900.dir/home/ajh2/pico/pico-sdk/src/rp2_common/hardware_irq/irq.c.obj
                0x1000269c                irq_set_exclusive_handler
 .text.irq_remove_handler
                0x100026f0      0x1b4 CMakeFiles/pico900.dir/home/ajh2/pico/pico-sdk/src/rp2_common/hardware_irq/irq.c.obj
                0x100026f0                irq_remove_handler
 .text.irq_set_priority
                0x100028a4       0x28 CMakeFiles/pico900.dir/home/ajh2/pico/pico-sdk/src/rp2_common/hardware_irq/irq.c.obj
                0x100028a4                irq_set_priority
 .text.irq_add_tail_to_free_list
                0x100028cc       0xf0 CMakeFiles/pico900.dir/home/ajh2/pico/pico-sdk/src/rp2_common/hardware_irq/irq.c.obj
                0x100028cc                irq_add_tail_to_free_list
 .text.irq_init_priorities
                0x100029bc       0x16 CMakeFiles/pico900.dir/home/ajh2/pico/pico-sdk/src/rp2_common/hardware_irq/irq.c.obj
                0x100029bc                irq_init_priorities
 .text._out_null
                0x100029d2        0x2 CMakeFiles/pico900.dir/home/ajh2/pico/pico-sdk/src/rp2_common/pico_printf/printf.c.obj
 .text._out_fct
                0x100029d4        0xe CMakeFiles/pico900.dir/home/ajh2/pico/pico-sdk/src/rp2_common/pico_printf/printf.c.obj
 .text._atoi    0x100029e2       0x24 CMakeFiles/pico900.dir/home/ajh2/pico/pico-sdk/src/rp2_common/pico_printf/printf.c.obj
 .text._out_rev
                0x10002a06       0x8c CMakeFiles/pico900.dir/home/ajh2/pico/pico-sdk/src/rp2_common/pico_printf/printf.c.obj
 .text._ntoa_format
                0x10002a92      0x112 CMakeFiles/pico900.dir/home/ajh2/pico/pico-sdk/src/rp2_common/pico_printf/printf.c.obj
 .text._ntoa_long
                0x10002ba4       0x9e CMakeFiles/pico900.dir/home/ajh2/pico/pico-sdk/src/rp2_common/pico_printf/printf.c.obj
 .text._ntoa_long_long
                0x10002c42       0xe2 CMakeFiles/pico900.dir/home/ajh2/pico/pico-sdk/src/rp2_common/pico_printf/printf.c.obj
 .text._etoa    0x10002d24      0x424 CMakeFiles/pico900.dir/home/ajh2/pico/pico-sdk/src/rp2_common/pico_printf/printf.c.obj
 .text._ftoa    0x10003148      0x340 CMakeFiles/pico900.dir/home/ajh2/pico/pico-sdk/src/rp2_common/pico_printf/printf.c.obj
 .text._vsnprintf
                0x10003488      0x640 CMakeFiles/pico900.dir/home/ajh2/pico/pico-sdk/src/rp2_common/pico_printf/printf.c.obj
 .text.vfctprintf
                0x10003ac8       0x20 CMakeFiles/pico900.dir/home/ajh2/pico/pico-sdk/src/rp2_common/pico_printf/printf.c.obj
                0x10003ac8                vfctprintf
 .text          0x10003ae8       0x10 CMakeFiles/pico900.dir/home/ajh2/pico/pico-sdk/src/rp2_common/pico_bit_ops/bit_ops_aeabi.S.obj
 .text.rom_func_lookup
                0x10003af8       0x10 CMakeFiles/pico900.dir/home/ajh2/pico/pico-sdk/src/rp2_common/pico_bootrom/bootrom.c.obj
                0x10003af8                rom_func_lookup
 .text.rom_data_lookup
                0x10003b08       0x10 CMakeFiles/pico900.dir/home/ajh2/pico/pico-sdk/src/rp2_common/pico_bootrom/bootrom.c.obj
                0x10003b08                rom_data_lookup
 .text.rom_funcs_lookup
                0x10003b18       0x36 CMakeFiles/pico900.dir/home/ajh2/pico/pico-sdk/src/rp2_common/pico_bootrom/bootrom.c.obj
                0x10003b18                rom_funcs_lookup
 *fill*         0x10003b4e        0x2 
 .text.__wrap___aeabi_idiv
                0x10003b50       0x58 CMakeFiles/pico900.dir/home/ajh2/pico/pico-sdk/src/rp2_common/pico_divider/divider.S.obj
                0x10003b50                __wrap___aeabi_idivmod
                0x10003b50                divmod_s32s32
                0x10003b50                div_s32s32
                0x10003b50                __wrap___aeabi_idiv
                0x10003b58                divmod_s32s32_unsafe
                0x10003b84                divmod_s32s32_savestate
 .text.__wrap___aeabi_uidiv
                0x10003ba8       0x54 CMakeFiles/pico900.dir/home/ajh2/pico/pico-sdk/src/rp2_common/pico_divider/divider.S.obj
                0x10003ba8                __wrap___aeabi_uidiv
                0x10003ba8                __wrap___aeabi_uidivmod
                0x10003ba8                div_u32u32
                0x10003ba8                divmod_u32u32
                0x10003bb0                divmod_u32u32_unsafe
                0x10003bd8                divmod_u32u32_savestate
 .text.__wrap___aeabi_ldiv
                0x10003bfc      0x430 CMakeFiles/pico900.dir/home/ajh2/pico/pico-sdk/src/rp2_common/pico_divider/divider.S.obj
                0x10003bfc                div_s64s64
                0x10003bfc                divmod_s64s64
                0x10003bfc                __wrap___aeabi_ldivmod
                0x10003c34                div_u64u64
                0x10003c34                divmod_u64u64
                0x10003c34                __wrap___aeabi_uldivmod
                0x10003c44                divmod_u64u64_savestate
                0x10003c6c                divmod_s64s64_unsafe
                0x10003cf4                divmod_u64u64_unsafe
 .text.__wrap___aeabi_darithmetic
                0x1000402c       0x54 CMakeFiles/pico900.dir/home/ajh2/pico/pico-sdk/src/rp2_common/pico_double/double_aeabi.S.obj
                0x1000402c                __wrap___aeabi_drsub
                0x10004032                __wrap___aeabi_dsub
                0x10004044                __wrap___aeabi_dadd
                0x10004056                __wrap___aeabi_ddiv
                0x10004068                __wrap___aeabi_dmul
 .text.__wrap___aeabi_cdcmple
                0x10004080       0x6c CMakeFiles/pico900.dir/home/ajh2/pico/pico-sdk/src/rp2_common/pico_double/double_aeabi.S.obj
                0x10004080                __wrap___aeabi_cdrcmple
                0x10004090                __wrap___aeabi_cdcmple
                0x10004090                __wrap___aeabi_cdcmpeq
 .text.__wrap___aeabi_dcmplt
                0x100040ec        0xc CMakeFiles/pico900.dir/home/ajh2/pico/pico-sdk/src/rp2_common/pico_double/double_aeabi.S.obj
                0x100040ec                __wrap___aeabi_dcmplt
 .text.__wrap___aeabi_dcmple
                0x100040f8       0x10 CMakeFiles/pico900.dir/home/ajh2/pico/pico-sdk/src/rp2_common/pico_double/double_aeabi.S.obj
                0x100040f8                __wrap___aeabi_dcmple
 .text.__wrap___aeabi_dcmpge
                0x10004108       0x10 CMakeFiles/pico900.dir/home/ajh2/pico/pico-sdk/src/rp2_common/pico_double/double_aeabi.S.obj
                0x10004108                __wrap___aeabi_dcmpge
 .text.__wrap___aeabi_dcmpgt
                0x10004118        0xa CMakeFiles/pico900.dir/home/ajh2/pico/pico-sdk/src/rp2_common/pico_double/double_aeabi.S.obj
                0x10004118                __wrap___aeabi_dcmpgt
 .text.__wrap___aeabi_dcmpun
                0x10004122       0x1c CMakeFiles/pico900.dir/home/ajh2/pico/pico-sdk/src/rp2_common/pico_double/double_aeabi.S.obj
                0x10004122                __wrap___aeabi_dcmpun
 *fill*         0x1000413e        0x2 
 .text.__wrap___aeabi_i2d
                0x10004140       0x38 CMakeFiles/pico900.dir/home/ajh2/pico/pico-sdk/src/rp2_common/pico_double/double_aeabi.S.obj
                0x10004140                __wrap___aeabi_ui2d
                0x10004148                __wrap___aeabi_i2d
 .text.__wrap___aeabi_d2iz
                0x10004178       0x48 CMakeFiles/pico900.dir/home/ajh2/pico/pico-sdk/src/rp2_common/pico_double/double_aeabi.S.obj
                0x10004178                __wrap___aeabi_d2iz
                0x10004178                double2int_z
 .text.__wrap___aeabi_d2uiz
                0x100041c0       0x18 CMakeFiles/pico900.dir/home/ajh2/pico/pico-sdk/src/rp2_common/pico_double/double_aeabi.S.obj
                0x100041c0                double2uint
                0x100041c0                __wrap___aeabi_d2uiz
 .text.__aeabi_double_init
                0x100041d8       0xb8 CMakeFiles/pico900.dir/home/ajh2/pico/pico-sdk/src/rp2_common/pico_double/double_init_rom.c.obj
                0x100041d8                __aeabi_double_init
 .text.double_table_shim_on_use_helper
                0x10004290       0x34 CMakeFiles/pico900.dir/home/ajh2/pico/pico-sdk/src/rp2_common/pico_double/double_v1_rom_shim.S.obj
                0x10004290                double_table_shim_on_use_helper
 .text.__wrap___aeabi_dsub
                0x100042c4       0x10 CMakeFiles/pico900.dir/home/ajh2/pico/pico-sdk/src/rp2_common/pico_double/double_v1_rom_shim.S.obj
                0x100042c4                drsub_shim
                0x100042ca                dsub_shim
 .text.dadd_shim
                0x100042d4      0x15c CMakeFiles/pico900.dir/home/ajh2/pico/pico-sdk/src/rp2_common/pico_double/double_v1_rom_shim.S.obj
                0x100042d4                dadd_shim
 .text.dmul_shim
                0x10004430      0x15c CMakeFiles/pico900.dir/home/ajh2/pico/pico-sdk/src/rp2_common/pico_double/double_v1_rom_shim.S.obj
                0x10004430                dmul_shim
 .text.ddiv_shim
                0x1000458c      0x1b0 CMakeFiles/pico900.dir/home/ajh2/pico/pico-sdk/src/rp2_common/pico_double/double_v1_rom_shim.S.obj
                0x1000458c                ddiv_shim
 .text.dcordic_rot_step
                0x1000473c       0x7c CMakeFiles/pico900.dir/home/ajh2/pico/pico-sdk/src/rp2_common/pico_double/double_v1_rom_shim.S.obj
                0x1000473c                dcordic_rot_step
 .text.double2uint_shim
                0x100047b8        0xe CMakeFiles/pico900.dir/home/ajh2/pico/pico-sdk/src/rp2_common/pico_double/double_v1_rom_shim.S.obj
                0x100047b8                double2uint_shim
                0x100047ba                double2ufix_shim
 *fill*         0x100047c6        0x2 
 .text.double2uint64_shim
                0x100047c8       0x6c CMakeFiles/pico900.dir/home/ajh2/pico/pico-sdk/src/rp2_common/pico_double/double_v1_rom_shim.S.obj
                0x100047c8                double2uint64_shim
                0x100047ca                double2ufix64_shim
                0x100047e4                d2fix_a
 .text.dunpacks
                0x10004834       0x3c CMakeFiles/pico900.dir/home/ajh2/pico/pico-sdk/src/rp2_common/pico_double/double_v1_rom_shim.S.obj
                0x10004834                dunpacks
 .text.__aeabi_lmul
                0x10004870       0x32 CMakeFiles/pico900.dir/home/ajh2/pico/pico-sdk/src/rp2_common/pico_int64_ops/pico_int64_ops_aeabi.S.obj
                0x10004870                __wrap___aeabi_lmul
 *fill*         0x100048a2        0x2 
 .text.__aeabi_float_init
                0x100048a4       0xfc CMakeFiles/pico900.dir/home/ajh2/pico/pico-sdk/src/rp2_common/pico_float/float_init_rom.c.obj
                0x100048a4                __aeabi_float_init
 .text.float_table_shim_on_use_helper
                0x100049a0       0x34 CMakeFiles/pico900.dir/home/ajh2/pico/pico-sdk/src/rp2_common/pico_float/float_v1_rom_shim.S.obj
                0x100049a0                float_table_shim_on_use_helper
 .text          0x100049d4       0x10 CMakeFiles/pico900.dir/home/ajh2/pico/pico-sdk/src/rp2_common/pico_mem_ops/mem_ops_aeabi.S.obj
                0x100049d4                __aeabi_mem_init
 .text.memset   0x100049e4        0xc CMakeFiles/pico900.dir/home/ajh2/pico/pico-sdk/src/rp2_common/pico_mem_ops/mem_ops_aeabi.S.obj
                0x100049e4                __wrap_memset
 .text.memcpy   0x100049f0        0xc CMakeFiles/pico900.dir/home/ajh2/pico/pico-sdk/src/rp2_common/pico_mem_ops/mem_ops_aeabi.S.obj
                0x100049f0                __wrap___aeabi_memcpy
                0x100049f0                __wrap_memcpy
 .text.stdio_out_chars_crlf
                0x100049fc       0x80 CMakeFiles/pico900.dir/home/ajh2/pico/pico-sdk/src/rp2_common/pico_stdio/stdio.c.obj
 .text.stdio_stack_buffer_flush
                0x10004a7c       0x44 CMakeFiles/pico900.dir/home/ajh2/pico/pico-sdk/src/rp2_common/pico_stdio/stdio.c.obj
 .text.stdio_buffered_printer
                0x10004ac0       0x20 CMakeFiles/pico900.dir/home/ajh2/pico/pico-sdk/src/rp2_common/pico_stdio/stdio.c.obj
 .text.stdout_serialize_begin
                0x10004ae0       0x2c CMakeFiles/pico900.dir/home/ajh2/pico/pico-sdk/src/rp2_common/pico_stdio/stdio.c.obj
                0x10004ae0                stdout_serialize_begin
 .text.stdout_serialize_end
                0x10004b0c       0x10 CMakeFiles/pico900.dir/home/ajh2/pico/pico-sdk/src/rp2_common/pico_stdio/stdio.c.obj
                0x10004b0c                stdout_serialize_end
 .text.stdio_put_string
                0x10004b1c       0x78 CMakeFiles/pico900.dir/home/ajh2/pico/pico-sdk/src/rp2_common/pico_stdio/stdio.c.obj
 .text.stdio_set_driver_enabled
                0x10004b94       0x38 CMakeFiles/pico900.dir/home/ajh2/pico/pico-sdk/src/rp2_common/pico_stdio/stdio.c.obj
                0x10004b94                stdio_set_driver_enabled
 .text.stdio_flush
                0x10004bcc       0x20 CMakeFiles/pico900.dir/home/ajh2/pico/pico-sdk/src/rp2_common/pico_stdio/stdio.c.obj
                0x10004bcc                stdio_flush
 .text.__wrap_puts
                0x10004bec       0x1c CMakeFiles/pico900.dir/home/ajh2/pico/pico-sdk/src/rp2_common/pico_stdio/stdio.c.obj
                0x10004bec                __wrap_puts
 .text.__wrap_vprintf
                0x10004c08       0x44 CMakeFiles/pico900.dir/home/ajh2/pico/pico-sdk/src/rp2_common/pico_stdio/stdio.c.obj
                0x10004c08                __wrap_vprintf
 .text.__wrap_printf
                0x10004c4c       0x18 CMakeFiles/pico900.dir/home/ajh2/pico/pico-sdk/src/rp2_common/pico_stdio/stdio.c.obj
                0x10004c4c                __wrap_printf
 .text.stdio_init_all
                0x10004c64        0xc CMakeFiles/pico900.dir/home/ajh2/pico/pico-sdk/src/rp2_common/pico_stdio/stdio.c.obj
                0x10004c64                stdio_init_all
 .text.stdio_uart_out_chars
                0x10004c70       0x70 CMakeFiles/pico900.dir/home/ajh2/pico/pico-sdk/src/rp2_common/pico_stdio_uart/stdio_uart.c.obj
 .text.stdio_uart_in_chars
                0x10004ce0       0x50 CMakeFiles/pico900.dir/home/ajh2/pico/pico-sdk/src/rp2_common/pico_stdio_uart/stdio_uart.c.obj
                0x10004ce0                stdio_uart_in_chars
 .text.stdio_uart_init_full
                0x10004d30       0x3c CMakeFiles/pico900.dir/home/ajh2/pico/pico-sdk/src/rp2_common/pico_stdio_uart/stdio_uart.c.obj
                0x10004d30                stdio_uart_init_full
 .text.stdio_uart_init
                0x10004d6c       0x28 CMakeFiles/pico900.dir/home/ajh2/pico/pico-sdk/src/rp2_common/pico_stdio_uart/stdio_uart.c.obj
                0x10004d6c                stdio_uart_init
 .text.resetd_init
                0x10004d94        0x2 CMakeFiles/pico900.dir/home/ajh2/pico/pico-sdk/src/rp2_common/pico_stdio_usb/reset_interface.c.obj
 *fill*         0x10004d96        0x2 
 .text.resetd_reset
                0x10004d98        0xc CMakeFiles/pico900.dir/home/ajh2/pico/pico-sdk/src/rp2_common/pico_stdio_usb/reset_interface.c.obj
 .text.resetd_open
                0x10004da4       0x34 CMakeFiles/pico900.dir/home/ajh2/pico/pico-sdk/src/rp2_common/pico_stdio_usb/reset_interface.c.obj
 .text.resetd_control_complete_cb
                0x10004dd8        0x4 CMakeFiles/pico900.dir/home/ajh2/pico/pico-sdk/src/rp2_common/pico_stdio_usb/reset_interface.c.obj
 .text.resetd_xfer_cb
                0x10004ddc        0x4 CMakeFiles/pico900.dir/home/ajh2/pico/pico-sdk/src/rp2_common/pico_stdio_usb/reset_interface.c.obj
 .text.resetd_control_request_cb
                0x10004de0       0x64 CMakeFiles/pico900.dir/home/ajh2/pico/pico-sdk/src/rp2_common/pico_stdio_usb/reset_interface.c.obj
 .text.usbd_app_driver_get_cb
                0x10004e44        0xc CMakeFiles/pico900.dir/home/ajh2/pico/pico-sdk/src/rp2_common/pico_stdio_usb/reset_interface.c.obj
                0x10004e44                usbd_app_driver_get_cb
 .text.tud_cdc_line_coding_cb
                0x10004e50       0x34 CMakeFiles/pico900.dir/home/ajh2/pico/pico-sdk/src/rp2_common/pico_stdio_usb/reset_interface.c.obj
                0x10004e50                tud_cdc_line_coding_cb
 .text.stdio_usb_in_chars
                0x10004e84       0x70 CMakeFiles/pico900.dir/home/ajh2/pico/pico-sdk/src/rp2_common/pico_stdio_usb/stdio_usb.c.obj
                0x10004e84                stdio_usb_in_chars
 .text.low_priority_worker_irq
                0x10004ef4       0x20 CMakeFiles/pico900.dir/home/ajh2/pico/pico-sdk/src/rp2_common/pico_stdio_usb/stdio_usb.c.obj
 .text.stdio_usb_out_chars
                0x10004f14       0xd4 CMakeFiles/pico900.dir/home/ajh2/pico/pico-sdk/src/rp2_common/pico_stdio_usb/stdio_usb.c.obj
 .text.timer_task
                0x10004fe8       0x10 CMakeFiles/pico900.dir/home/ajh2/pico/pico-sdk/src/rp2_common/pico_stdio_usb/stdio_usb.c.obj
 .text.stdio_usb_init
                0x10004ff8       0xb4 CMakeFiles/pico900.dir/home/ajh2/pico/pico-sdk/src/rp2_common/pico_stdio_usb/stdio_usb.c.obj
                0x10004ff8                stdio_usb_init
 .text.tud_descriptor_device_cb
                0x100050ac        0x8 CMakeFiles/pico900.dir/home/ajh2/pico/pico-sdk/src/rp2_common/pico_stdio_usb/stdio_usb_descriptors.c.obj
                0x100050ac                tud_descriptor_device_cb
 .text.tud_descriptor_configuration_cb
                0x100050b4        0x8 CMakeFiles/pico900.dir/home/ajh2/pico/pico-sdk/src/rp2_common/pico_stdio_usb/stdio_usb_descriptors.c.obj
                0x100050b4                tud_descriptor_configuration_cb
 .text.tud_descriptor_string_cb
                0x100050bc       0x50 CMakeFiles/pico900.dir/home/ajh2/pico/pico-sdk/src/rp2_common/pico_stdio_usb/stdio_usb_descriptors.c.obj
                0x100050bc                tud_descriptor_string_cb
 .text.hw_endpoint_get_by_addr
                0x1000510c       0x1c CMakeFiles/pico900.dir/home/ajh2/pico/pico-sdk/lib/tinyusb/src/portable/raspberrypi/rp2040/dcd_rp2040.c.obj
 .text.reset_ep0
                0x10005128       0x2c CMakeFiles/pico900.dir/home/ajh2/pico/pico-sdk/lib/tinyusb/src/portable/raspberrypi/rp2040/dcd_rp2040.c.obj
 .text._hw_endpoint_alloc
                0x10005154       0x7c CMakeFiles/pico900.dir/home/ajh2/pico/pico-sdk/lib/tinyusb/src/portable/raspberrypi/rp2040/dcd_rp2040.c.obj
 .text._hw_endpoint_init
                0x100051d0       0xbc CMakeFiles/pico900.dir/home/ajh2/pico/pico-sdk/lib/tinyusb/src/portable/raspberrypi/rp2040/dcd_rp2040.c.obj
 .text.hw_endpoint_init
                0x1000528c       0x18 CMakeFiles/pico900.dir/home/ajh2/pico/pico-sdk/lib/tinyusb/src/portable/raspberrypi/rp2040/dcd_rp2040.c.obj
 .text.hw_handle_buff_status
                0x100052a4       0xbc CMakeFiles/pico900.dir/home/ajh2/pico/pico-sdk/lib/tinyusb/src/portable/raspberrypi/rp2040/dcd_rp2040.c.obj
 .text.dcd_rp2040_irq
                0x10005360       0x84 CMakeFiles/pico900.dir/home/ajh2/pico/pico-sdk/lib/tinyusb/src/portable/raspberrypi/rp2040/dcd_rp2040.c.obj
 .text.hw_endpoint_xfer
                0x100053e4       0x18 CMakeFiles/pico900.dir/home/ajh2/pico/pico-sdk/lib/tinyusb/src/portable/raspberrypi/rp2040/dcd_rp2040.c.obj
 .text.ep0_0len_status
                0x100053fc       0x14 CMakeFiles/pico900.dir/home/ajh2/pico/pico-sdk/lib/tinyusb/src/portable/raspberrypi/rp2040/dcd_rp2040.c.obj
 .text._hw_endpoint_stall
                0x10005410       0x54 CMakeFiles/pico900.dir/home/ajh2/pico/pico-sdk/lib/tinyusb/src/portable/raspberrypi/rp2040/dcd_rp2040.c.obj
 .text.hw_endpoint_stall
                0x10005464        0xc CMakeFiles/pico900.dir/home/ajh2/pico/pico-sdk/lib/tinyusb/src/portable/raspberrypi/rp2040/dcd_rp2040.c.obj
 .text._hw_endpoint_clear_stall
                0x10005470       0x34 CMakeFiles/pico900.dir/home/ajh2/pico/pico-sdk/lib/tinyusb/src/portable/raspberrypi/rp2040/dcd_rp2040.c.obj
 .text.hw_endpoint_clear_stall
                0x100054a4        0xc CMakeFiles/pico900.dir/home/ajh2/pico/pico-sdk/lib/tinyusb/src/portable/raspberrypi/rp2040/dcd_rp2040.c.obj
 .text.dcd_int_enable
                0x100054b0       0x2c CMakeFiles/pico900.dir/home/ajh2/pico/pico-sdk/lib/tinyusb/src/portable/raspberrypi/rp2040/dcd_rp2040.c.obj
                0x100054b0                dcd_int_enable
 .text.dcd_set_address
                0x100054dc       0x30 CMakeFiles/pico900.dir/home/ajh2/pico/pico-sdk/lib/tinyusb/src/portable/raspberrypi/rp2040/dcd_rp2040.c.obj
                0x100054dc                dcd_set_address
 .text.dcd_connect
                0x1000550c       0x30 CMakeFiles/pico900.dir/home/ajh2/pico/pico-sdk/lib/tinyusb/src/portable/raspberrypi/rp2040/dcd_rp2040.c.obj
                0x1000550c                dcd_connect
 .text.dcd_init
                0x1000553c       0x90 CMakeFiles/pico900.dir/home/ajh2/pico/pico-sdk/lib/tinyusb/src/portable/raspberrypi/rp2040/dcd_rp2040.c.obj
                0x1000553c                dcd_init
 .text.dcd_edpt0_status_complete
                0x100055cc       0x44 CMakeFiles/pico900.dir/home/ajh2/pico/pico-sdk/lib/tinyusb/src/portable/raspberrypi/rp2040/dcd_rp2040.c.obj
                0x100055cc                dcd_edpt0_status_complete
 .text.dcd_edpt_open
                0x10005610       0x40 CMakeFiles/pico900.dir/home/ajh2/pico/pico-sdk/lib/tinyusb/src/portable/raspberrypi/rp2040/dcd_rp2040.c.obj
                0x10005610                dcd_edpt_open
 .text.dcd_edpt_xfer
                0x10005650       0x34 CMakeFiles/pico900.dir/home/ajh2/pico/pico-sdk/lib/tinyusb/src/portable/raspberrypi/rp2040/dcd_rp2040.c.obj
                0x10005650                dcd_edpt_xfer
 .text.dcd_edpt_stall
                0x10005684       0x28 CMakeFiles/pico900.dir/home/ajh2/pico/pico-sdk/lib/tinyusb/src/portable/raspberrypi/rp2040/dcd_rp2040.c.obj
                0x10005684                dcd_edpt_stall
 .text.dcd_edpt_clear_stall
                0x100056ac       0x28 CMakeFiles/pico900.dir/home/ajh2/pico/pico-sdk/lib/tinyusb/src/portable/raspberrypi/rp2040/dcd_rp2040.c.obj
                0x100056ac                dcd_edpt_clear_stall
 .text.rp2040_usb_init
                0x100056d4       0x50 CMakeFiles/pico900.dir/home/ajh2/pico/pico-sdk/lib/tinyusb/src/portable/raspberrypi/rp2040/rp2040_usb.c.obj
                0x100056d4                rp2040_usb_init
 .text.hw_endpoint_reset_transfer
                0x10005724       0x14 CMakeFiles/pico900.dir/home/ajh2/pico/pico-sdk/lib/tinyusb/src/portable/raspberrypi/rp2040/rp2040_usb.c.obj
                0x10005724                hw_endpoint_reset_transfer
 .text._hw_endpoint_buffer_control_update32
                0x10005738       0x54 CMakeFiles/pico900.dir/home/ajh2/pico/pico-sdk/lib/tinyusb/src/portable/raspberrypi/rp2040/rp2040_usb.c.obj
                0x10005738                _hw_endpoint_buffer_control_update32
 .text._hw_endpoint_start_next_buffer
                0x1000578c       0x5a CMakeFiles/pico900.dir/home/ajh2/pico/pico-sdk/lib/tinyusb/src/portable/raspberrypi/rp2040/rp2040_usb.c.obj
                0x1000578c                _hw_endpoint_start_next_buffer
 .text._hw_endpoint_xfer_start
                0x100057e6       0x46 CMakeFiles/pico900.dir/home/ajh2/pico/pico-sdk/lib/tinyusb/src/portable/raspberrypi/rp2040/rp2040_usb.c.obj
                0x100057e6                _hw_endpoint_xfer_start
 .text._hw_endpoint_xfer_sync
                0x1000582c       0x74 CMakeFiles/pico900.dir/home/ajh2/pico/pico-sdk/lib/tinyusb/src/portable/raspberrypi/rp2040/rp2040_usb.c.obj
                0x1000582c                _hw_endpoint_xfer_sync
 .text._hw_endpoint_xfer_continue
                0x100058a0       0x58 CMakeFiles/pico900.dir/home/ajh2/pico/pico-sdk/lib/tinyusb/src/portable/raspberrypi/rp2040/rp2040_usb.c.obj
                0x100058a0                _hw_endpoint_xfer_continue
 .text._hw_endpoint_xfer
                0x100058f8       0x34 CMakeFiles/pico900.dir/home/ajh2/pico/pico-sdk/lib/tinyusb/src/portable/raspberrypi/rp2040/rp2040_usb.c.obj
                0x100058f8                _hw_endpoint_xfer
 .text.mark_interface_endpoint
                0x1000592c       0x2a CMakeFiles/pico900.dir/home/ajh2/pico/pico-sdk/lib/tinyusb/src/device/usbd.c.obj
 *fill*         0x10005956        0x2 
 .text.usbd_reset
                0x10005958       0x8c CMakeFiles/pico900.dir/home/ajh2/pico/pico-sdk/lib/tinyusb/src/device/usbd.c.obj
 .text.invoke_class_control
                0x100059e4       0x18 CMakeFiles/pico900.dir/home/ajh2/pico/pico-sdk/lib/tinyusb/src/device/usbd.c.obj
 .text.process_set_config
                0x100059fc      0x1d8 CMakeFiles/pico900.dir/home/ajh2/pico/pico-sdk/lib/tinyusb/src/device/usbd.c.obj
 .text.process_get_descriptor
                0x10005bd4      0x100 CMakeFiles/pico900.dir/home/ajh2/pico/pico-sdk/lib/tinyusb/src/device/usbd.c.obj
 .text.tud_mounted
                0x10005cd4       0x10 CMakeFiles/pico900.dir/home/ajh2/pico/pico-sdk/lib/tinyusb/src/device/usbd.c.obj
                0x10005cd4                tud_mounted
 .text.tud_suspended
                0x10005ce4       0x10 CMakeFiles/pico900.dir/home/ajh2/pico/pico-sdk/lib/tinyusb/src/device/usbd.c.obj
                0x10005ce4                tud_suspended
 .text.tud_init
                0x10005cf4       0xb8 CMakeFiles/pico900.dir/home/ajh2/pico/pico-sdk/lib/tinyusb/src/device/usbd.c.obj
                0x10005cf4                tud_init
 .text.dcd_event_handler
                0x10005dac      0x1c0 CMakeFiles/pico900.dir/home/ajh2/pico/pico-sdk/lib/tinyusb/src/device/usbd.c.obj
                0x10005dac                dcd_event_handler
 .text.dcd_event_bus_signal
                0x10005f6c       0x28 CMakeFiles/pico900.dir/home/ajh2/pico/pico-sdk/lib/tinyusb/src/device/usbd.c.obj
                0x10005f6c                dcd_event_bus_signal
 .text.dcd_event_setup_received
                0x10005f94       0x34 CMakeFiles/pico900.dir/home/ajh2/pico/pico-sdk/lib/tinyusb/src/device/usbd.c.obj
                0x10005f94                dcd_event_setup_received
 .text.dcd_event_xfer_complete
                0x10005fc8       0x46 CMakeFiles/pico900.dir/home/ajh2/pico/pico-sdk/lib/tinyusb/src/device/usbd.c.obj
                0x10005fc8                dcd_event_xfer_complete
 .text.usbd_edpt_open
                0x1000600e        0x8 CMakeFiles/pico900.dir/home/ajh2/pico/pico-sdk/lib/tinyusb/src/device/usbd.c.obj
                0x1000600e                usbd_edpt_open
 *fill*         0x10006016        0x2 
 .text.usbd_open_edpt_pair
                0x10006018       0x84 CMakeFiles/pico900.dir/home/ajh2/pico/pico-sdk/lib/tinyusb/src/device/usbd.c.obj
                0x10006018                usbd_open_edpt_pair
 .text.usbd_edpt_claim
                0x1000609c       0x88 CMakeFiles/pico900.dir/home/ajh2/pico/pico-sdk/lib/tinyusb/src/device/usbd.c.obj
                0x1000609c                usbd_edpt_claim
 .text.usbd_edpt_release
                0x10006124       0x68 CMakeFiles/pico900.dir/home/ajh2/pico/pico-sdk/lib/tinyusb/src/device/usbd.c.obj
                0x10006124                usbd_edpt_release
 .text.usbd_edpt_xfer
                0x1000618c       0x80 CMakeFiles/pico900.dir/home/ajh2/pico/pico-sdk/lib/tinyusb/src/device/usbd.c.obj
                0x1000618c                usbd_edpt_xfer
 .text.usbd_edpt_stall
                0x1000620c       0x2c CMakeFiles/pico900.dir/home/ajh2/pico/pico-sdk/lib/tinyusb/src/device/usbd.c.obj
                0x1000620c                usbd_edpt_stall
 .text.usbd_edpt_clear_stall
                0x10006238       0x2c CMakeFiles/pico900.dir/home/ajh2/pico/pico-sdk/lib/tinyusb/src/device/usbd.c.obj
                0x10006238                usbd_edpt_clear_stall
 .text.usbd_edpt_stalled
                0x10006264       0x1c CMakeFiles/pico900.dir/home/ajh2/pico/pico-sdk/lib/tinyusb/src/device/usbd.c.obj
                0x10006264                usbd_edpt_stalled
 .text.process_control_request
                0x10006280      0x37c CMakeFiles/pico900.dir/home/ajh2/pico/pico-sdk/lib/tinyusb/src/device/usbd.c.obj
 .text.tud_task
                0x100065fc      0x204 CMakeFiles/pico900.dir/home/ajh2/pico/pico-sdk/lib/tinyusb/src/device/usbd.c.obj
                0x100065fc                tud_task
 .text._data_stage_xact
                0x10006800       0x58 CMakeFiles/pico900.dir/home/ajh2/pico/pico-sdk/lib/tinyusb/src/device/usbd_control.c.obj
 .text.tud_control_status
                0x10006858       0x38 CMakeFiles/pico900.dir/home/ajh2/pico/pico-sdk/lib/tinyusb/src/device/usbd_control.c.obj
                0x10006858                tud_control_status
 .text.tud_control_xfer
                0x10006890       0xa4 CMakeFiles/pico900.dir/home/ajh2/pico/pico-sdk/lib/tinyusb/src/device/usbd_control.c.obj
                0x10006890                tud_control_xfer
 .text.usbd_control_reset
                0x10006934       0x14 CMakeFiles/pico900.dir/home/ajh2/pico/pico-sdk/lib/tinyusb/src/device/usbd_control.c.obj
                0x10006934                usbd_control_reset
 .text.usbd_control_set_complete_callback
                0x10006948        0xc CMakeFiles/pico900.dir/home/ajh2/pico/pico-sdk/lib/tinyusb/src/device/usbd_control.c.obj
                0x10006948                usbd_control_set_complete_callback
 .text.usbd_control_set_request
                0x10006954       0x1c CMakeFiles/pico900.dir/home/ajh2/pico/pico-sdk/lib/tinyusb/src/device/usbd_control.c.obj
                0x10006954                usbd_control_set_request
 .text.usbd_control_xfer_cb
                0x10006970       0xec CMakeFiles/pico900.dir/home/ajh2/pico/pico-sdk/lib/tinyusb/src/device/usbd_control.c.obj
                0x10006970                usbd_control_xfer_cb
 .text._prep_out_transaction
                0x10006a5c       0x46 CMakeFiles/pico900.dir/home/ajh2/pico/pico-sdk/lib/tinyusb/src/class/cdc/cdc_device.c.obj
 *fill*         0x10006aa2        0x2 
 .text.tud_cdc_n_connected
                0x10006aa4       0x48 CMakeFiles/pico900.dir/home/ajh2/pico/pico-sdk/lib/tinyusb/src/class/cdc/cdc_device.c.obj
                0x10006aa4                tud_cdc_n_connected
 .text.tud_cdc_n_available
                0x10006aec       0x1c CMakeFiles/pico900.dir/home/ajh2/pico/pico-sdk/lib/tinyusb/src/class/cdc/cdc_device.c.obj
                0x10006aec                tud_cdc_n_available
 .text.tud_cdc_n_read
                0x10006b08       0x30 CMakeFiles/pico900.dir/home/ajh2/pico/pico-sdk/lib/tinyusb/src/class/cdc/cdc_device.c.obj
                0x10006b08                tud_cdc_n_read
 .text.tud_cdc_n_write_flush
                0x10006b38       0xc4 CMakeFiles/pico900.dir/home/ajh2/pico/pico-sdk/lib/tinyusb/src/class/cdc/cdc_device.c.obj
                0x10006b38                tud_cdc_n_write_flush
 .text.tud_cdc_n_write
                0x10006bfc       0x38 CMakeFiles/pico900.dir/home/ajh2/pico/pico-sdk/lib/tinyusb/src/class/cdc/cdc_device.c.obj
                0x10006bfc                tud_cdc_n_write
 .text.tud_cdc_n_write_available
                0x10006c34       0x1c CMakeFiles/pico900.dir/home/ajh2/pico/pico-sdk/lib/tinyusb/src/class/cdc/cdc_device.c.obj
                0x10006c34                tud_cdc_n_write_available
 .text.cdcd_init
                0x10006c50       0xd4 CMakeFiles/pico900.dir/home/ajh2/pico/pico-sdk/lib/tinyusb/src/class/cdc/cdc_device.c.obj
                0x10006c50                cdcd_init
 .text.cdcd_reset
                0x10006d24       0x44 CMakeFiles/pico900.dir/home/ajh2/pico/pico-sdk/lib/tinyusb/src/class/cdc/cdc_device.c.obj
                0x10006d24                cdcd_reset
 .text.cdcd_open
                0x10006d68      0x110 CMakeFiles/pico900.dir/home/ajh2/pico/pico-sdk/lib/tinyusb/src/class/cdc/cdc_device.c.obj
                0x10006d68                cdcd_open
 .text.cdcd_control_complete
                0x10006e78       0x60 CMakeFiles/pico900.dir/home/ajh2/pico/pico-sdk/lib/tinyusb/src/class/cdc/cdc_device.c.obj
                0x10006e78                cdcd_control_complete
 .text.cdcd_control_request
                0x10006ed8       0x9c CMakeFiles/pico900.dir/home/ajh2/pico/pico-sdk/lib/tinyusb/src/class/cdc/cdc_device.c.obj
                0x10006ed8                cdcd_control_request
 .text.cdcd_xfer_cb
                0x10006f74      0x134 CMakeFiles/pico900.dir/home/ajh2/pico/pico-sdk/lib/tinyusb/src/class/cdc/cdc_device.c.obj
                0x10006f74                cdcd_xfer_cb
 .text.tusb_init
                0x100070a8       0x38 CMakeFiles/pico900.dir/home/ajh2/pico/pico-sdk/lib/tinyusb/src/tusb.c.obj
                0x100070a8                tusb_init
 .text.tusb_inited
                0x100070e0        0xc CMakeFiles/pico900.dir/home/ajh2/pico/pico-sdk/lib/tinyusb/src/tusb.c.obj
                0x100070e0                tusb_inited
 .text.advance_pointer
                0x100070ec       0x20 CMakeFiles/pico900.dir/home/ajh2/pico/pico-sdk/lib/tinyusb/src/common/tusb_fifo.c.obj
 .text.backward_pointer
                0x1000710c       0x20 CMakeFiles/pico900.dir/home/ajh2/pico/pico-sdk/lib/tinyusb/src/common/tusb_fifo.c.obj
 .text.get_relative_pointer
                0x1000712c       0x16 CMakeFiles/pico900.dir/home/ajh2/pico/pico-sdk/lib/tinyusb/src/common/tusb_fifo.c.obj
 .text.tu_fifo_lock
                0x10007142       0x12 CMakeFiles/pico900.dir/home/ajh2/pico/pico-sdk/lib/tinyusb/src/common/tusb_fifo.c.obj
 .text.tu_fifo_unlock
                0x10007154        0xe CMakeFiles/pico900.dir/home/ajh2/pico/pico-sdk/lib/tinyusb/src/common/tusb_fifo.c.obj
 .text._tu_fifo_peek_at
                0x10007162       0x5e CMakeFiles/pico900.dir/home/ajh2/pico/pico-sdk/lib/tinyusb/src/common/tusb_fifo.c.obj
 .text._ff_pull_n
                0x100071c0       0x4a CMakeFiles/pico900.dir/home/ajh2/pico/pico-sdk/lib/tinyusb/src/common/tusb_fifo.c.obj
 .text._tu_fifo_peek_at_n
                0x1000720a       0x72 CMakeFiles/pico900.dir/home/ajh2/pico/pico-sdk/lib/tinyusb/src/common/tusb_fifo.c.obj
 .text._ff_push_n
                0x1000727c       0x4a CMakeFiles/pico900.dir/home/ajh2/pico/pico-sdk/lib/tinyusb/src/common/tusb_fifo.c.obj
 .text.tu_fifo_config
                0x100072c6       0x48 CMakeFiles/pico900.dir/home/ajh2/pico/pico-sdk/lib/tinyusb/src/common/tusb_fifo.c.obj
                0x100072c6                tu_fifo_config
 .text.tu_fifo_count
                0x1000730e       0x1a CMakeFiles/pico900.dir/home/ajh2/pico/pico-sdk/lib/tinyusb/src/common/tusb_fifo.c.obj
                0x1000730e                tu_fifo_count
 .text.tu_fifo_remaining
                0x10007328       0x20 CMakeFiles/pico900.dir/home/ajh2/pico/pico-sdk/lib/tinyusb/src/common/tusb_fifo.c.obj
                0x10007328                tu_fifo_remaining
 .text.tu_fifo_read
                0x10007348       0x3a CMakeFiles/pico900.dir/home/ajh2/pico/pico-sdk/lib/tinyusb/src/common/tusb_fifo.c.obj
                0x10007348                tu_fifo_read
 .text.tu_fifo_read_n
                0x10007382       0x3e CMakeFiles/pico900.dir/home/ajh2/pico/pico-sdk/lib/tinyusb/src/common/tusb_fifo.c.obj
                0x10007382                tu_fifo_read_n
 .text.tu_fifo_write
                0x100073c0       0x5c CMakeFiles/pico900.dir/home/ajh2/pico/pico-sdk/lib/tinyusb/src/common/tusb_fifo.c.obj
                0x100073c0                tu_fifo_write
 .text.tu_fifo_write_n
                0x1000741c       0x7c CMakeFiles/pico900.dir/home/ajh2/pico/pico-sdk/lib/tinyusb/src/common/tusb_fifo.c.obj
                0x1000741c                tu_fifo_write_n
 .text.tu_fifo_clear
                0x10007498       0x18 CMakeFiles/pico900.dir/home/ajh2/pico/pico-sdk/lib/tinyusb/src/common/tusb_fifo.c.obj
                0x10007498                tu_fifo_clear
 .text          0x100074b0       0x64 /usr/lib/gcc/arm-none-eabi/7.3.1/../../../arm-none-eabi/lib/thumb/v6-m/libg.a(lib_a-strlen-stub.o)
                0x100074b0                strlen
 *(.fini)
 .fini          0x10007514        0x4 /usr/lib/gcc/arm-none-eabi/7.3.1/thumb/v6-m/crti.o
                0x10007514                _fini
 .fini.__stub   0x10007518       0x60 linker stubs
 *crtbegin.o(.ctors)
 *crtbegin?.o(.ctors)
 *(EXCLUDE_FILE(*crtend.o *crtend?.o) .ctors)
 *(SORT_BY_NAME(.ctors.*))
 *(.ctors)
 *crtbegin.o(.dtors)
 *crtbegin?.o(.dtors)
 *(EXCLUDE_FILE(*crtend.o *crtend?.o) .dtors)
 *(SORT_BY_NAME(.dtors.*))
 *(.dtors)
 *(.eh_frame*)
 .eh_frame      0x10007578        0x0 /usr/lib/gcc/arm-none-eabi/7.3.1/thumb/v6-m/crtbegin.o
                0x10007578                . = ALIGN (0x4)

.glue_7         0x10007578        0x0
 .glue_7        0x10007578        0x0 linker stubs

.glue_7t        0x10007578        0x0
 .glue_7t       0x10007578        0x0 linker stubs

.vfp11_veneer   0x10007578        0x0
 .vfp11_veneer  0x10007578        0x0 linker stubs

.v4_bx          0x10007578        0x0
 .v4_bx         0x10007578        0x0 linker stubs

.iplt           0x10007578        0x0
 .iplt          0x10007578        0x0 /usr/lib/gcc/arm-none-eabi/7.3.1/thumb/v6-m/crtbegin.o

.rodata         0x10007578     0x168c
 *(EXCLUDE_FILE(*libm.a: *libc.a:*lib_a-mem*.o *libgcc.a:) .rodata*)
 .rodata.emulate
                0x10007578       0x40 CMakeFiles/pico900.dir/pico900.c.obj
 .rodata.__bi_176.5909
                0x100075b8        0xc CMakeFiles/pico900.dir/pico900.c.obj
 .rodata.emulate.str1.4
                0x100075c4       0x70 CMakeFiles/pico900.dir/pico900.c.obj
 .rodata.emulation_fail.str1.4
                0x10007634       0x16 CMakeFiles/pico900.dir/pico900.c.obj
 *fill*         0x1000764a        0x2 
 .rodata.in_pins
                0x1000764c       0x34 CMakeFiles/pico900.dir/pico900.c.obj
                0x1000764c                in_pins
 .rodata.load_initial_instructions.str1.4
                0x10007680       0x16 CMakeFiles/pico900.dir/pico900.c.obj
 *fill*         0x10007696        0x2 
 .rodata.main.str1.4
                0x10007698       0x11 CMakeFiles/pico900.dir/pico900.c.obj
 *fill*         0x100076a9        0x3 
 .rodata.punch_tape.str1.4
                0x100076ac       0x15 CMakeFiles/pico900.dir/pico900.c.obj
 *fill*         0x100076c1        0x3 
 .rodata.read_tape.str1.4
                0x100076c4       0x16 CMakeFiles/pico900.dir/pico900.c.obj
 *fill*         0x100076da        0x2 
 .rodata.read_tty.str1.4
                0x100076dc       0x16 CMakeFiles/pico900.dir/pico900.c.obj
 *fill*         0x100076f2        0x2 
 .rodata.str1.4
                0x100076f4       0x28 CMakeFiles/pico900.dir/pico900.c.obj
 .rodata.wait_for_ack.str1.4
                0x1000771c       0x1c CMakeFiles/pico900.dir/pico900.c.obj
 .rodata.wait_for_no_ack.str1.4
                0x10007738       0x1c CMakeFiles/pico900.dir/pico900.c.obj
 .rodata.wait_for_power.str1.4
                0x10007754       0x20 CMakeFiles/pico900.dir/pico900.c.obj
 .rodata.write_tty.str1.4
                0x10007774       0x1b CMakeFiles/pico900.dir/pico900.c.obj
 *fill*         0x1000778f        0x1 
 .rodata.spin_lock_claim_unused.str1.4
                0x10007790       0x1b CMakeFiles/pico900.dir/home/ajh2/pico/pico-sdk/src/rp2_common/hardware_sync/sync.c.obj
 *fill*         0x100077ab        0x1 
 .rodata.__func__.5582
                0x100077ac       0x15 CMakeFiles/pico900.dir/home/ajh2/pico/pico-sdk/src/common/pico_time/time.c.obj
 *fill*         0x100077c1        0x3 
 .rodata.__func__.5879
                0x100077c4        0xc CMakeFiles/pico900.dir/home/ajh2/pico/pico-sdk/src/common/pico_time/time.c.obj
 .rodata.__func__.5886
                0x100077d0       0x12 CMakeFiles/pico900.dir/home/ajh2/pico/pico-sdk/src/common/pico_time/time.c.obj
 *fill*         0x100077e2        0x2 
 .rodata.__func__.5902
                0x100077e4        0xf CMakeFiles/pico900.dir/home/ajh2/pico/pico-sdk/src/common/pico_time/time.c.obj
 *fill*         0x100077f3        0x1 
 .rodata.__func__.5924
                0x100077f4        0xd CMakeFiles/pico900.dir/home/ajh2/pico/pico-sdk/src/common/pico_time/time.c.obj
 *fill*         0x10007801        0x3 
 .rodata.__func__.6044
                0x10007804        0xa CMakeFiles/pico900.dir/home/ajh2/pico/pico-sdk/src/common/pico_time/time.c.obj
 *fill*         0x1000780e        0x2 
 .rodata.__func__.6049
                0x10007810       0x12 CMakeFiles/pico900.dir/home/ajh2/pico/pico-sdk/src/common/pico_time/time.c.obj
 *fill*         0x10007822        0x2 
 .rodata.__func__.6064
                0x10007824       0x17 CMakeFiles/pico900.dir/home/ajh2/pico/pico-sdk/src/common/pico_time/time.c.obj
 *fill*         0x1000783b        0x1 
 .rodata.__func__.6075
                0x1000783c       0x15 CMakeFiles/pico900.dir/home/ajh2/pico/pico-sdk/src/common/pico_time/time.c.obj
 *fill*         0x10007851        0x3 
 .rodata.__func__.6092
                0x10007854       0x1a CMakeFiles/pico900.dir/home/ajh2/pico/pico-sdk/src/common/pico_time/time.c.obj
 *fill*         0x1000786e        0x2 
 .rodata.__func__.6131
                0x10007870       0x18 CMakeFiles/pico900.dir/home/ajh2/pico/pico-sdk/src/common/pico_time/time.c.obj
 .rodata.add_alarm_under_lock.str1.4
                0x10007888       0x28 CMakeFiles/pico900.dir/home/ajh2/pico/pico-sdk/src/common/pico_time/time.c.obj
                                 0x2b (size before relaxing)
 .rodata.alarm_pool_alarm_callback.str1.4
                0x100078b0       0xe2 CMakeFiles/pico900.dir/home/ajh2/pico/pico-sdk/src/common/pico_time/time.c.obj
 *fill*         0x10007992        0x2 
 .rodata.alarm_pool_cancel_alarm.str1.4
                0x10007994       0x27 CMakeFiles/pico900.dir/home/ajh2/pico/pico-sdk/src/common/pico_time/time.c.obj
 *fill*         0x100079bb        0x1 
 .rodata.alarm_pool_dump_key.str1.4
                0x100079bc       0x33 CMakeFiles/pico900.dir/home/ajh2/pico/pico-sdk/src/common/pico_time/time.c.obj
 *fill*         0x100079ef        0x1 
 .rodata.alarm_pool_get_default.str1.4
                0x100079f0       0x21 CMakeFiles/pico900.dir/home/ajh2/pico/pico-sdk/src/common/pico_time/time.c.obj
 *fill*         0x10007a11        0x3 
 .rodata.ph_add_child_node.str1.4
                0x10007a14       0x92 CMakeFiles/pico900.dir/home/ajh2/pico/pico-sdk/src/common/pico_time/time.c.obj
 *fill*         0x10007aa6        0x2 
 .rodata.repeating_timer_callback.str1.4
                0x10007aa8       0x49 CMakeFiles/pico900.dir/home/ajh2/pico/pico-sdk/src/common/pico_time/time.c.obj
 *fill*         0x10007af1        0x3 
 .rodata.sleep_until.str1.4
                0x10007af4       0x4d CMakeFiles/pico900.dir/home/ajh2/pico/pico-sdk/src/common/pico_time/time.c.obj
 *fill*         0x10007b41        0x3 
 .rodata.__func__.4496
                0x10007b44       0x1a CMakeFiles/pico900.dir/home/ajh2/pico/pico-sdk/src/rp2_common/hardware_timer/timer.c.obj
 *fill*         0x10007b5e        0x2 
 .rodata.hardware_alarm_claim.str1.4
                0x10007b60       0x22 CMakeFiles/pico900.dir/home/ajh2/pico/pico-sdk/src/rp2_common/hardware_timer/timer.c.obj
 *fill*         0x10007b82        0x2 
 .rodata.hardware_alarm_set_target.str1.4
                0x10007b84       0x63 CMakeFiles/pico900.dir/home/ajh2/pico/pico-sdk/src/rp2_common/hardware_timer/timer.c.obj
 *fill*         0x10007be7        0x1 
 .rodata.__func__.4173
                0x10007be8       0x15 CMakeFiles/pico900.dir/home/ajh2/pico/pico-sdk/src/common/pico_sync/mutex.c.obj
 *fill*         0x10007bfd        0x3 
 .rodata.__func__.4551
                0x10007c00       0x15 CMakeFiles/pico900.dir/home/ajh2/pico/pico-sdk/src/common/pico_sync/mutex.c.obj
 *fill*         0x10007c15        0x3 
 .rodata.__func__.4570
                0x10007c18       0x18 CMakeFiles/pico900.dir/home/ajh2/pico/pico-sdk/src/common/pico_sync/mutex.c.obj
 .rodata.__func__.4579
                0x10007c30        0xb CMakeFiles/pico900.dir/home/ajh2/pico/pico-sdk/src/common/pico_sync/mutex.c.obj
 *fill*         0x10007c3b        0x1 
 .rodata.str1.4
                0x10007c3c       0x5c CMakeFiles/pico900.dir/home/ajh2/pico/pico-sdk/src/common/pico_sync/mutex.c.obj
                                 0xbc (size before relaxing)
 .rodata.__func__.5655
                0x10007c98        0xc CMakeFiles/pico900.dir/home/ajh2/pico/pico-sdk/src/common/pico_util/pheap.c.obj
 .rodata.__func__.5662
                0x10007ca4       0x12 CMakeFiles/pico900.dir/home/ajh2/pico/pico-sdk/src/common/pico_util/pheap.c.obj
 *fill*         0x10007cb6        0x2 
 .rodata.__func__.5748
                0x10007cb8       0x13 CMakeFiles/pico900.dir/home/ajh2/pico/pico-sdk/src/common/pico_util/pheap.c.obj
 *fill*         0x10007ccb        0x1 
 .rodata.__func__.5766
                0x10007ccc       0x18 CMakeFiles/pico900.dir/home/ajh2/pico/pico-sdk/src/common/pico_util/pheap.c.obj
 .rodata.ph_add_child_node.str1.4
                0x10007ce4       0x92 CMakeFiles/pico900.dir/home/ajh2/pico/pico-sdk/src/common/pico_util/pheap.c.obj
 .rodata.ph_remove_and_free_node.str1.4
                0x10007ce4       0x26 CMakeFiles/pico900.dir/home/ajh2/pico/pico-sdk/src/common/pico_util/pheap.c.obj
 *fill*         0x10007d0a        0x2 
 .rodata.ph_remove_any_head.str1.4
                0x10007d0c       0x8c CMakeFiles/pico900.dir/home/ajh2/pico/pico-sdk/src/common/pico_util/pheap.c.obj
 .rodata.__assert_func.str1.4
                0x10007d98       0x3f CMakeFiles/pico900.dir/home/ajh2/pico/pico-sdk/src/rp2_common/pico_runtime/runtime.c.obj
                                 0x43 (size before relaxing)
 *fill*         0x10007dd7        0x1 
 .rodata.panic.str1.4
                0x10007dd8       0x10 CMakeFiles/pico900.dir/home/ajh2/pico/pico-sdk/src/rp2_common/pico_runtime/runtime.c.obj
                                 0x12 (size before relaxing)
 .rodata.__func__.4615
                0x10007de8       0x10 CMakeFiles/pico900.dir/home/ajh2/pico/pico-sdk/src/rp2_common/hardware_clocks/clocks.c.obj
 .rodata.clock_configure.str1.4
                0x10007df8       0x55 CMakeFiles/pico900.dir/home/ajh2/pico/pico-sdk/src/rp2_common/hardware_clocks/clocks.c.obj
 *fill*         0x10007e4d        0x3 
 .rodata.__func__.4345
                0x10007e50        0x9 CMakeFiles/pico900.dir/home/ajh2/pico/pico-sdk/src/rp2_common/hardware_pll/pll.c.obj
 *fill*         0x10007e59        0x3 
 .rodata.pll_init.str1.4
                0x10007e5c       0xd7 CMakeFiles/pico900.dir/home/ajh2/pico/pico-sdk/src/rp2_common/hardware_pll/pll.c.obj
 *fill*         0x10007f33        0x1 
 .rodata.__func__.4455
                0x10007f34       0x1a CMakeFiles/pico900.dir/home/ajh2/pico/pico-sdk/src/rp2_common/hardware_irq/irq.c.obj
 *fill*         0x10007f4e        0x2 
 .rodata.__func__.4469
                0x10007f50        0xc CMakeFiles/pico900.dir/home/ajh2/pico/pico-sdk/src/rp2_common/hardware_irq/irq.c.obj
 .rodata.__func__.4477
                0x10007f5c       0x17 CMakeFiles/pico900.dir/home/ajh2/pico/pico-sdk/src/rp2_common/hardware_irq/irq.c.obj
 *fill*         0x10007f73        0x1 
 .rodata.__func__.4481
                0x10007f74        0xf CMakeFiles/pico900.dir/home/ajh2/pico/pico-sdk/src/rp2_common/hardware_irq/irq.c.obj
 *fill*         0x10007f83        0x1 
 .rodata.__func__.4520
                0x10007f84       0x13 CMakeFiles/pico900.dir/home/ajh2/pico/pico-sdk/src/rp2_common/hardware_irq/irq.c.obj
 *fill*         0x10007f97        0x1 
 .rodata.__func__.4539
                0x10007f98       0x1a CMakeFiles/pico900.dir/home/ajh2/pico/pico-sdk/src/rp2_common/hardware_irq/irq.c.obj
 *fill*         0x10007fb2        0x2 
 .rodata.irq_add_shared_handler.str1.4
                0x10007fb4       0xd9 CMakeFiles/pico900.dir/home/ajh2/pico/pico-sdk/src/rp2_common/hardware_irq/irq.c.obj
 *fill*         0x1000808d        0x3 
 .rodata.irq_add_tail_to_free_list.str1.4
                0x10008090       0x32 CMakeFiles/pico900.dir/home/ajh2/pico/pico-sdk/src/rp2_common/hardware_irq/irq.c.obj
                                 0x3a (size before relaxing)
 *fill*         0x100080c2        0x2 
 .rodata.irq_remove_handler.str1.4
                0x100080c4       0x2a CMakeFiles/pico900.dir/home/ajh2/pico/pico-sdk/src/rp2_common/hardware_irq/irq.c.obj
 *fill*         0x100080ee        0x2 
 .rodata.irq_set_exclusive_handler.str1.4
                0x100080f0       0x36 CMakeFiles/pico900.dir/home/ajh2/pico/pico-sdk/src/rp2_common/hardware_irq/irq.c.obj
 *fill*         0x10008126        0x2 
 .rodata.make_branch.str1.4
                0x10008128       0x4b CMakeFiles/pico900.dir/home/ajh2/pico/pico-sdk/src/rp2_common/hardware_irq/irq.c.obj
 *fill*         0x10008173        0x1 
 .rodata._vsnprintf
                0x10008174      0x1e0 CMakeFiles/pico900.dir/home/ajh2/pico/pico-sdk/src/rp2_common/pico_printf/printf.c.obj
 .rodata._ftoa.str1.4
                0x10008354       0x15 CMakeFiles/pico900.dir/home/ajh2/pico/pico-sdk/src/rp2_common/pico_printf/printf.c.obj
 *fill*         0x10008369        0x7 
 .rodata.pow10.5369
                0x10008370       0x50 CMakeFiles/pico900.dir/home/ajh2/pico/pico-sdk/src/rp2_common/pico_printf/printf.c.obj
 .rodata.__aeabi_double_init.str1.4
                0x100083c0       0xa6 CMakeFiles/pico900.dir/home/ajh2/pico/pico-sdk/src/rp2_common/pico_double/double_init_rom.c.obj
 *fill*         0x10008466        0x2 
 .rodata.__func__.4628
                0x10008468       0x14 CMakeFiles/pico900.dir/home/ajh2/pico/pico-sdk/src/rp2_common/pico_double/double_init_rom.c.obj
 .rodata.__aeabi_float_init.str1.4
                0x1000847c       0x78 CMakeFiles/pico900.dir/home/ajh2/pico/pico-sdk/src/rp2_common/pico_float/float_init_rom.c.obj
                                 0x7c (size before relaxing)
 .rodata.__func__.4630
                0x100084f4       0x13 CMakeFiles/pico900.dir/home/ajh2/pico/pico-sdk/src/rp2_common/pico_float/float_init_rom.c.obj
 *fill*         0x10008507        0x1 
 .rodata.__bi_41
                0x10008508        0xc CMakeFiles/pico900.dir/home/ajh2/pico/pico-sdk/src/rp2_common/pico_standard_link/binary_info.c.obj
 .rodata.__bi_72
                0x10008514        0xc CMakeFiles/pico900.dir/home/ajh2/pico/pico-sdk/src/rp2_common/pico_standard_link/binary_info.c.obj
 .rodata.__bi_78
                0x10008520        0xc CMakeFiles/pico900.dir/home/ajh2/pico/pico-sdk/src/rp2_common/pico_standard_link/binary_info.c.obj
 .rodata.str1.4
                0x1000852c       0x3c CMakeFiles/pico900.dir/home/ajh2/pico/pico-sdk/src/rp2_common/pico_standard_link/binary_info.c.obj
 .rodata.crlf_str.5944
                0x10008568        0x2 CMakeFiles/pico900.dir/home/ajh2/pico/pico-sdk/src/rp2_common/pico_stdio/stdio.c.obj
 *fill*         0x1000856a        0x2 
 .rodata.__bi_28.4666
                0x1000856c        0xc CMakeFiles/pico900.dir/home/ajh2/pico/pico-sdk/src/rp2_common/pico_stdio_uart/stdio_uart.c.obj
 .rodata.__bi_29.4670
                0x10008578        0x8 CMakeFiles/pico900.dir/home/ajh2/pico/pico-sdk/src/rp2_common/pico_stdio_uart/stdio_uart.c.obj
 .rodata.str1.4
                0x10008580       0x2c CMakeFiles/pico900.dir/home/ajh2/pico/pico-sdk/src/rp2_common/pico_stdio_uart/stdio_uart.c.obj
 .rodata._resetd_driver
                0x100085ac       0x1c CMakeFiles/pico900.dir/home/ajh2/pico/pico-sdk/src/rp2_common/pico_stdio_usb/reset_interface.c.obj
 .rodata.__bi_93.6997
                0x100085c8        0xc CMakeFiles/pico900.dir/home/ajh2/pico/pico-sdk/src/rp2_common/pico_stdio_usb/stdio_usb.c.obj
 .rodata.__func__.5371
                0x100085d4       0x15 CMakeFiles/pico900.dir/home/ajh2/pico/pico-sdk/src/rp2_common/pico_stdio_usb/stdio_usb.c.obj
 .rodata.stdio_usb_init.str1.4
                0x100085e9       0x5f CMakeFiles/pico900.dir/home/ajh2/pico/pico-sdk/src/rp2_common/pico_stdio_usb/stdio_usb.c.obj
 *fill*         0x100085e9        0x3 
 .rodata.str1.4
                0x100085ec       0x13 CMakeFiles/pico900.dir/home/ajh2/pico/pico-sdk/src/rp2_common/pico_stdio_usb/stdio_usb.c.obj
 *fill*         0x100085ff        0x1 
 .rodata.str1.4
                0x10008600       0x3a CMakeFiles/pico900.dir/home/ajh2/pico/pico-sdk/src/rp2_common/pico_stdio_usb/stdio_usb_descriptors.c.obj
 *fill*         0x1000863a        0x2 
 .rodata.usbd_desc_cfg
                0x1000863c       0x54 CMakeFiles/pico900.dir/home/ajh2/pico/pico-sdk/src/rp2_common/pico_stdio_usb/stdio_usb_descriptors.c.obj
 .rodata.usbd_desc_device
                0x10008690       0x12 CMakeFiles/pico900.dir/home/ajh2/pico/pico-sdk/src/rp2_common/pico_stdio_usb/stdio_usb_descriptors.c.obj
 *fill*         0x100086a2        0x2 
 .rodata.usbd_desc_str
                0x100086a4       0x18 CMakeFiles/pico900.dir/home/ajh2/pico/pico-sdk/src/rp2_common/pico_stdio_usb/stdio_usb_descriptors.c.obj
 .rodata.__func__.6719
                0x100086bc       0x13 CMakeFiles/pico900.dir/home/ajh2/pico/pico-sdk/lib/tinyusb/src/portable/raspberrypi/rp2040/dcd_rp2040.c.obj
 *fill*         0x100086cf        0x1 
 .rodata.__func__.6750
                0x100086d0       0x16 CMakeFiles/pico900.dir/home/ajh2/pico/pico-sdk/lib/tinyusb/src/portable/raspberrypi/rp2040/dcd_rp2040.c.obj
 *fill*         0x100086e6        0x2 
 .rodata.__func__.6771
                0x100086e8       0x13 CMakeFiles/pico900.dir/home/ajh2/pico/pico-sdk/lib/tinyusb/src/portable/raspberrypi/rp2040/dcd_rp2040.c.obj
 *fill*         0x100086fb        0x1 
 .rodata.__func__.6792
                0x100086fc        0x9 CMakeFiles/pico900.dir/home/ajh2/pico/pico-sdk/lib/tinyusb/src/portable/raspberrypi/rp2040/dcd_rp2040.c.obj
 *fill*         0x10008705        0x3 
 .rodata.__func__.6796
                0x10008708        0xf CMakeFiles/pico900.dir/home/ajh2/pico/pico-sdk/lib/tinyusb/src/portable/raspberrypi/rp2040/dcd_rp2040.c.obj
 *fill*         0x10008717        0x1 
 .rodata.__func__.6805
                0x10008718       0x10 CMakeFiles/pico900.dir/home/ajh2/pico/pico-sdk/lib/tinyusb/src/portable/raspberrypi/rp2040/dcd_rp2040.c.obj
 .rodata.__func__.6817
                0x10008728        0xc CMakeFiles/pico900.dir/home/ajh2/pico/pico-sdk/lib/tinyusb/src/portable/raspberrypi/rp2040/dcd_rp2040.c.obj
 .rodata.__func__.6822
                0x10008734       0x1a CMakeFiles/pico900.dir/home/ajh2/pico/pico-sdk/lib/tinyusb/src/portable/raspberrypi/rp2040/dcd_rp2040.c.obj
 *fill*         0x1000874e        0x2 
 .rodata.__func__.6827
                0x10008750        0xe CMakeFiles/pico900.dir/home/ajh2/pico/pico-sdk/lib/tinyusb/src/portable/raspberrypi/rp2040/dcd_rp2040.c.obj
 *fill*         0x1000875e        0x2 
 .rodata.__func__.6834
                0x10008760        0xe CMakeFiles/pico900.dir/home/ajh2/pico/pico-sdk/lib/tinyusb/src/portable/raspberrypi/rp2040/dcd_rp2040.c.obj
 *fill*         0x1000876e        0x2 
 .rodata.__func__.6839
                0x10008770        0xf CMakeFiles/pico900.dir/home/ajh2/pico/pico-sdk/lib/tinyusb/src/portable/raspberrypi/rp2040/dcd_rp2040.c.obj
 *fill*         0x1000877f        0x1 
 .rodata.__func__.6844
                0x10008780       0x15 CMakeFiles/pico900.dir/home/ajh2/pico/pico-sdk/lib/tinyusb/src/portable/raspberrypi/rp2040/dcd_rp2040.c.obj
 *fill*         0x10008795        0x3 
 .rodata._hw_endpoint_alloc.str1.4
                0x10008798       0xb5 CMakeFiles/pico900.dir/home/ajh2/pico/pico-sdk/lib/tinyusb/src/portable/raspberrypi/rp2040/dcd_rp2040.c.obj
 *fill*         0x1000884d        0x3 
 .rodata._hw_endpoint_init.str1.4
                0x10008850       0x28 CMakeFiles/pico900.dir/home/ajh2/pico/pico-sdk/lib/tinyusb/src/portable/raspberrypi/rp2040/dcd_rp2040.c.obj
 .rodata._hw_endpoint_stall.str1.4
                0x10008878        0xd CMakeFiles/pico900.dir/home/ajh2/pico/pico-sdk/lib/tinyusb/src/portable/raspberrypi/rp2040/dcd_rp2040.c.obj
 *fill*         0x10008885        0x3 
 .rodata.dcd_int_enable.str1.4
                0x10008888        0xc CMakeFiles/pico900.dir/home/ajh2/pico/pico-sdk/lib/tinyusb/src/portable/raspberrypi/rp2040/dcd_rp2040.c.obj
 .rodata.dcd_rp2040_irq.str1.4
                0x10008894       0x14 CMakeFiles/pico900.dir/home/ajh2/pico/pico-sdk/lib/tinyusb/src/portable/raspberrypi/rp2040/dcd_rp2040.c.obj
 .rodata.hw_handle_buff_status.str1.4
                0x100088a8        0xb CMakeFiles/pico900.dir/home/ajh2/pico/pico-sdk/lib/tinyusb/src/portable/raspberrypi/rp2040/dcd_rp2040.c.obj
 *fill*         0x100088b3        0x1 
 .rodata.__func__.6593
                0x100088b4       0x17 CMakeFiles/pico900.dir/home/ajh2/pico/pico-sdk/lib/tinyusb/src/portable/raspberrypi/rp2040/rp2040_usb.c.obj
 *fill*         0x100088cb        0x1 
 .rodata.__func__.6604
                0x100088cc       0x12 CMakeFiles/pico900.dir/home/ajh2/pico/pico-sdk/lib/tinyusb/src/portable/raspberrypi/rp2040/rp2040_usb.c.obj
 *fill*         0x100088de        0x2 
 .rodata._hw_endpoint_buffer_control_update32.str1.4
                0x100088e0       0x1f CMakeFiles/pico900.dir/home/ajh2/pico/pico-sdk/lib/tinyusb/src/portable/raspberrypi/rp2040/rp2040_usb.c.obj
 *fill*         0x100088ff        0x1 
 .rodata._hw_endpoint_xfer.str1.4
                0x10008900        0xf CMakeFiles/pico900.dir/home/ajh2/pico/pico-sdk/lib/tinyusb/src/portable/raspberrypi/rp2040/rp2040_usb.c.obj
 *fill*         0x1000890f        0x1 
 .rodata._hw_endpoint_xfer_continue.str1.4
                0x10008910       0x50 CMakeFiles/pico900.dir/home/ajh2/pico/pico-sdk/lib/tinyusb/src/portable/raspberrypi/rp2040/rp2040_usb.c.obj
 .rodata._hw_endpoint_xfer_sync.str1.4
                0x10008960       0x91 CMakeFiles/pico900.dir/home/ajh2/pico/pico-sdk/lib/tinyusb/src/portable/raspberrypi/rp2040/rp2040_usb.c.obj
 .rodata.str1.4
                0x100089f1       0x91 CMakeFiles/pico900.dir/home/ajh2/pico/pico-sdk/lib/tinyusb/src/portable/raspberrypi/rp2040/rp2040_usb.c.obj
                                  0x7 (size before relaxing)
 *fill*         0x100089f1        0x3 
 .rodata.process_get_descriptor
                0x100089f4       0x40 CMakeFiles/pico900.dir/home/ajh2/pico/pico-sdk/lib/tinyusb/src/device/usbd.c.obj
 .rodata.process_control_request
                0x10008a34       0x28 CMakeFiles/pico900.dir/home/ajh2/pico/pico-sdk/lib/tinyusb/src/device/usbd.c.obj
 .rodata.tud_task
                0x10008a5c       0x24 CMakeFiles/pico900.dir/home/ajh2/pico/pico-sdk/lib/tinyusb/src/device/usbd.c.obj
 .rodata.__func__.6354
                0x10008a80       0x13 CMakeFiles/pico900.dir/home/ajh2/pico/pico-sdk/lib/tinyusb/src/device/usbd.c.obj
 *fill*         0x10008a93        0x1 
 .rodata.__func__.6361
                0x10008a94       0x10 CMakeFiles/pico900.dir/home/ajh2/pico/pico-sdk/lib/tinyusb/src/device/usbd.c.obj
 .rodata.__func__.7131
                0x10008aa4        0x9 CMakeFiles/pico900.dir/home/ajh2/pico/pico-sdk/lib/tinyusb/src/device/usbd.c.obj
 *fill*         0x10008aad        0x3 
 .rodata.__func__.7152
                0x10008ab0       0x18 CMakeFiles/pico900.dir/home/ajh2/pico/pico-sdk/lib/tinyusb/src/device/usbd.c.obj
 .rodata.__func__.7191
                0x10008ac8       0x13 CMakeFiles/pico900.dir/home/ajh2/pico/pico-sdk/lib/tinyusb/src/device/usbd.c.obj
 *fill*         0x10008adb        0x1 
 .rodata.__func__.7234
                0x10008adc       0x17 CMakeFiles/pico900.dir/home/ajh2/pico/pico-sdk/lib/tinyusb/src/device/usbd.c.obj
 *fill*         0x10008af3        0x1 
 .rodata.__func__.7288
                0x10008af4       0x14 CMakeFiles/pico900.dir/home/ajh2/pico/pico-sdk/lib/tinyusb/src/device/usbd.c.obj
 .rodata.__func__.7324
                0x10008b08        0xf CMakeFiles/pico900.dir/home/ajh2/pico/pico-sdk/lib/tinyusb/src/device/usbd.c.obj
 *fill*         0x10008b17        0x1 
 .rodata._usbd_driver
                0x10008b18       0x1c CMakeFiles/pico900.dir/home/ajh2/pico/pico-sdk/lib/tinyusb/src/device/usbd.c.obj
 .rodata.dcd_event_handler.str1.4
                0x10008b34       0x4a CMakeFiles/pico900.dir/home/ajh2/pico/pico-sdk/lib/tinyusb/src/device/usbd.c.obj
 *fill*         0x10008b7e        0x2 
 .rodata.process_set_config.str1.4
                0x10008b80       0x18 CMakeFiles/pico900.dir/home/ajh2/pico/pico-sdk/lib/tinyusb/src/device/usbd.c.obj
                                 0x17 (size before relaxing)
 .rodata.__func__.7051
                0x10008b98       0x11 CMakeFiles/pico900.dir/home/ajh2/pico/pico-sdk/lib/tinyusb/src/device/usbd_control.c.obj
 *fill*         0x10008ba9        0x3 
 .rodata.__func__.7069
                0x10008bac       0x15 CMakeFiles/pico900.dir/home/ajh2/pico/pico-sdk/lib/tinyusb/src/device/usbd_control.c.obj
 .rodata.tud_control_xfer.str1.4
                0x10008bc1       0x17 CMakeFiles/pico900.dir/home/ajh2/pico/pico-sdk/lib/tinyusb/src/device/usbd_control.c.obj
 *fill*         0x10008bc1        0x3 
 .rodata.__func__.6994
                0x10008bc4       0x16 CMakeFiles/pico900.dir/home/ajh2/pico/pico-sdk/lib/tinyusb/src/class/cdc/cdc_device.c.obj
 *fill*         0x10008bda        0x2 
 .rodata.__func__.7023
                0x10008bdc        0xa CMakeFiles/pico900.dir/home/ajh2/pico/pico-sdk/lib/tinyusb/src/class/cdc/cdc_device.c.obj
 *fill*         0x10008be6        0x2 
 .rodata.__func__.7063
                0x10008be8        0xd CMakeFiles/pico900.dir/home/ajh2/pico/pico-sdk/lib/tinyusb/src/class/cdc/cdc_device.c.obj
 .rodata.tud_cdc_n_write_flush.str1.4
                0x10008bf5       0x17 CMakeFiles/pico900.dir/home/ajh2/pico/pico-sdk/lib/tinyusb/src/class/cdc/cdc_device.c.obj
 *fill*         0x10008bf5        0x3 
 .rodata.__func__.6931
                0x10008bf8        0xa CMakeFiles/pico900.dir/home/ajh2/pico/pico-sdk/lib/tinyusb/src/tusb.c.obj
 .rodata.tusb_init.str1.4
                0x10008c02       0x17 CMakeFiles/pico900.dir/home/ajh2/pico/pico-sdk/lib/tinyusb/src/tusb.c.obj
                0x10008c1c                . = ALIGN (0x4)
 *fill*         0x10008c02        0x2 
 *(SORT_BY_ALIGNMENT(SORT_BY_NAME(.flashdata*)))
                0x10008c04                . = ALIGN (0x4)

.rel.dyn        0x10008c04        0x0
 .rel.iplt      0x10008c04        0x0 /usr/lib/gcc/arm-none-eabi/7.3.1/thumb/v6-m/crtbegin.o

.ARM.extab
 *(.ARM.extab* .gnu.linkonce.armextab.*)
                0x10008c04                __exidx_start = .

.ARM.exidx
 *(.ARM.exidx* .gnu.linkonce.armexidx.*)
                0x10008c04                __exidx_end = .
                0x10008c04                . = ALIGN (0x4)
                0x10008c04                __binary_info_start = .

.binary_info    0x10008c04       0x2c
 *(.binary_info.keep.*)
 .binary_info.keep.__bi_ptr176
                0x10008c04        0x4 CMakeFiles/pico900.dir/pico900.c.obj
 .binary_info.keep.__bi_ptr19
                0x10008c08        0x4 CMakeFiles/pico900.dir/home/ajh2/pico/pico-sdk/src/rp2_common/pico_standard_link/binary_info.c.obj
 .binary_info.keep.__bi_ptr27
                0x10008c0c        0x4 CMakeFiles/pico900.dir/home/ajh2/pico/pico-sdk/src/rp2_common/pico_standard_link/binary_info.c.obj
 .binary_info.keep.__bi_ptr35
                0x10008c10        0x4 CMakeFiles/pico900.dir/home/ajh2/pico/pico-sdk/src/rp2_common/pico_standard_link/binary_info.c.obj
 .binary_info.keep.__bi_ptr41
                0x10008c14        0x4 CMakeFiles/pico900.dir/home/ajh2/pico/pico-sdk/src/rp2_common/pico_standard_link/binary_info.c.obj
 .binary_info.keep.__bi_ptr47
                0x10008c18        0x4 CMakeFiles/pico900.dir/home/ajh2/pico/pico-sdk/src/rp2_common/pico_standard_link/binary_info.c.obj
 .binary_info.keep.__bi_ptr72
                0x10008c1c        0x4 CMakeFiles/pico900.dir/home/ajh2/pico/pico-sdk/src/rp2_common/pico_standard_link/binary_info.c.obj
 .binary_info.keep.__bi_ptr78
                0x10008c20        0x4 CMakeFiles/pico900.dir/home/ajh2/pico/pico-sdk/src/rp2_common/pico_standard_link/binary_info.c.obj
 *(.binary_info.*)
 .binary_info.__bi_ptr28
                0x10008c24        0x4 CMakeFiles/pico900.dir/home/ajh2/pico/pico-sdk/src/rp2_common/pico_stdio_uart/stdio_uart.c.obj
 .binary_info.__bi_ptr29
                0x10008c28        0x4 CMakeFiles/pico900.dir/home/ajh2/pico/pico-sdk/src/rp2_common/pico_stdio_uart/stdio_uart.c.obj
 .binary_info.__bi_ptr93
                0x10008c2c        0x4 CMakeFiles/pico900.dir/home/ajh2/pico/pico-sdk/src/rp2_common/pico_stdio_usb/stdio_usb.c.obj
                0x10008c30                __binary_info_end = .
                0x10008c30                . = ALIGN (0x4)
                0x10008c30                __etext = .

.ram_vector_table
                0x20000000       0xc0
 *(.ram_vector_table)
 .ram_vector_table
                0x20000000       0xc0 CMakeFiles/pico900.dir/home/ajh2/pico/pico-sdk/src/rp2_common/pico_runtime/runtime.c.obj
                0x20000000                ram_vector_table

.data           0x200000c0      0x33c load address 0x10008c30
                0x200000c0                __data_start__ = .
 *(vtable)
 *(.time_critical*)
 .time_critical.mutex_enter_blocking
                0x200000c0       0x64 CMakeFiles/pico900.dir/home/ajh2/pico/pico-sdk/src/common/pico_sync/mutex.c.obj
                0x200000c0                mutex_enter_blocking
 .time_critical.mutex_try_enter
                0x20000124       0x48 CMakeFiles/pico900.dir/home/ajh2/pico/pico-sdk/src/common/pico_sync/mutex.c.obj
                0x20000124                mutex_try_enter
 .time_critical.mutex_enter_block_until
                0x2000016c       0x7c CMakeFiles/pico900.dir/home/ajh2/pico/pico-sdk/src/common/pico_sync/mutex.c.obj
                0x2000016c                mutex_enter_block_until
 .time_critical.mutex_enter_timeout_ms
                0x200001e8       0x6c CMakeFiles/pico900.dir/home/ajh2/pico/pico-sdk/src/common/pico_sync/mutex.c.obj
                0x200001e8                mutex_enter_timeout_ms
 .time_critical.mutex_exit
                0x20000254       0x4c CMakeFiles/pico900.dir/home/ajh2/pico/pico-sdk/src/common/pico_sync/mutex.c.obj
                0x20000254                mutex_exit
 *(.text*)
 .text          0x200002a0        0x4 /usr/lib/gcc/arm-none-eabi/7.3.1/thumb/v6-m/libgcc.a(_dvmd_tls.o)
                0x200002a0                __aeabi_ldiv0
                0x200002a0                __aeabi_idiv0
 *fill*         0x200002a4        0x4 
 .text.__stub   0x200002a8       0x40 linker stubs
                0x200002e8                . = ALIGN (0x4)
 *(.rodata*)
                0x200002e8                . = ALIGN (0x4)
 *(.data*)
 .data.b_reg.5918
                0x200002e8        0x4 CMakeFiles/pico900.dir/pico900.c.obj
 .data.level.5920
                0x200002ec        0x4 CMakeFiles/pico900.dir/pico900.c.obj
 .data.striped_spin_lock_num
                0x200002f0        0x1 CMakeFiles/pico900.dir/home/ajh2/pico/pico-sdk/src/rp2_common/hardware_sync/sync.c.obj
 *fill*         0x200002f1        0x3 
 .data.default_alarm_pool
                0x200002f4       0x18 CMakeFiles/pico900.dir/home/ajh2/pico/pico-sdk/src/common/pico_time/time.c.obj
 .data.default_alarm_pool_heap
                0x2000030c       0x10 CMakeFiles/pico900.dir/home/ajh2/pico/pico-sdk/src/common/pico_time/time.c.obj
 .data          0x2000031c       0x48 CMakeFiles/pico900.dir/home/ajh2/pico/pico-sdk/src/rp2_common/hardware_irq/irq_handler_chain.S.obj
                0x2000031c                irq_handler_chain_slots
                0x2000034c                irq_handler_chain_first_slot
                0x20000356                irq_handler_chain_remove_tail
 *fill*         0x20000364        0xc 
 .data.aeabi_bits_funcs
                0x20000370       0x10 CMakeFiles/pico900.dir/home/ajh2/pico/pico-sdk/src/rp2_common/pico_bit_ops/bit_ops_aeabi.S.obj
                0x20000370                aeabi_bits_funcs
                0x20000380                aeabi_bits_funcs_end
 .data.aeabi_mem_funcs
                0x20000380       0x10 CMakeFiles/pico900.dir/home/ajh2/pico/pico-sdk/src/rp2_common/pico_mem_ops/mem_ops_aeabi.S.obj
                0x20000380                aeabi_mem_funcs
                0x20000390                aeabi_mem_funcs_end
 .data.stdio_uart
                0x20000390       0x14 CMakeFiles/pico900.dir/home/ajh2/pico/pico-sdk/src/rp2_common/pico_stdio_uart/stdio_uart.c.obj
                0x20000390                stdio_uart
 .data.stdio_usb
                0x200003a4       0x14 CMakeFiles/pico900.dir/home/ajh2/pico/pico-sdk/src/rp2_common/pico_stdio_usb/stdio_usb.c.obj
                0x200003a4                stdio_usb
 .data.ep_dir_string
                0x200003b8        0x8 CMakeFiles/pico900.dir/home/ajh2/pico/pico-sdk/lib/tinyusb/src/portable/raspberrypi/rp2040/rp2040_usb.c.obj
                0x200003b8                ep_dir_string
 .data._usbd_qdef
                0x200003c0       0x20 CMakeFiles/pico900.dir/home/ajh2/pico/pico-sdk/lib/tinyusb/src/device/usbd.c.obj
                0x200003c0                _usbd_qdef
                0x200003e0                . = ALIGN (0x4)
 *(.after_data.*)
                0x200003e0                . = ALIGN (0x4)
                0x200003e0                PROVIDE (__mutex_array_start = .)
 *(SORT_BY_NAME(.mutex_array.*))
 *(.mutex_array)
 .mutex_array   0x200003e0        0x8 CMakeFiles/pico900.dir/home/ajh2/pico/pico-sdk/src/rp2_common/pico_stdio/stdio.c.obj
                0x200003e8                PROVIDE (__mutex_array_end = .)
                0x200003e8                . = ALIGN (0x4)
                0x200003e8                PROVIDE (__preinit_array_start = .)
 *(SORT_BY_NAME(.preinit_array.*))
 .preinit_array.00001
                0x200003e8        0x4 CMakeFiles/pico900.dir/home/ajh2/pico/pico-sdk/src/rp2_common/pico_mem_ops/mem_ops_aeabi.S.obj
 .preinit_array.00010
                0x200003ec        0x4 CMakeFiles/pico900.dir/home/ajh2/pico/pico-sdk/src/rp2_common/pico_bit_ops/bit_ops_aeabi.S.obj
 .preinit_array.00020
                0x200003f0        0x4 CMakeFiles/pico900.dir/home/ajh2/pico/pico-sdk/src/rp2_common/pico_double/double_aeabi.S.obj
 .preinit_array.00020
                0x200003f4        0x4 CMakeFiles/pico900.dir/home/ajh2/pico/pico-sdk/src/rp2_common/pico_float/float_aeabi.S.obj
 *(.preinit_array)
                0x200003f8                PROVIDE (__preinit_array_end = .)
                0x200003f8                . = ALIGN (0x4)
                0x200003f8                PROVIDE (__init_array_start = .)
 *(SORT_BY_NAME(.init_array.*))
 *(.init_array)
 .init_array    0x200003f8        0x4 /usr/lib/gcc/arm-none-eabi/7.3.1/thumb/v6-m/crtbegin.o
                0x200003fc                PROVIDE (__init_array_end = .)
                0x200003fc                . = ALIGN (0x4)
                0x200003fc                PROVIDE (__fini_array_start = .)
 *(SORT_BY_NAME(.fini_array.*))
 *(.fini_array)
                0x200003fc                PROVIDE (__fini_array_end = .)
 *(.jcr)
                0x200003fc                . = ALIGN (0x4)
                0x200003fc                __data_end__ = .

.tm_clone_table
                0x200003fc        0x0 load address 0x10008f6c
 .tm_clone_table
                0x200003fc        0x0 /usr/lib/gcc/arm-none-eabi/7.3.1/thumb/v6-m/crtbegin.o
 .tm_clone_table
                0x200003fc        0x0 /usr/lib/gcc/arm-none-eabi/7.3.1/thumb/v6-m/crtend.o

.igot.plt       0x200003fc        0x0 load address 0x10008f6c
 .igot.plt      0x200003fc        0x0 /usr/lib/gcc/arm-none-eabi/7.3.1/thumb/v6-m/crtbegin.o

.uninitialized_data
                0x200003fc        0x0 load address 0x10008f6c
                0x200003fc                . = ALIGN (0x4)
 *(.uninitialized_data*)

.scratch_x      0x20040000        0x0 load address 0x10008f6c
                0x20040000                __scratch_x_start__ = .
 *(.scratch_x.*)
                0x20040000                . = ALIGN (0x4)
                0x20040000                __scratch_x_end__ = .
                0x10008f6c                __scratch_x_source__ = LOADADDR (.scratch_x)

.scratch_y      0x20041000        0x0 load address 0x10008f6c
                0x20041000                __scratch_y_start__ = .
 *(.scratch_y.*)
                0x20041000                . = ALIGN (0x4)
                0x20041000                __scratch_y_end__ = .
                0x10008f6c                __scratch_y_source__ = LOADADDR (.scratch_y)

.bss            0x20000400     0x8ee8
                0x20000400                . = ALIGN (0x4)
                0x20000400                __bss_start__ = .
 *(SORT_BY_ALIGNMENT(SORT_BY_NAME(.bss*)))
 .bss.default_alarm_pool_entries
                0x20000400      0x100 CMakeFiles/pico900.dir/home/ajh2/pico/pico-sdk/src/common/pico_time/time.c.obj
 .bss.last_avail_time.6976
                0x20000500        0x8 CMakeFiles/pico900.dir/home/ajh2/pico/pico-sdk/src/rp2_common/pico_stdio_usb/stdio_usb.c.obj
 .bss           0x20000508       0x1c /usr/lib/gcc/arm-none-eabi/7.3.1/thumb/v6-m/crtbegin.o
 .bss._app_driver
                0x20000524        0x4 CMakeFiles/pico900.dir/home/ajh2/pico/pico-sdk/lib/tinyusb/src/device/usbd.c.obj
 .bss._cdcd_itf
                0x20000528      0x2d0 CMakeFiles/pico900.dir/home/ajh2/pico/pico-sdk/lib/tinyusb/src/class/cdc/cdc_device.c.obj
 .bss._ctrl_xfer
                0x200007f8       0x14 CMakeFiles/pico900.dir/home/ajh2/pico/pico-sdk/lib/tinyusb/src/device/usbd_control.c.obj
 .bss._ubsd_mutexdef